Archive member included to satisfy reference by file (symbol)

C:/ST/STM32CubeIDE_2.1.1/STM32CubeIDE/plugins/com.st.stm32cube.ide.mcu.externaltools.gnu-tools-for-stm32.14.3.rel1.win32_1.0.100.202602081740/tools/bin/../lib/gcc/arm-none-eabi/14.3.1/../../../../arm-none-eabi/lib/thumb/v8-m.main+fp/hard\libc_nano.a(libc_a-exit.o)
                              C:/ST/STM32CubeIDE_2.1.1/STM32CubeIDE/plugins/com.st.stm32cube.ide.mcu.externaltools.gnu-tools-for-stm32.14.3.rel1.win32_1.0.100.202602081740/tools/bin/../lib/gcc/arm-none-eabi/14.3.1/../../../../arm-none-eabi/lib/thumb/v8-m.main+fp/hard/crt0.o (exit)
C:/ST/STM32CubeIDE_2.1.1/STM32CubeIDE/plugins/com.st.stm32cube.ide.mcu.externaltools.gnu-tools-for-stm32.14.3.rel1.win32_1.0.100.202602081740/tools/bin/../lib/gcc/arm-none-eabi/14.3.1/../../../../arm-none-eabi/lib/thumb/v8-m.main+fp/hard\libc_nano.a(libc_a-findfp.o)
                              C:/ST/STM32CubeIDE_2.1.1/STM32CubeIDE/plugins/com.st.stm32cube.ide.mcu.externaltools.gnu-tools-for-stm32.14.3.rel1.win32_1.0.100.202602081740/tools/bin/../lib/gcc/arm-none-eabi/14.3.1/../../../../arm-none-eabi/lib/thumb/v8-m.main+fp/hard\libc_nano.a(libc_a-exit.o) (__stdio_exit_handler)
C:/ST/STM32CubeIDE_2.1.1/STM32CubeIDE/plugins/com.st.stm32cube.ide.mcu.externaltools.gnu-tools-for-stm32.14.3.rel1.win32_1.0.100.202602081740/tools/bin/../lib/gcc/arm-none-eabi/14.3.1/../../../../arm-none-eabi/lib/thumb/v8-m.main+fp/hard\libc_nano.a(libc_a-fwalk.o)
                              C:/ST/STM32CubeIDE_2.1.1/STM32CubeIDE/plugins/com.st.stm32cube.ide.mcu.externaltools.gnu-tools-for-stm32.14.3.rel1.win32_1.0.100.202602081740/tools/bin/../lib/gcc/arm-none-eabi/14.3.1/../../../../arm-none-eabi/lib/thumb/v8-m.main+fp/hard\libc_nano.a(libc_a-findfp.o) (_fwalk_sglue)
C:/ST/STM32CubeIDE_2.1.1/STM32CubeIDE/plugins/com.st.stm32cube.ide.mcu.externaltools.gnu-tools-for-stm32.14.3.rel1.win32_1.0.100.202602081740/tools/bin/../lib/gcc/arm-none-eabi/14.3.1/../../../../arm-none-eabi/lib/thumb/v8-m.main+fp/hard\libc_nano.a(libc_a-stdio.o)
                              C:/ST/STM32CubeIDE_2.1.1/STM32CubeIDE/plugins/com.st.stm32cube.ide.mcu.externaltools.gnu-tools-for-stm32.14.3.rel1.win32_1.0.100.202602081740/tools/bin/../lib/gcc/arm-none-eabi/14.3.1/../../../../arm-none-eabi/lib/thumb/v8-m.main+fp/hard\libc_nano.a(libc_a-findfp.o) (__sread)
C:/ST/STM32CubeIDE_2.1.1/STM32CubeIDE/plugins/com.st.stm32cube.ide.mcu.externaltools.gnu-tools-for-stm32.14.3.rel1.win32_1.0.100.202602081740/tools/bin/../lib/gcc/arm-none-eabi/14.3.1/../../../../arm-none-eabi/lib/thumb/v8-m.main+fp/hard\libc_nano.a(libc_a-memset.o)
                              C:/ST/STM32CubeIDE_2.1.1/STM32CubeIDE/plugins/com.st.stm32cube.ide.mcu.externaltools.gnu-tools-for-stm32.14.3.rel1.win32_1.0.100.202602081740/tools/bin/../lib/gcc/arm-none-eabi/14.3.1/../../../../arm-none-eabi/lib/thumb/v8-m.main+fp/hard/crt0.o (memset)
C:/ST/STM32CubeIDE_2.1.1/STM32CubeIDE/plugins/com.st.stm32cube.ide.mcu.externaltools.gnu-tools-for-stm32.14.3.rel1.win32_1.0.100.202602081740/tools/bin/../lib/gcc/arm-none-eabi/14.3.1/../../../../arm-none-eabi/lib/thumb/v8-m.main+fp/hard\libc_nano.a(libc_a-closer.o)
                              C:/ST/STM32CubeIDE_2.1.1/STM32CubeIDE/plugins/com.st.stm32cube.ide.mcu.externaltools.gnu-tools-for-stm32.14.3.rel1.win32_1.0.100.202602081740/tools/bin/../lib/gcc/arm-none-eabi/14.3.1/../../../../arm-none-eabi/lib/thumb/v8-m.main+fp/hard\libc_nano.a(libc_a-stdio.o) (_close_r)
C:/ST/STM32CubeIDE_2.1.1/STM32CubeIDE/plugins/com.st.stm32cube.ide.mcu.externaltools.gnu-tools-for-stm32.14.3.rel1.win32_1.0.100.202602081740/tools/bin/../lib/gcc/arm-none-eabi/14.3.1/../../../../arm-none-eabi/lib/thumb/v8-m.main+fp/hard\libc_nano.a(libc_a-reent.o)
                              C:/ST/STM32CubeIDE_2.1.1/STM32CubeIDE/plugins/com.st.stm32cube.ide.mcu.externaltools.gnu-tools-for-stm32.14.3.rel1.win32_1.0.100.202602081740/tools/bin/../lib/gcc/arm-none-eabi/14.3.1/../../../../arm-none-eabi/lib/thumb/v8-m.main+fp/hard\libc_nano.a(libc_a-closer.o) (errno)
C:/ST/STM32CubeIDE_2.1.1/STM32CubeIDE/plugins/com.st.stm32cube.ide.mcu.externaltools.gnu-tools-for-stm32.14.3.rel1.win32_1.0.100.202602081740/tools/bin/../lib/gcc/arm-none-eabi/14.3.1/../../../../arm-none-eabi/lib/thumb/v8-m.main+fp/hard\libc_nano.a(libc_a-impure.o)
                              C:/ST/STM32CubeIDE_2.1.1/STM32CubeIDE/plugins/com.st.stm32cube.ide.mcu.externaltools.gnu-tools-for-stm32.14.3.rel1.win32_1.0.100.202602081740/tools/bin/../lib/gcc/arm-none-eabi/14.3.1/../../../../arm-none-eabi/lib/thumb/v8-m.main+fp/hard\libc_nano.a(libc_a-reent.o) (_impure_ptr)
C:/ST/STM32CubeIDE_2.1.1/STM32CubeIDE/plugins/com.st.stm32cube.ide.mcu.externaltools.gnu-tools-for-stm32.14.3.rel1.win32_1.0.100.202602081740/tools/bin/../lib/gcc/arm-none-eabi/14.3.1/../../../../arm-none-eabi/lib/thumb/v8-m.main+fp/hard\libc_nano.a(libc_a-lseekr.o)
[...]
Memory Configuration

Name             Origin             Length             Attributes
ROM              0x08000000         0x00040000         xr
RAM              0x20000000         0x00010000         xrw
*default*        0x00000000         0xffffffff

Linker script and memory map

LOAD C:/ST/STM32CubeIDE_2.1.1/STM32CubeIDE/plugins/com.st.stm32cube.ide.mcu.externaltools.gnu-tools-for-stm32.14.3.rel1.win32_1.0.100.202602081740/tools/bin/../lib/gcc/arm-none-eabi/14.3.1/thumb/v8-m.main+fp/hard/crti.o
LOAD C:/ST/STM32CubeIDE_2.1.1/STM32CubeIDE/plugins/com.st.stm32cube.ide.mcu.externaltools.gnu-tools-for-stm32.14.3.rel1.win32_1.0.100.202602081740/tools/bin/../lib/gcc/arm-none-eabi/14.3.1/thumb/v8-m.main+fp/hard/crtbegin.o
LOAD C:/ST/STM32CubeIDE_2.1.1/STM32CubeIDE/plugins/com.st.stm32cube.ide.mcu.externaltools.gnu-tools-for-stm32.14.3.rel1.win32_1.0.100.202602081740/tools/bin/../lib/gcc/arm-none-eabi/14.3.1/../../../../arm-none-eabi/lib/thumb/v8-m.main+fp/hard/crt0.o
START GROUP
LOAD C:/ST/STM32CubeIDE_2.1.1/STM32CubeIDE/plugins/com.st.stm32cube.ide.mcu.externaltools.gnu-tools-for-stm32.14.3.rel1.win32_1.0.100.202602081740/tools/bin/../lib/gcc/arm-none-eabi/14.3.1/../../../../arm-none-eabi/lib/thumb/v8-m.main+fp/hard\libc_nano.a
LOAD C:/ST/STM32CubeIDE_2.1.1/STM32CubeIDE/plugins/com.st.stm32cube.ide.mcu.externaltools.gnu-tools-for-stm32.14.3.rel1.win32_1.0.100.202602081740/tools/bin/../lib/gcc/arm-none-eabi/14.3.1/../../../../arm-none-eabi/lib/thumb/v8-m.main+fp/hard\libm.a
END GROUP
LOAD CMakeFiles/STM32C542R_Project2.dir/main.c.obj
LOAD CMakeFiles/STM32C542R_Project2.dir/generated/hal/mx_cortex_mpu.c.obj
LOAD CMakeFiles/STM32C542R_Project2.dir/generated/hal/mx_cortex_nvic.c.obj
LOAD CMakeFiles/STM32C542R_Project2.dir/generated/hal/mx_gpio_default.c.obj
LOAD CMakeFiles/STM32C542R_Project2.dir/generated/hal/mx_icache.c.obj
LOAD CMakeFiles/STM32C542R_Project2.dir/generated/hal/mx_rcc.c.obj
LOAD CMakeFiles/STM32C542R_Project2.dir/generated/hal/mx_system.c.obj
LOAD CMakeFiles/STM32C542R_Project2.dir/user_modifiable/Device/STM32C542RCT6/system_stm32c5xx.c.obj
LOAD CMakeFiles/STM32C542R_Project2.dir/user_modifiable/Device/STM32C542RCT6/startup_stm32c542xx.c.obj
LOAD CMakeFiles/STM32C542R_Project2.dir/stm32c5xx_drivers/hal/stm32c5xx_hal.c.obj
LOAD CMakeFiles/STM32C542R_Project2.dir/stm32c5xx_drivers/hal/stm32c5xx_hal_cortex.c.obj
LOAD CMakeFiles/STM32C542R_Project2.dir/stm32c5xx_drivers/hal/stm32c5xx_hal_flash_itf.c.obj
LOAD CMakeFiles/STM32C542R_Project2.dir/stm32c5xx_drivers/hal/stm32c5xx_hal_gpio.c.obj
LOAD CMakeFiles/STM32C542R_Project2.dir/stm32c5xx_drivers/hal/stm32c5xx_hal_icache.c.obj
LOAD CMakeFiles/STM32C542R_Project2.dir/stm32c5xx_drivers/hal/stm32c5xx_hal_pwr.c.obj
LOAD CMakeFiles/STM32C542R_Project2.dir/stm32c5xx_drivers/hal/stm32c5xx_hal_rcc.c.obj
LOAD CMakeFiles/STM32C542R_Project2.dir/utilities/syscalls/syscalls.c.obj
LOAD CMakeFiles/STM32C542R_Project2.dir/utilities/syscalls/sysmem.c.obj
START GROUP
LOAD C:/ST/STM32CubeIDE_2.1.1/STM32CubeIDE/plugins/com.st.stm32cube.ide.mcu.externaltools.gnu-tools-for-stm32.14.3.rel1.win32_1.0.100.202602081740/tools/bin/../lib/gcc/arm-none-eabi/14.3.1/thumb/v8-m.main+fp/hard\libgcc.a
LOAD C:/ST/STM32CubeIDE_2.1.1/STM32CubeIDE/plugins/com.st.stm32cube.ide.mcu.externaltools.gnu-tools-for-stm32.14.3.rel1.win32_1.0.100.202602081740/tools/bin/../lib/gcc/arm-none-eabi/14.3.1/../../../../arm-none-eabi/lib/thumb/v8-m.main+fp/hard\libc_nano.a
END GROUP
START GROUP
LOAD C:/ST/STM32CubeIDE_2.1.1/STM32CubeIDE/plugins/com.st.stm32cube.ide.mcu.externaltools.gnu-tools-for-stm32.14.3.rel1.win32_1.0.100.202602081740/tools/bin/../lib/gcc/arm-none-eabi/14.3.1/thumb/v8-m.main+fp/hard\libgcc.a
LOAD C:/ST/STM32CubeIDE_2.1.1/STM32CubeIDE/plugins/com.st.stm32cube.ide.mcu.externaltools.gnu-tools-for-stm32.14.3.rel1.win32_1.0.100.202602081740/tools/bin/../lib/gcc/arm-none-eabi/14.3.1/../../../../arm-none-eabi/lib/thumb/v8-m.main+fp/hard\libc_nano.a
LOAD C:/ST/STM32CubeIDE_2.1.1/STM32CubeIDE/plugins/com.st.stm32cube.ide.mcu.externaltools.gnu-tools-for-stm32.14.3.rel1.win32_1.0.100.202602081740/tools/bin/../lib/gcc/arm-none-eabi/14.3.1/../../../../arm-none-eabi/lib/thumb/v8-m.main+fp/hard\libnosys.a
END GROUP
START GROUP
LOAD C:/ST/STM32CubeIDE_2.1.1/STM32CubeIDE/plugins/com.st.stm32cube.ide.mcu.externaltools.gnu-tools-for-stm32.14.3.rel1.win32_1.0.100.202602081740/tools/bin/../lib/gcc/arm-none-eabi/14.3.1/thumb/v8-m.main+fp/hard\libgcc.a
LOAD C:/ST/STM32CubeIDE_2.1.1/STM32CubeIDE/plugins/com.st.stm32cube.ide.mcu.externaltools.gnu-tools-for-stm32.14.3.rel1.win32_1.0.100.202602081740/tools/bin/../lib/gcc/arm-none-eabi/14.3.1/../../../../arm-none-eabi/lib/thumb/v8-m.main+fp/hard\libc_nano.a
LOAD C:/ST/STM32CubeIDE_2.1.1/STM32CubeIDE/plugins/com.st.stm32cube.ide.mcu.externaltools.gnu-tools-for-stm32.14.3.rel1.win32_1.0.100.202602081740/tools/bin/../lib/gcc/arm-none-eabi/14.3.1/../../../../arm-none-eabi/lib/thumb/v8-m.main+fp/hard\libnosys.a
END GROUP
LOAD C:/ST/STM32CubeIDE_2.1.1/STM32CubeIDE/plugins/com.st.stm32cube.ide.mcu.externaltools.gnu-tools-for-stm32.14.3.rel1.win32_1.0.100.202602081740/tools/bin/../lib/gcc/arm-none-eabi/14.3.1/thumb/v8-m.main+fp/hard/crtend.o
LOAD C:/ST/STM32CubeIDE_2.1.1/STM32CubeIDE/plugins/com.st.stm32cube.ide.mcu.externaltools.gnu-tools-for-stm32.14.3.rel1.win32_1.0.100.202602081740/tools/bin/../lib/gcc/arm-none-eabi/14.3.1/thumb/v8-m.main+fp/hard/crtn.o
                0x00000200                        HEAP_SIZE = 0x200
                0x00000400                        STACK_SIZE = 0x400

.vectors        0x08000000      0x1a8
                0x08000000                        . = ALIGN (0x8)
 *(.vectors)
 .vectors       0x08000000      0x1a4 CMakeFiles/STM32C542R_Project2.dir/user_modifiable/Device/STM32C542RCT6/startup_stm32c542xx.c.obj
                0x08000000                __Vectors
                0x080001a8                        . = ALIGN (0x8)
 *fill*         0x080001a4        0x4 

.text           0x080001a8     0x25c8
                0x080001a8                        . = ALIGN (0x8)
 *(.text)
 .text          0x080001a8       0x40 C:/ST/STM32CubeIDE_2.1.1/STM32CubeIDE/plugins/com.st.stm32cube.ide.mcu.externaltools.gnu-tools-for-stm32.14.3.rel1.win32_1.0.100.202602081740/tools/bin/../lib/gcc/arm-none-eabi/14.3.1/thumb/v8-m.main+fp/hard/crtbegin.o
 .text          0x080001e8       0x7c C:/ST/STM32CubeIDE_2.1.1/STM32CubeIDE/plugins/com.st.stm32cube.ide.mcu.externaltools.gnu-tools-for-stm32.14.3.rel1.win32_1.0.100.202602081740/tools/bin/../lib/gcc/arm-none-eabi/14.3.1/../../../../arm-none-eabi/lib/thumb/v8-m.main+fp/hard/crt0.o
                0x080001e8                _stack_init
                0x080001f0                _start
                0x080001f0                _mainCRTStartup
 *(.text*)
 .text.exit     0x08000264       0x24 C:/ST/STM32CubeIDE_2.1.1/STM32CubeIDE/plugins/com.st.stm32cube.ide.mcu.externaltools.gnu-tools-for-stm32.14.3.rel1.win32_1.0.100.202602081740/tools/bin/../lib/gcc/arm-none-eabi/14.3.1/../../../../arm-none-eabi/lib/thumb/v8-m.main+fp/hard\libc_nano.a(libc_a-exit.o)
                0x08000264                exit
 .text.std      0x08000288       0x6c C:/ST/STM32CubeIDE_2.1.1/STM32CubeIDE/plugins/com.st.stm32cube.ide.mcu.externaltools.gnu-tools-for-stm32.14.3.rel1.win32_1.0.100.202602081740/tools/bin/../lib/gcc/arm-none-eabi/14.3.1/../../../../arm-none-eabi/lib/thumb/v8-m.main+fp/hard\libc_nano.a(libc_a-findfp.o)
 .text.stdio_exit_handler
                0x080002f4       0x18 C:/ST/STM32CubeIDE_2.1.1/STM32CubeIDE/plugins/com.st.stm32cube.ide.mcu.externaltools.gnu-tools-for-stm32.14.3.rel1.win32_1.0.100.202602081740/tools/bin/../lib/gcc/arm-none-eabi/14.3.1/../../../../arm-none-eabi/lib/thumb/v8-m.main+fp/hard\libc_nano.a(libc_a-findfp.o)
 .text.cleanup_stdio
                0x0800030c       0x40 C:/ST/STM32CubeIDE_2.1.1/STM32CubeIDE/plugins/com.st.stm32cube.ide.mcu.externaltools.gnu-tools-for-stm32.14.3.rel1.win32_1.0.100.202602081740/tools/bin/../lib/gcc/arm-none-eabi/14.3.1/../../../../arm-none-eabi/lib/thumb/v8-m.main+fp/hard\libc_nano.a(libc_a-findfp.o)
 .text.global_stdio_init.part.0
                0x0800034c       0x40 C:/ST/STM32CubeIDE_2.1.1/STM32CubeIDE/plugins/com.st.stm32cube.ide.mcu.externaltools.gnu-tools-for-stm32.14.3.rel1.win32_1.0.100.202602081740/tools/bin/../lib/gcc/arm-none-eabi/14.3.1/../../../../arm-none-eabi/lib/thumb/v8-m.main+fp/hard\libc_nano.a(libc_a-findfp.o)
 .text.__sfp_lock_acquire
                0x0800038c        0xc C:/ST/STM32CubeIDE_2.1.1/STM32CubeIDE/plugins/com.st.stm32cube.ide.mcu.externaltools.gnu-tools-for-stm32.14.3.rel1.win32_1.0.100.202602081740/tools/bin/../lib/gcc/arm-none-eabi/14.3.1/../../../../arm-none-eabi/lib/thumb/v8-m.main+fp/hard\libc_nano.a(libc_a-findfp.o)
                0x0800038c                __sfp_lock_acquire
 .text.__sfp_lock_release
                0x08000398        0xc C:/ST/STM32CubeIDE_2.1.1/STM32CubeIDE/plugins/com.st.stm32cube.ide.mcu.externaltools.gnu-tools-for-stm32.14.3.rel1.win32_1.0.100.202602081740/tools/bin/../lib/gcc/arm-none-eabi/14.3.1/../../../../arm-none-eabi/lib/thumb/v8-m.main+fp/hard\libc_nano.a(libc_a-findfp.o)
                0x08000398                __sfp_lock_release
 .text.__sinit  0x080003a4       0x30 C:/ST/STM32CubeIDE_2.1.1/STM32CubeIDE/plugins/com.st.stm32cube.ide.mcu.externaltools.gnu-tools-for-stm32.14.3.rel1.win32_1.0.100.202602081740/tools/bin/../lib/gcc/arm-none-eabi/14.3.1/../../../../arm-none-eabi/lib/thumb/v8-m.main+fp/hard\libc_nano.a(libc_a-findfp.o)
                0x080003a4                __sinit
 .text._fwalk_sglue
                0x080003d4       0x3c C:/ST/STM32CubeIDE_2.1.1/STM32CubeIDE/plugins/com.st.stm32cube.ide.mcu.externaltools.gnu-tools-for-stm32.14.3.rel1.win32_1.0.100.202602081740/tools/bin/../lib/gcc/arm-none-eabi/14.3.1/../../../../arm-none-eabi/lib/thumb/v8-m.main+fp/hard\libc_nano.a(libc_a-fwalk.o)
                0x080003d4                _fwalk_sglue
 .text.__sread  0x08000410       0x22 C:/ST/STM32CubeIDE_2.1.1/STM32CubeIDE/plugins/com.st.stm32cube.ide.mcu.externaltools.gnu-tools-for-stm32.14.3.rel1.win32_1.0.100.202602081740/tools/bin/../lib/gcc/arm-none-eabi/14.3.1/../../../../arm-none-eabi/lib/thumb/v8-m.main+fp/hard\libc_nano.a(libc_a-stdio.o)
                0x08000410                __sread
 .text.__swrite
                0x08000432       0x38 C:/ST/STM32CubeIDE_2.1.1/STM32CubeIDE/plugins/com.st.stm32cube.ide.mcu.externaltools.gnu-tools-for-stm32.14.3.rel1.win32_1.0.100.202602081740/tools/bin/../lib/gcc/arm-none-eabi/14.3.1/../../../../arm-none-eabi/lib/thumb/v8-m.main+fp/hard\libc_nano.a(libc_a-stdio.o)
                0x08000432                __swrite
 .text.__sseek  0x0800046a       0x26 C:/ST/STM32CubeIDE_2.1.1/STM32CubeIDE/plugins/com.st.stm32cube.ide.mcu.externaltools.gnu-tools-for-stm32.14.3.rel1.win32_1.0.100.202602081740/tools/bin/../lib/gcc/arm-none-eabi/14.3.1/../../../../arm-none-eabi/lib/thumb/v8-m.main+fp/hard\libc_nano.a(libc_a-stdio.o)
                0x0800046a                __sseek
 .text.__sclose
                0x08000490        0x8 C:/ST/STM32CubeIDE_2.1.1/STM32CubeIDE/plugins/com.st.stm32cube.ide.mcu.externaltools.gnu-tools-for-stm32.14.3.rel1.win32_1.0.100.202602081740/tools/bin/../lib/gcc/arm-none-eabi/14.3.1/../../../../arm-none-eabi/lib/thumb/v8-m.main+fp/hard\libc_nano.a(libc_a-stdio.o)
                0x08000490                __sclose
 .text.memset   0x08000498       0x10 C:/ST/STM32CubeIDE_2.1.1/STM32CubeIDE/plugins/com.st.stm32cube.ide.mcu.externaltools.gnu-tools-for-stm32.14.3.rel1.win32_1.0.100.202602081740/tools/bin/../lib/gcc/arm-none-eabi/14.3.1/../../../../arm-none-eabi/lib/thumb/v8-m.main+fp/hard\libc_nano.a(libc_a-memset.o)
                0x08000498                memset
 .text._close_r
                0x080004a8       0x20 C:/ST/STM32CubeIDE_2.1.1/STM32CubeIDE/plugins/com.st.stm32cube.ide.mcu.externaltools.gnu-tools-for-stm32.14.3.rel1.win32_1.0.100.202602081740/tools/bin/../lib/gcc/arm-none-eabi/14.3.1/../../../../arm-none-eabi/lib/thumb/v8-m.main+fp/hard\libc_nano.a(libc_a-closer.o)
                0x080004a8                _close_r
 .text._lseek_r
                0x080004c8       0x24 C:/ST/STM32CubeIDE_2.1.1/STM32CubeIDE/plugins/com.st.stm32cube.ide.mcu.externaltools.gnu-tools-for-stm32.14.3.rel1.win32_1.0.100.202602081740/tools/bin/../lib/gcc/arm-none-eabi/14.3.1/../../../../arm-none-eabi/lib/thumb/v8-m.main+fp/hard\libc_nano.a(libc_a-lseekr.o)
                0x080004c8                _lseek_r
 .text._read_r  0x080004ec       0x24 C:/ST/STM32CubeIDE_2.1.1/STM32CubeIDE/plugins/com.st.stm32cube.ide.mcu.externaltools.gnu-tools-for-stm32.14.3.rel1.win32_1.0.100.202602081740/tools/bin/../lib/gcc/arm-none-eabi/14.3.1/../../../../arm-none-eabi/lib/thumb/v8-m.main+fp/hard\libc_nano.a(libc_a-readr.o)
                0x080004ec                _read_r
 .text._write_r
                0x08000510       0x24 C:/ST/STM32CubeIDE_2.1.1/STM32CubeIDE/plugins/com.st.stm32cube.ide.mcu.externaltools.gnu-tools-for-stm32.14.3.rel1.win32_1.0.100.202602081740/tools/bin/../lib/gcc/arm-none-eabi/14.3.1/../../../../arm-none-eabi/lib/thumb/v8-m.main+fp/hard\libc_nano.a(libc_a-writer.o)
                0x08000510                _write_r
 .text.__libc_init_array
                0x08000534       0x48 C:/ST/STM32CubeIDE_2.1.1/STM32CubeIDE/plugins/com.st.stm32cube.ide.mcu.externaltools.gnu-tools-for-stm32.14.3.rel1.win32_1.0.100.202602081740/tools/bin/../lib/gcc/arm-none-eabi/14.3.1/../../../../arm-none-eabi/lib/thumb/v8-m.main+fp/hard\libc_nano.a(libc_a-init.o)
                0x08000534                __libc_init_array
 .text.__retarget_lock_init_recursive
                0x0800057c        0x2 C:/ST/STM32CubeIDE_2.1.1/STM32CubeIDE/plugins/com.st.stm32cube.ide.mcu.externaltools.gnu-tools-for-stm32.14.3.rel1.win32_1.0.100.202602081740/tools/bin/../lib/gcc/arm-none-eabi/14.3.1/../../../../arm-none-eabi/lib/thumb/v8-m.main+fp/hard\libc_nano.a(libc_a-lock.o)
                0x0800057c                __retarget_lock_init_recursive
 .text.__retarget_lock_acquire_recursive
                0x0800057e        0x2 C:/ST/STM32CubeIDE_2.1.1/STM32CubeIDE/plugins/com.st.stm32cube.ide.mcu.externaltools.gnu-tools-for-stm32.14.3.rel1.win32_1.0.100.202602081740/tools/bin/../lib/gcc/arm-none-eabi/14.3.1/../../../../arm-none-eabi/lib/thumb/v8-m.main+fp/hard\libc_nano.a(libc_a-lock.o)
                0x0800057e                __retarget_lock_acquire_recursive
 .text.__retarget_lock_release_recursive
                0x08000580        0x2 C:/ST/STM32CubeIDE_2.1.1/STM32CubeIDE/plugins/com.st.stm32cube.ide.mcu.externaltools.gnu-tools-for-stm32.14.3.rel1.win32_1.0.100.202602081740/tools/bin/../lib/gcc/arm-none-eabi/14.3.1/../../../../arm-none-eabi/lib/thumb/v8-m.main+fp/hard\libc_nano.a(libc_a-lock.o)
                0x08000580                __retarget_lock_release_recursive
 *fill*         0x08000582        0x2 
 .text._free_r  0x08000584       0x94 C:/ST/STM32CubeIDE_2.1.1/STM32CubeIDE/plugins/com.st.stm32cube.ide.mcu.externaltools.gnu-tools-for-stm32.14.3.rel1.win32_1.0.100.202602081740/tools/bin/../lib/gcc/arm-none-eabi/14.3.1/../../../../arm-none-eabi/lib/thumb/v8-m.main+fp/hard\libc_nano.a(libc_a-freer.o)
                0x08000584                _free_r
 .text.sbrk_aligned
                0x08000618       0x44 C:/ST/STM32CubeIDE_2.1.1/STM32CubeIDE/plugins/com.st.stm32cube.ide.mcu.externaltools.gnu-tools-for-stm32.14.3.rel1.win32_1.0.100.202602081740/tools/bin/../lib/gcc/arm-none-eabi/14.3.1/../../../../arm-none-eabi/lib/thumb/v8-m.main+fp/hard\libc_nano.a(libc_a-mallocr.o)
 .text._malloc_r
                0x0800065c      0x100 C:/ST/STM32CubeIDE_2.1.1/STM32CubeIDE/plugins/com.st.stm32cube.ide.mcu.externaltools.gnu-tools-for-stm32.14.3.rel1.win32_1.0.100.202602081740/tools/bin/../lib/gcc/arm-none-eabi/14.3.1/../../../../arm-none-eabi/lib/thumb/v8-m.main+fp/hard\libc_nano.a(libc_a-mallocr.o)
                0x0800065c                _malloc_r
 .text.__malloc_lock
                0x0800075c        0xc C:/ST/STM32CubeIDE_2.1.1/STM32CubeIDE/plugins/com.st.stm32cube.ide.mcu.externaltools.gnu-tools-for-stm32.14.3.rel1.win32_1.0.100.202602081740/tools/bin/../lib/gcc/arm-none-eabi/14.3.1/../../../../arm-none-eabi/lib/thumb/v8-m.main+fp/hard\libc_nano.a(libc_a-mlock.o)
                0x0800075c                __malloc_lock
 .text.__malloc_unlock
                0x08000768        0xc C:/ST/STM32CubeIDE_2.1.1/STM32CubeIDE/plugins/com.st.stm32cube.ide.mcu.externaltools.gnu-tools-for-stm32.14.3.rel1.win32_1.0.100.202602081740/tools/bin/../lib/gcc/arm-none-eabi/14.3.1/../../../../arm-none-eabi/lib/thumb/v8-m.main+fp/hard\libc_nano.a(libc_a-mlock.o)
                0x08000768                __malloc_unlock
 .text.__sflush_r
                0x08000774      0x100 C:/ST/STM32CubeIDE_2.1.1/STM32CubeIDE/plugins/com.st.stm32cube.ide.mcu.externaltools.gnu-tools-for-stm32.14.3.rel1.win32_1.0.100.202602081740/tools/bin/../lib/gcc/arm-none-eabi/14.3.1/../../../../arm-none-eabi/lib/thumb/v8-m.main+fp/hard\libc_nano.a(libc_a-fflush.o)
                0x08000774                __sflush_r
 .text._fflush_r
                0x08000874       0x50 C:/ST/STM32CubeIDE_2.1.1/STM32CubeIDE/plugins/com.st.stm32cube.ide.mcu.externaltools.gnu-tools-for-stm32.14.3.rel1.win32_1.0.100.202602081740/tools/bin/../lib/gcc/arm-none-eabi/14.3.1/../../../../arm-none-eabi/lib/thumb/v8-m.main+fp/hard\libc_nano.a(libc_a-fflush.o)
                0x08000874                _fflush_r
 .text._sbrk_r  0x080008c4       0x20 C:/ST/STM32CubeIDE_2.1.1/STM32CubeIDE/plugins/com.st.stm32cube.ide.mcu.externaltools.gnu-tools-for-stm32.14.3.rel1.win32_1.0.100.202602081740/tools/bin/../lib/gcc/arm-none-eabi/14.3.1/../../../../arm-none-eabi/lib/thumb/v8-m.main+fp/hard\libc_nano.a(libc_a-sbrkr.o)
                0x080008c4                _sbrk_r
 .text.__NVIC_SystemReset
                0x080008e4       0x2c CMakeFiles/STM32C542R_Project2.dir/main.c.obj
 .text.LL_FLASH_SetUnlockKey
                0x08000910       0x1c CMakeFiles/STM32C542R_Project2.dir/main.c.obj
 .text.LL_FLASH_OB_SetUnlockKey
                0x0800092c       0x1c CMakeFiles/STM32C542R_Project2.dir/main.c.obj
 .text.LL_FLASH_OB_Lock
                0x08000948       0x20 CMakeFiles/STM32C542R_Project2.dir/main.c.obj
 .text.LL_FLASH_OB_IsLocked
                0x08000968       0x26 CMakeFiles/STM32C542R_Project2.dir/main.c.obj
 .text.LL_FLASH_Lock
                0x0800098e       0x20 CMakeFiles/STM32C542R_Project2.dir/main.c.obj
 .text.LL_FLASH_IsLocked
                0x080009ae       0x26 CMakeFiles/STM32C542R_Project2.dir/main.c.obj
 .text.LL_FLASH_OB_SetBoot0SourceSelection
                0x080009d4       0x26 CMakeFiles/STM32C542R_Project2.dir/main.c.obj
 .text.LL_FLASH_OB_GetBoot0SourceSelection
                0x080009fa       0x1c CMakeFiles/STM32C542R_Project2.dir/main.c.obj
 *fill*         0x08000a16        0x2 
 .text.Configure_BOOT_SEL
                0x08000a18      0x148 CMakeFiles/STM32C542R_Project2.dir/main.c.obj
 .text.main     0x08000b60       0xd0 CMakeFiles/STM32C542R_Project2.dir/main.c.obj
                0x08000b60                main
 .text.mx_cortex_mpu_init
                0x08000c30       0x5c CMakeFiles/STM32C542R_Project2.dir/generated/hal/mx_cortex_mpu.c.obj
                0x08000c30                mx_cortex_mpu_init
 .text.mx_cortex_nvic_init
                0x08000c8c       0x12 CMakeFiles/STM32C542R_Project2.dir/generated/hal/mx_cortex_nvic.c.obj
                0x08000c8c                mx_cortex_nvic_init
 *fill*         0x08000c9e        0x2 
 .text.LL_AHB2_GRP1_EnableClock
                0x08000ca0       0x60 CMakeFiles/STM32C542R_Project2.dir/generated/hal/mx_gpio_default.c.obj
 .text.HAL_RCC_GPIOA_EnableClock
                0x08000d00        0xe CMakeFiles/STM32C542R_Project2.dir/generated/hal/mx_gpio_default.c.obj
 .text.HAL_RCC_GPIOB_EnableClock
                0x08000d0e        0xe CMakeFiles/STM32C542R_Project2.dir/generated/hal/mx_gpio_default.c.obj
 .text.mx_gpio_default_init
                0x08000d1c       0x84 CMakeFiles/STM32C542R_Project2.dir/generated/hal/mx_gpio_default.c.obj
                0x08000d1c                mx_gpio_default_init
 .text.mx_icache_init
                0x08000da0       0x28 CMakeFiles/STM32C542R_Project2.dir/generated/hal/mx_icache.c.obj
                0x08000da0                mx_icache_init
 .text.mx_icache_gethandle
                0x08000dc8       0x14 CMakeFiles/STM32C542R_Project2.dir/generated/hal/mx_icache.c.obj
                0x08000dc8                mx_icache_gethandle
 .text.mx_rcc_init
                0x08000ddc       0xc0 CMakeFiles/STM32C542R_Project2.dir/generated/hal/mx_rcc.c.obj
                0x08000ddc                mx_rcc_init
 .text.mx_rcc_peripherals_clock_config
                0x08000e9c       0x12 CMakeFiles/STM32C542R_Project2.dir/generated/hal/mx_rcc.c.obj
                0x08000e9c                mx_rcc_peripherals_clock_config
 .text.mx_system_init
                0x08000eae       0xc8 CMakeFiles/STM32C542R_Project2.dir/generated/hal/mx_system.c.obj
                0x08000eae                mx_system_init
 .text.SysTick_Handler
                0x08000f76       0x10 CMakeFiles/STM32C542R_Project2.dir/generated/hal/mx_system.c.obj
                0x08000f76                SysTick_Handler
 .text.pre_system_init_hook
                0x08000f86       0x12 CMakeFiles/STM32C542R_Project2.dir/generated/hal/mx_system.c.obj
                0x08000f86                pre_system_init_hook
 .text.post_system_init_hook
                0x08000f98       0x12 CMakeFiles/STM32C542R_Project2.dir/generated/hal/mx_system.c.obj
                0x08000f98                post_system_init_hook
 *fill*         0x08000faa        0x2 
 .text.SCB_SetVTOR
                0x08000fac       0x20 CMakeFiles/STM32C542R_Project2.dir/user_modifiable/Device/STM32C542RCT6/system_stm32c5xx.c.obj
 .text.SCB_EnableFPU
                0x08000fcc       0x24 CMakeFiles/STM32C542R_Project2.dir/user_modifiable/Device/STM32C542RCT6/system_stm32c5xx.c.obj
 .text.SystemInit
                0x08000ff0       0x18 CMakeFiles/STM32C542R_Project2.dir/user_modifiable/Device/STM32C542RCT6/system_stm32c5xx.c.obj
                0x08000ff0                SystemInit
 .text.Reset_Handler
                0x08001008       0xc4 CMakeFiles/STM32C542R_Project2.dir/user_modifiable/Device/STM32C542RCT6/startup_stm32c542xx.c.obj
                0x08001008                Reset_Handler
 .text.HardFault_Handler
                0x080010cc        0x8 CMakeFiles/STM32C542R_Project2.dir/user_modifiable/Device/STM32C542RCT6/startup_stm32c542xx.c.obj
                0x080010cc                HardFault_Handler
 .text.Default_IRQHandler
                0x080010d4        0x8 CMakeFiles/STM32C542R_Project2.dir/user_modifiable/Device/STM32C542RCT6/startup_stm32c542xx.c.obj
                0x080010d4                EXTI2_IRQHandler
                0x080010d4                TIM8_CC_IRQHandler
                0x080010d4                EXTI5_IRQHandler
                0x080010d4                DebugMon_Handler
                0x080010d4                TIM8_TRGI_COM_DIR_IDX_IRQHandler
                0x080010d4                EXTI13_IRQHandler
                0x080010d4                LPDMA2_CH1_IRQHandler
                0x080010d4                I2C1_ERR_IRQHandler
                0x080010d4                TIM1_CC_IRQHandler
                0x080010d4                TAMP_IRQHandler
                0x080010d4                TIM6_IRQHandler
                0x080010d4                EXTI12_IRQHandler
                0x080010d4                CORDIC_IRQHandler
                0x080010d4                PendSV_Handler
                0x080010d4                USB_DRD_FS_IRQHandler
                0x080010d4                NMI_Handler
                0x080010d4                EXTI3_IRQHandler
                0x080010d4                EXTI8_IRQHandler
                0x080010d4                PWR_PVD_IRQHandler
                0x080010d4                EXTI0_IRQHandler
                0x080010d4                FPU_IRQHandler
                0x080010d4                FDCAN1_IT1_IRQHandler
                0x080010d4                RAMCFG_IRQHandler
                0x080010d4                UsageFault_Handler
                0x080010d4                TIM1_UPD_IRQHandler
                0x080010d4                SPI1_IRQHandler
                0x080010d4                ADC1_IRQHandler
                0x080010d4                EXTI15_IRQHandler
                0x080010d4                RTC_IRQHandler
                0x080010d4                EXTI9_IRQHandler
                0x080010d4                UART5_IRQHandler
                0x080010d4                LPDMA2_CH3_IRQHandler
                0x080010d4                LPDMA1_CH1_IRQHandler
                0x080010d4                I2C1_EV_IRQHandler
                0x080010d4                UART4_IRQHandler
                0x080010d4                RCC_IRQHandler
                0x080010d4                COMP2_IRQHandler
                0x080010d4                LPDMA2_CH2_IRQHandler
                0x080010d4                TIM12_IRQHandler
                0x080010d4                TIM7_IRQHandler
                0x080010d4                I3C1_EV_IRQHandler
                0x080010d4                TIM15_IRQHandler
                0x080010d4                TIM8_BRK_TERR_IERR_IRQHandler
                0x080010d4                TIM8_UPD_IRQHandler
                0x080010d4                SPI2_IRQHandler
                0x080010d4                MemManage_Handler
                0x080010d4                LPDMA1_CH3_IRQHandler
                0x080010d4                EXTI14_IRQHandler
                0x080010d4                EXTI11_IRQHandler
                0x080010d4                SVC_Handler
                0x080010d4                CRS_IRQHandler
                0x080010d4                EXTI4_IRQHandler
                0x080010d4                TIM1_BRK_TERR_IERR_IRQHandler
                0x080010d4                RNG_IRQHandler
                0x080010d4                FDCAN2_IT1_IRQHandler
                0x080010d4                TIM1_TRGI_COM_DIR_IDX_IRQHandler
                0x080010d4                LPDMA2_CH0_IRQHandler
                0x080010d4                I3C1_ERR_IRQHandler
                0x080010d4                WWDG_IRQHandler
                0x080010d4                Default_IRQHandler
                0x080010d4                FDCAN2_IT0_IRQHandler
                0x080010d4                IWDG_IRQHandler
                0x080010d4                LPUART1_IRQHandler
                0x080010d4                FDCAN1_IT0_IRQHandler
                0x080010d4                TIM2_IRQHandler
                0x080010d4                LPDMA1_CH2_IRQHandler
                0x080010d4                EXTI7_IRQHandler
                0x080010d4                EXTI1_IRQHandler
                0x080010d4                AES_IRQHandler
                0x080010d4                DAC1_IRQHandler
                0x080010d4                USART2_IRQHandler
                0x080010d4                FLASH_IRQHandler
                0x080010d4                BusFault_Handler
                0x080010d4                USART1_IRQHandler
                0x080010d4                EXTI10_IRQHandler
                0x080010d4                LPDMA1_CH0_IRQHandler
                0x080010d4                EXTI6_IRQHandler
                0x080010d4                COMP1_IRQHandler
                0x080010d4                LPTIM1_IRQHandler
                0x080010d4                ICACHE_IRQHandler
                0x080010d4                HASH_IRQHandler
 .text.Default_IRQHandler_Hook
                0x080010dc        0x8 CMakeFiles/STM32C542R_Project2.dir/user_modifiable/Device/STM32C542RCT6/startup_stm32c542xx.c.obj
                0x080010dc                Default_IRQHandler_Hook
 .text.LL_RCC_GetAHBPrescaler
                0x080010e4       0x1c CMakeFiles/STM32C542R_Project2.dir/stm32c5xx_drivers/hal/stm32c5xx_hal.c.obj
 .text.LL_FLASH_EnablePrefetch
                0x08001100       0x20 CMakeFiles/STM32C542R_Project2.dir/stm32c5xx_drivers/hal/stm32c5xx_hal.c.obj
 .text.HAL_Init
                0x08001120       0x44 CMakeFiles/STM32C542R_Project2.dir/stm32c5xx_drivers/hal/stm32c5xx_hal.c.obj
                0x08001120                HAL_Init
 .text.HAL_InitTick
                0x08001164       0x68 CMakeFiles/STM32C542R_Project2.dir/stm32c5xx_drivers/hal/stm32c5xx_hal.c.obj
                0x08001164                HAL_InitTick
 .text.HAL_UpdateCoreClock
                0x080011cc       0x30 CMakeFiles/STM32C542R_Project2.dir/stm32c5xx_drivers/hal/stm32c5xx_hal.c.obj
                0x080011cc                HAL_UpdateCoreClock
 .text.HAL_IncTick
                0x080011fc       0x28 CMakeFiles/STM32C542R_Project2.dir/stm32c5xx_drivers/hal/stm32c5xx_hal.c.obj
                0x080011fc                HAL_IncTick
 .text.HAL_GetTick
                0x08001224       0x18 CMakeFiles/STM32C542R_Project2.dir/stm32c5xx_drivers/hal/stm32c5xx_hal.c.obj
                0x08001224                HAL_GetTick
 .text.HAL_Delay
                0x0800123c       0x4c CMakeFiles/STM32C542R_Project2.dir/stm32c5xx_drivers/hal/stm32c5xx_hal.c.obj
                0x0800123c                HAL_Delay
 .text.__NVIC_SetPriorityGrouping
                0x08001288       0x48 CMakeFiles/STM32C542R_Project2.dir/stm32c5xx_drivers/hal/stm32c5xx_hal_cortex.c.obj
 .text.__NVIC_GetPriorityGrouping
                0x080012d0       0x1c CMakeFiles/STM32C542R_Project2.dir/stm32c5xx_drivers/hal/stm32c5xx_hal_cortex.c.obj
 .text.__NVIC_SetPriority
                0x080012ec       0x54 CMakeFiles/STM32C542R_Project2.dir/stm32c5xx_drivers/hal/stm32c5xx_hal_cortex.c.obj
 .text.NVIC_EncodePriority
                0x08001340       0x66 CMakeFiles/STM32C542R_Project2.dir/stm32c5xx_drivers/hal/stm32c5xx_hal_cortex.c.obj
 *fill*         0x080013a6        0x2 
 .text.ARM_MPU_Enable
                0x080013a8       0x44 CMakeFiles/STM32C542R_Project2.dir/stm32c5xx_drivers/hal/stm32c5xx_hal_cortex.c.obj
 .text.ARM_MPU_Disable
                0x080013ec       0x40 CMakeFiles/STM32C542R_Project2.dir/stm32c5xx_drivers/hal/stm32c5xx_hal_cortex.c.obj
 .text.ARM_MPU_SetMemAttrEx
                0x0800142c       0x6a CMakeFiles/STM32C542R_Project2.dir/stm32c5xx_drivers/hal/stm32c5xx_hal_cortex.c.obj
 *fill*         0x08001496        0x2 
 .text.ARM_MPU_SetMemAttr
                0x08001498       0x28 CMakeFiles/STM32C542R_Project2.dir/stm32c5xx_drivers/hal/stm32c5xx_hal_cortex.c.obj
 .text.ARM_MPU_SetRegionEx
                0x080014c0       0x2c CMakeFiles/STM32C542R_Project2.dir/stm32c5xx_drivers/hal/stm32c5xx_hal_cortex.c.obj
 .text.ARM_MPU_SetRegion
                0x080014ec       0x24 CMakeFiles/STM32C542R_Project2.dir/stm32c5xx_drivers/hal/stm32c5xx_hal_cortex.c.obj
 .text.SysTick_SetClkSource
                0x08001510       0x38 CMakeFiles/STM32C542R_Project2.dir/stm32c5xx_drivers/hal/stm32c5xx_hal_cortex.c.obj
 .text.SysTick_GetClkSource
                0x08001548       0x1c CMakeFiles/STM32C542R_Project2.dir/stm32c5xx_drivers/hal/stm32c5xx_hal_cortex.c.obj
 .text.SysTick_EnableIT
                0x08001564       0x20 CMakeFiles/STM32C542R_Project2.dir/stm32c5xx_drivers/hal/stm32c5xx_hal_cortex.c.obj
 .text.SysTick_Enable
                0x08001584       0x20 CMakeFiles/STM32C542R_Project2.dir/stm32c5xx_drivers/hal/stm32c5xx_hal_cortex.c.obj
 .text.SysTick_SetReload
                0x080015a4       0x30 CMakeFiles/STM32C542R_Project2.dir/stm32c5xx_drivers/hal/stm32c5xx_hal_cortex.c.obj
 .text.SysTick_SetCounter
                0x080015d4       0x20 CMakeFiles/STM32C542R_Project2.dir/stm32c5xx_drivers/hal/stm32c5xx_hal_cortex.c.obj
 .text.HAL_CORTEX_NVIC_SetPriorityGrouping
                0x080015f4       0x1a CMakeFiles/STM32C542R_Project2.dir/stm32c5xx_drivers/hal/stm32c5xx_hal_cortex.c.obj
                0x080015f4                HAL_CORTEX_NVIC_SetPriorityGrouping
 .text.HAL_CORTEX_NVIC_SetPriority
                0x0800160e       0x36 CMakeFiles/STM32C542R_Project2.dir/stm32c5xx_drivers/hal/stm32c5xx_hal_cortex.c.obj
                0x0800160e                HAL_CORTEX_NVIC_SetPriority
 .text.HAL_CORTEX_SYSTICK_SetFreq
                0x08001644       0x5a CMakeFiles/STM32C542R_Project2.dir/stm32c5xx_drivers/hal/stm32c5xx_hal_cortex.c.obj
                0x08001644                HAL_CORTEX_SYSTICK_SetFreq
 .text.HAL_CORTEX_SYSTICK_SetClkSource
                0x0800169e       0x1a CMakeFiles/STM32C542R_Project2.dir/stm32c5xx_drivers/hal/stm32c5xx_hal_cortex.c.obj
                0x0800169e                HAL_CORTEX_SYSTICK_SetClkSource
 .text.HAL_CORTEX_SYSTICK_IRQHandler
                0x080016b8        0xc CMakeFiles/STM32C542R_Project2.dir/stm32c5xx_drivers/hal/stm32c5xx_hal_cortex.c.obj
                0x080016b8                HAL_CORTEX_SYSTICK_IRQHandler
 .text.HAL_CORTEX_SYSTICK_Callback
                0x080016c4        0xe CMakeFiles/STM32C542R_Project2.dir/stm32c5xx_drivers/hal/stm32c5xx_hal_cortex.c.obj
                0x080016c4                HAL_CORTEX_SYSTICK_Callback
 .text.HAL_CORTEX_MPU_Enable
                0x080016d2       0x26 CMakeFiles/STM32C542R_Project2.dir/stm32c5xx_drivers/hal/stm32c5xx_hal_cortex.c.obj
                0x080016d2                HAL_CORTEX_MPU_Enable
 .text.HAL_CORTEX_MPU_Disable
                0x080016f8        0xc CMakeFiles/STM32C542R_Project2.dir/stm32c5xx_drivers/hal/stm32c5xx_hal_cortex.c.obj
                0x080016f8                HAL_CORTEX_MPU_Disable
 .text.HAL_CORTEX_MPU_SetCacheMemAttr
                0x08001704       0x2a CMakeFiles/STM32C542R_Project2.dir/stm32c5xx_drivers/hal/stm32c5xx_hal_cortex.c.obj
                0x08001704                HAL_CORTEX_MPU_SetCacheMemAttr
 .text.HAL_CORTEX_MPU_SetConfigRegion
                0x0800172e       0x48 CMakeFiles/STM32C542R_Project2.dir/stm32c5xx_drivers/hal/stm32c5xx_hal_cortex.c.obj
                0x0800172e                HAL_CORTEX_MPU_SetConfigRegion
 *fill*         0x08001776        0x2 
 .text.HAL_CORTEX_MPU_EnableRegion
                0x08001778       0x2c CMakeFiles/STM32C542R_Project2.dir/stm32c5xx_drivers/hal/stm32c5xx_hal_cortex.c.obj
                0x08001778                HAL_CORTEX_MPU_EnableRegion
 .text.LL_FLASH_SetLatency
                0x080017a4       0x26 CMakeFiles/STM32C542R_Project2.dir/stm32c5xx_drivers/hal/stm32c5xx_hal_flash_itf.c.obj
 .text.LL_FLASH_SetProgrammingDelay
                0x080017ca       0x26 CMakeFiles/STM32C542R_Project2.dir/stm32c5xx_drivers/hal/stm32c5xx_hal_flash_itf.c.obj
 .text.HAL_FLASH_ITF_SetLatency
                0x080017f0       0x24 CMakeFiles/STM32C542R_Project2.dir/stm32c5xx_drivers/hal/stm32c5xx_hal_flash_itf.c.obj
                0x080017f0                HAL_FLASH_ITF_SetLatency
 .text.HAL_FLASH_ITF_SetProgrammingDelay
                0x08001814       0x24 CMakeFiles/STM32C542R_Project2.dir/stm32c5xx_drivers/hal/stm32c5xx_hal_flash_itf.c.obj
                0x08001814                HAL_FLASH_ITF_SetProgrammingDelay
 .text.LL_GPIO_SetPinMode
                0x08001838       0x9c CMakeFiles/STM32C542R_Project2.dir/stm32c5xx_drivers/hal/stm32c5xx_hal_gpio.c.obj
 .text.LL_GPIO_SetPinOutputType
                0x080018d4       0x56 CMakeFiles/STM32C542R_Project2.dir/stm32c5xx_drivers/hal/stm32c5xx_hal_gpio.c.obj
 .text.LL_GPIO_SetPinSpeed
                0x0800192a       0xa0 CMakeFiles/STM32C542R_Project2.dir/stm32c5xx_drivers/hal/stm32c5xx_hal_gpio.c.obj
 .text.LL_GPIO_SetPinPull
                0x080019ca       0xa0 CMakeFiles/STM32C542R_Project2.dir/stm32c5xx_drivers/hal/stm32c5xx_hal_gpio.c.obj
 .text.LL_GPIO_SetAFPin_0_7
                0x08001a6a       0xa0 CMakeFiles/STM32C542R_Project2.dir/stm32c5xx_drivers/hal/stm32c5xx_hal_gpio.c.obj
 .text.LL_GPIO_SetAFPin_8_15
                0x08001b0a       0xa4 CMakeFiles/STM32C542R_Project2.dir/stm32c5xx_drivers/hal/stm32c5xx_hal_gpio.c.obj
 .text.LL_GPIO_WriteOutputPin
                0x08001bae       0x2a CMakeFiles/STM32C542R_Project2.dir/stm32c5xx_drivers/hal/stm32c5xx_hal_gpio.c.obj
 .text.LL_GPIO_TogglePin
                0x08001bd8       0x32 CMakeFiles/STM32C542R_Project2.dir/stm32c5xx_drivers/hal/stm32c5xx_hal_gpio.c.obj
 .text.HAL_GPIO_Init
                0x08001c0a      0x128 CMakeFiles/STM32C542R_Project2.dir/stm32c5xx_drivers/hal/stm32c5xx_hal_gpio.c.obj
                0x08001c0a                HAL_GPIO_Init
 .text.HAL_GPIO_WritePin
                0x08001d32       0x22 CMakeFiles/STM32C542R_Project2.dir/stm32c5xx_drivers/hal/stm32c5xx_hal_gpio.c.obj
                0x08001d32                HAL_GPIO_WritePin
 .text.HAL_GPIO_TogglePin
                0x08001d54       0x1c CMakeFiles/STM32C542R_Project2.dir/stm32c5xx_drivers/hal/stm32c5xx_hal_gpio.c.obj
                0x08001d54                HAL_GPIO_TogglePin
 .text.LL_ICACHE_Enable
                0x08001d70       0x20 CMakeFiles/STM32C542R_Project2.dir/stm32c5xx_drivers/hal/stm32c5xx_hal_icache.c.obj
 .text.LL_ICACHE_EnableIT
                0x08001d90       0x22 CMakeFiles/STM32C542R_Project2.dir/stm32c5xx_drivers/hal/stm32c5xx_hal_icache.c.obj
 .text.HAL_ICACHE_Init
                0x08001db2       0x28 CMakeFiles/STM32C542R_Project2.dir/stm32c5xx_drivers/hal/stm32c5xx_hal_icache.c.obj
                0x08001db2                HAL_ICACHE_Init
 .text.HAL_ICACHE_Start
                0x08001dda       0x32 CMakeFiles/STM32C542R_Project2.dir/stm32c5xx_drivers/hal/stm32c5xx_hal_icache.c.obj
                0x08001dda                HAL_ICACHE_Start
 .text.LL_RCC_HSIS_Enable
                0x08001e0c       0x20 CMakeFiles/STM32C542R_Project2.dir/stm32c5xx_drivers/hal/stm32c5xx_hal_rcc.c.obj
 .text.LL_RCC_HSIS_IsReady
                0x08001e2c       0x24 CMakeFiles/STM32C542R_Project2.dir/stm32c5xx_drivers/hal/stm32c5xx_hal_rcc.c.obj
 .text.LL_RCC_PSIS_Enable
                0x08001e50       0x20 CMakeFiles/STM32C542R_Project2.dir/stm32c5xx_drivers/hal/stm32c5xx_hal_rcc.c.obj
 .text.LL_RCC_PSIS_IsReady
                0x08001e70       0x28 CMakeFiles/STM32C542R_Project2.dir/stm32c5xx_drivers/hal/stm32c5xx_hal_rcc.c.obj
 .text.LL_RCC_PSIDIV3_IsReady
                0x08001e98       0x28 CMakeFiles/STM32C542R_Project2.dir/stm32c5xx_drivers/hal/stm32c5xx_hal_rcc.c.obj
 .text.LL_RCC_PSIK_IsReady
                0x08001ec0       0x28 CMakeFiles/STM32C542R_Project2.dir/stm32c5xx_drivers/hal/stm32c5xx_hal_rcc.c.obj
 .text.LL_RCC_ConfigPSI
                0x08001ee8       0x38 CMakeFiles/STM32C542R_Project2.dir/stm32c5xx_drivers/hal/stm32c5xx_hal_rcc.c.obj
 .text.LL_RCC_GetConfigPSI
                0x08001f20       0x40 CMakeFiles/STM32C542R_Project2.dir/stm32c5xx_drivers/hal/stm32c5xx_hal_rcc.c.obj
 .text.LL_RCC_SetSysClkSource
                0x08001f60       0x28 CMakeFiles/STM32C542R_Project2.dir/stm32c5xx_drivers/hal/stm32c5xx_hal_rcc.c.obj
 .text.LL_RCC_GetSysClkSource
                0x08001f88       0x1c CMakeFiles/STM32C542R_Project2.dir/stm32c5xx_drivers/hal/stm32c5xx_hal_rcc.c.obj
 .text.LL_RCC_GetAHBPrescaler
                0x08001fa4       0x1c CMakeFiles/STM32C542R_Project2.dir/stm32c5xx_drivers/hal/stm32c5xx_hal_rcc.c.obj
 .text.LL_RCC_GetSystickClockSource
                0x08001fc0       0x1c CMakeFiles/STM32C542R_Project2.dir/stm32c5xx_drivers/hal/stm32c5xx_hal_rcc.c.obj
 .text.LL_RCC_ConfigBusClock
                0x08001fdc       0x2c CMakeFiles/STM32C542R_Project2.dir/stm32c5xx_drivers/hal/stm32c5xx_hal_rcc.c.obj
 .text.HAL_RCC_HSIS_Enable
                0x08002008       0x1c CMakeFiles/STM32C542R_Project2.dir/stm32c5xx_drivers/hal/stm32c5xx_hal_rcc.c.obj
                0x08002008                HAL_RCC_HSIS_Enable
 .text.HAL_RCC_PSIS_Enable
                0x08002024       0x1c CMakeFiles/STM32C542R_Project2.dir/stm32c5xx_drivers/hal/stm32c5xx_hal_rcc.c.obj
                0x08002024                HAL_RCC_PSIS_Enable
 .text.HAL_RCC_PSI_SetConfig
                0x08002040       0x50 CMakeFiles/STM32C542R_Project2.dir/stm32c5xx_drivers/hal/stm32c5xx_hal_rcc.c.obj
                0x08002040                HAL_RCC_PSI_SetConfig
 .text.HAL_RCC_PSI_GetConfig
                0x08002090       0x34 CMakeFiles/STM32C542R_Project2.dir/stm32c5xx_drivers/hal/stm32c5xx_hal_rcc.c.obj
                0x08002090                HAL_RCC_PSI_GetConfig
 .text.HAL_RCC_SetSYSCLKSource
                0x080020c4       0x52 CMakeFiles/STM32C542R_Project2.dir/stm32c5xx_drivers/hal/stm32c5xx_hal_rcc.c.obj
                0x080020c4                HAL_RCC_SetSYSCLKSource
 .text.HAL_RCC_GetSYSCLKSource
                0x08002116       0x12 CMakeFiles/STM32C542R_Project2.dir/stm32c5xx_drivers/hal/stm32c5xx_hal_rcc.c.obj
                0x08002116                HAL_RCC_GetSYSCLKSource
 .text.HAL_RCC_SetBusClockConfig
                0x08002128       0x38 CMakeFiles/STM32C542R_Project2.dir/stm32c5xx_drivers/hal/stm32c5xx_hal_rcc.c.obj
                0x08002128                HAL_RCC_SetBusClockConfig
 .text.HAL_RCC_GetPSIClockFreq
                0x08002160       0x9c CMakeFiles/STM32C542R_Project2.dir/stm32c5xx_drivers/hal/stm32c5xx_hal_rcc.c.obj
                0x08002160                HAL_RCC_GetPSIClockFreq
 .text.HAL_RCC_GetSYSCLKFreq
                0x080021fc       0x3c CMakeFiles/STM32C542R_Project2.dir/stm32c5xx_drivers/hal/stm32c5xx_hal_rcc.c.obj
                0x080021fc                HAL_RCC_GetSYSCLKFreq
 .text.HAL_RCC_GetHCLKFreq
                0x08002238       0x20 CMakeFiles/STM32C542R_Project2.dir/stm32c5xx_drivers/hal/stm32c5xx_hal_rcc.c.obj
                0x08002238                HAL_RCC_GetHCLKFreq
 .text.HAL_RCC_GetSysTickExternalClkFreq
                0x08002258       0x3e CMakeFiles/STM32C542R_Project2.dir/stm32c5xx_drivers/hal/stm32c5xx_hal_rcc.c.obj
                0x08002258                HAL_RCC_GetSysTickExternalClkFreq
 .text.RCC_WaitForTimeout
                0x08002296       0x54 CMakeFiles/STM32C542R_Project2.dir/stm32c5xx_drivers/hal/stm32c5xx_hal_rcc.c.obj
 .text._kill    0x080022ea       0x20 CMakeFiles/STM32C542R_Project2.dir/utilities/syscalls/syscalls.c.obj
                0x080022ea                _kill
 .text._exit    0x0800230a       0x16 CMakeFiles/STM32C542R_Project2.dir/utilities/syscalls/syscalls.c.obj
                0x0800230a                _exit
 .text._read    0x08002320       0x3a CMakeFiles/STM32C542R_Project2.dir/utilities/syscalls/syscalls.c.obj
                0x08002320                _read
 .text._write   0x0800235a       0x38 CMakeFiles/STM32C542R_Project2.dir/utilities/syscalls/syscalls.c.obj
                0x0800235a                _write
 .text._close   0x08002392       0x18 CMakeFiles/STM32C542R_Project2.dir/utilities/syscalls/syscalls.c.obj
                0x08002392                _close
 .text._fstat   0x080023aa       0x20 CMakeFiles/STM32C542R_Project2.dir/utilities/syscalls/syscalls.c.obj
                0x080023aa                _fstat
 .text._isatty  0x080023ca       0x16 CMakeFiles/STM32C542R_Project2.dir/utilities/syscalls/syscalls.c.obj
                0x080023ca                _isatty
 .text._lseek   0x080023e0       0x1a CMakeFiles/STM32C542R_Project2.dir/utilities/syscalls/syscalls.c.obj
                0x080023e0                _lseek
 *fill*         0x080023fa        0x2 
 .text._sbrk    0x080023fc       0x6c CMakeFiles/STM32C542R_Project2.dir/utilities/syscalls/sysmem.c.obj
                0x080023fc                _sbrk
 .text._puts_r  0x08002468       0xaa C:/ST/STM32CubeIDE_2.1.1/STM32CubeIDE/plugins/com.st.stm32cube.ide.mcu.externaltools.gnu-tools-for-stm32.14.3.rel1.win32_1.0.100.202602081740/tools/bin/../lib/gcc/arm-none-eabi/14.3.1/../../../../arm-none-eabi/lib/thumb/v8-m.main+fp/hard\libc_nano.a(libc_a-puts.o)
                0x08002468                _puts_r
 *fill*         0x08002512        0x2 
 .text.puts     0x08002514       0x10 C:/ST/STM32CubeIDE_2.1.1/STM32CubeIDE/plugins/com.st.stm32cube.ide.mcu.externaltools.gnu-tools-for-stm32.14.3.rel1.win32_1.0.100.202602081740/tools/bin/../lib/gcc/arm-none-eabi/14.3.1/../../../../arm-none-eabi/lib/thumb/v8-m.main+fp/hard\libc_nano.a(libc_a-puts.o)
                0x08002514                puts
 .text.__swbuf_r
                0x08002524       0x7c C:/ST/STM32CubeIDE_2.1.1/STM32CubeIDE/plugins/com.st.stm32cube.ide.mcu.externaltools.gnu-tools-for-stm32.14.3.rel1.win32_1.0.100.202602081740/tools/bin/../lib/gcc/arm-none-eabi/14.3.1/../../../../arm-none-eabi/lib/thumb/v8-m.main+fp/hard\libc_nano.a(libc_a-wbuf.o)
                0x08002524                __swbuf_r
 .text.__swsetup_r
                0x080025a0       0xa8 C:/ST/STM32CubeIDE_2.1.1/STM32CubeIDE/plugins/com.st.stm32cube.ide.mcu.externaltools.gnu-tools-for-stm32.14.3.rel1.win32_1.0.100.202602081740/tools/bin/../lib/gcc/arm-none-eabi/14.3.1/../../../../arm-none-eabi/lib/thumb/v8-m.main+fp/hard\libc_nano.a(libc_a-wsetup.o)
                0x080025a0                __swsetup_r
 .text.__errno  0x08002648        0xc C:/ST/STM32CubeIDE_2.1.1/STM32CubeIDE/plugins/com.st.stm32cube.ide.mcu.externaltools.gnu-tools-for-stm32.14.3.rel1.win32_1.0.100.202602081740/tools/bin/../lib/gcc/arm-none-eabi/14.3.1/../../../../arm-none-eabi/lib/thumb/v8-m.main+fp/hard\libc_nano.a(libc_a-errno.o)
                0x08002648                __errno
 .text.__swhatbuf_r
                0x08002654       0x48 C:/ST/STM32CubeIDE_2.1.1/STM32CubeIDE/plugins/com.st.stm32cube.ide.mcu.externaltools.gnu-tools-for-stm32.14.3.rel1.win32_1.0.100.202602081740/tools/bin/../lib/gcc/arm-none-eabi/14.3.1/../../../../arm-none-eabi/lib/thumb/v8-m.main+fp/hard\libc_nano.a(libc_a-makebuf.o)
                0x08002654                __swhatbuf_r
 .text.__smakebuf_r
                0x0800269c       0x72 C:/ST/STM32CubeIDE_2.1.1/STM32CubeIDE/plugins/com.st.stm32cube.ide.mcu.externaltools.gnu-tools-for-stm32.14.3.rel1.win32_1.0.100.202602081740/tools/bin/../lib/gcc/arm-none-eabi/14.3.1/../../../../arm-none-eabi/lib/thumb/v8-m.main+fp/hard\libc_nano.a(libc_a-makebuf.o)
                0x0800269c                __smakebuf_r
 *fill*         0x0800270e        0x2 
 .text._fstat_r
                0x08002710       0x24 C:/ST/STM32CubeIDE_2.1.1/STM32CubeIDE/plugins/com.st.stm32cube.ide.mcu.externaltools.gnu-tools-for-stm32.14.3.rel1.win32_1.0.100.202602081740/tools/bin/../lib/gcc/arm-none-eabi/14.3.1/../../../../arm-none-eabi/lib/thumb/v8-m.main+fp/hard\libc_nano.a(libc_a-fstatr.o)
                0x08002710                _fstat_r
 .text._isatty_r
                0x08002734       0x20 C:/ST/STM32CubeIDE_2.1.1/STM32CubeIDE/plugins/com.st.stm32cube.ide.mcu.externaltools.gnu-tools-for-stm32.14.3.rel1.win32_1.0.100.202602081740/tools/bin/../lib/gcc/arm-none-eabi/14.3.1/../../../../arm-none-eabi/lib/thumb/v8-m.main+fp/hard\libc_nano.a(libc_a-isattyr.o)
                0x08002734                _isatty_r
 *(.glue_7)
 .glue_7        0x08002754        0x0 linker stubs
 *(.glue_7t)
 .glue_7t       0x08002754        0x0 linker stubs
 *(.eh_frame)
 .eh_frame      0x08002754        0x0 C:/ST/STM32CubeIDE_2.1.1/STM32CubeIDE/plugins/com.st.stm32cube.ide.mcu.externaltools.gnu-tools-for-stm32.14.3.rel1.win32_1.0.100.202602081740/tools/bin/../lib/gcc/arm-none-eabi/14.3.1/thumb/v8-m.main+fp/hard/crtbegin.o
 *(.init)
 .init          0x08002754        0x4 C:/ST/STM32CubeIDE_2.1.1/STM32CubeIDE/plugins/com.st.stm32cube.ide.mcu.externaltools.gnu-tools-for-stm32.14.3.rel1.win32_1.0.100.202602081740/tools/bin/../lib/gcc/arm-none-eabi/14.3.1/thumb/v8-m.main+fp/hard/crti.o
                0x08002754                _init
 .init          0x08002758        0x8 C:/ST/STM32CubeIDE_2.1.1/STM32CubeIDE/plugins/com.st.stm32cube.ide.mcu.externaltools.gnu-tools-for-stm32.14.3.rel1.win32_1.0.100.202602081740/tools/bin/../lib/gcc/arm-none-eabi/14.3.1/thumb/v8-m.main+fp/hard/crtn.o
 *(.fini)
 .fini          0x08002760        0x4 C:/ST/STM32CubeIDE_2.1.1/STM32CubeIDE/plugins/com.st.stm32cube.ide.mcu.externaltools.gnu-tools-for-stm32.14.3.rel1.win32_1.0.100.202602081740/tools/bin/../lib/gcc/arm-none-eabi/14.3.1/thumb/v8-m.main+fp/hard/crti.o
                0x08002760                _fini
 .fini          0x08002764        0x8 C:/ST/STM32CubeIDE_2.1.1/STM32CubeIDE/plugins/com.st.stm32cube.ide.mcu.externaltools.gnu-tools-for-stm32.14.3.rel1.win32_1.0.100.202602081740/tools/bin/../lib/gcc/arm-none-eabi/14.3.1/thumb/v8-m.main+fp/hard/crtn.o
                0x08002770                        . = ALIGN (0x8)
 *fill*         0x0800276c        0x4 
                0x08002770                        _etext = .

.vfp11_veneer   0x08002770        0x0
 .vfp11_veneer  0x08002770        0x0 linker stubs

.v4_bx          0x08002770        0x0
 .v4_bx         0x08002770        0x0 linker stubs

.iplt           0x08002770        0x0
 .iplt          0x08002770        0x0 C:/ST/STM32CubeIDE_2.1.1/STM32CubeIDE/plugins/com.st.stm32cube.ide.mcu.externaltools.gnu-tools-for-stm32.14.3.rel1.win32_1.0.100.202602081740/tools/bin/../lib/gcc/arm-none-eabi/14.3.1/thumb/v8-m.main+fp/hard/crtbegin.o

.rodata         0x08002770       0xb8
                0x08002770                        . = ALIGN (0x8)
 *(.rodata)
 .rodata        0x08002770       0xa7 CMakeFiles/STM32C542R_Project2.dir/main.c.obj
 *(.rodata*)
 *fill*         0x08002817        0x1 
 .rodata.AHBPrescTable
                0x08002818       0x10 CMakeFiles/STM32C542R_Project2.dir/user_modifiable/Device/STM32C542RCT6/system_stm32c5xx.c.obj
                0x08002818                AHBPrescTable
                0x08002828                        . = ALIGN (0x8)

.ARM.extab      0x08002828        0x0
                0x08002828                        . = ALIGN (0x8)
 *(.ARM.extab* .gnu.linkonce.armextab.*)
                0x08002828                        . = ALIGN (0x8)

.ARM            0x08002828        0x8
                0x08002828                        . = ALIGN (0x8)
                0x08002828                        __exidx_start = .
 *(.ARM.exidx*)
 .ARM.exidx     0x08002828        0x8 C:/ST/STM32CubeIDE_2.1.1/STM32CubeIDE/plugins/com.st.stm32cube.ide.mcu.externaltools.gnu-tools-for-stm32.14.3.rel1.win32_1.0.100.202602081740/tools/bin/../lib/gcc/arm-none-eabi/14.3.1/../../../../arm-none-eabi/lib/thumb/v8-m.main+fp/hard/crt0.o
                                 0x10 (size before relaxing)
                0x08002830                        __exidx_end = .
                0x08002830                        . = ALIGN (0x8)

.preinit_array  0x08002830        0x0
                0x08002830                        . = ALIGN (0x8)
                0x08002830                        PROVIDE (__preinit_array_start = .)
 *(.preinit_array*)
                0x08002830                        PROVIDE (__preinit_array_end = .)
                0x08002830                        . = ALIGN (0x8)

.init_array     0x08002830        0x8
                0x08002830                        . = ALIGN (0x8)
                0x08002830                        PROVIDE (__init_array_start = .)
 *(SORT_BY_NAME(.init_array.*))
 *(.init_array*)
 .init_array    0x08002830        0x4 C:/ST/STM32CubeIDE_2.1.1/STM32CubeIDE/plugins/com.st.stm32cube.ide.mcu.externaltools.gnu-tools-for-stm32.14.3.rel1.win32_1.0.100.202602081740/tools/bin/../lib/gcc/arm-none-eabi/14.3.1/thumb/v8-m.main+fp/hard/crtbegin.o
                0x08002834                        PROVIDE (__init_array_end = .)
                0x08002838                        . = ALIGN (0x8)
 *fill*         0x08002834        0x4 

.fini_array     0x08002838        0x8
                0x08002838                        . = ALIGN (0x8)
                [!provide]                        PROVIDE (__fini_array_start = .)
 *(SORT_BY_NAME(.fini_array.*))
 *(.fini_array*)
 .fini_array    0x08002838        0x4 C:/ST/STM32CubeIDE_2.1.1/STM32CubeIDE/plugins/com.st.stm32cube.ide.mcu.externaltools.gnu-tools-for-stm32.14.3.rel1.win32_1.0.100.202602081740/tools/bin/../lib/gcc/arm-none-eabi/14.3.1/thumb/v8-m.main+fp/hard/crtbegin.o
                [!provide]                        PROVIDE (__fini_array_end = .)
                0x08002840                        . = ALIGN (0x8)
 *fill*         0x0800283c        0x4 

.copy.table     0x08002840        0xc
                0x08002840                        . = ALIGN (0x8)
                0x08002840                        __copy_table_start__ = .
                0x08002840        0x4 LONG 0x8002858 LOADADDR (.data)
                0x08002844        0x4 LONG 0x20000000 ADDR (.data)
                0x08002848        0x4 LONG 0x1a (SIZEOF (.data) / 0x4)
                0x0800284c                        __copy_table_end__ = .

.zero.table     0x0800284c        0xc
                0x08002850                        . = ALIGN (0x8)
 *fill*         0x0800284c        0x4 
                0x08002850                        __zero_table_start__ = .
                0x08002850        0x4 LONG 0x20000068 ADDR (.bss)
                0x08002854        0x4 LONG 0x5e (SIZEOF (.bss) / 0x4)
                0x08002858                        __zero_table_end__ = .

.rel.dyn        0x08002858        0x0
 .rel.iplt      0x08002858        0x0 C:/ST/STM32CubeIDE_2.1.1/STM32CubeIDE/plugins/com.st.stm32cube.ide.mcu.externaltools.gnu-tools-for-stm32.14.3.rel1.win32_1.0.100.202602081740/tools/bin/../lib/gcc/arm-none-eabi/14.3.1/thumb/v8-m.main+fp/hard/crtbegin.o

.data           0x20000000       0x68 load address 0x08002858
                0x20000000                        . = ALIGN (0x8)
                0x08002858                        _sidata = LOADADDR (.data)
                0x20000000                        __data_start__ = .
                0x20000000                        _sdata = .
 *(.data)
 *(.data*)
 .data.__sglue  0x20000000        0xc C:/ST/STM32CubeIDE_2.1.1/STM32CubeIDE/plugins/com.st.stm32cube.ide.mcu.externaltools.gnu-tools-for-stm32.14.3.rel1.win32_1.0.100.202602081740/tools/bin/../lib/gcc/arm-none-eabi/14.3.1/../../../../arm-none-eabi/lib/thumb/v8-m.main+fp/hard\libc_nano.a(libc_a-findfp.o)
                0x20000000                __sglue
 .data._impure_ptr
                0x2000000c        0x4 C:/ST/STM32CubeIDE_2.1.1/STM32CubeIDE/plugins/com.st.stm32cube.ide.mcu.externaltools.gnu-tools-for-stm32.14.3.rel1.win32_1.0.100.202602081740/tools/bin/../lib/gcc/arm-none-eabi/14.3.1/../../../../arm-none-eabi/lib/thumb/v8-m.main+fp/hard\libc_nano.a(libc_a-impure.o)
                0x2000000c                _impure_ptr
 .data._impure_data
                0x20000010       0x4c C:/ST/STM32CubeIDE_2.1.1/STM32CubeIDE/plugins/com.st.stm32cube.ide.mcu.externaltools.gnu-tools-for-stm32.14.3.rel1.win32_1.0.100.202602081740/tools/bin/../lib/gcc/arm-none-eabi/14.3.1/../../../../arm-none-eabi/lib/thumb/v8-m.main+fp/hard\libc_nano.a(libc_a-impure.o)
                0x20000010                _impure_data
 .data.SystemCoreClock
                0x2000005c        0x4 CMakeFiles/STM32C542R_Project2.dir/user_modifiable/Device/STM32C542RCT6/system_stm32c5xx.c.obj
                0x2000005c                SystemCoreClock
 .data.uwTickPrio
                0x20000060        0x4 CMakeFiles/STM32C542R_Project2.dir/stm32c5xx_drivers/hal/stm32c5xx_hal.c.obj
                0x20000060                uwTickPrio
 .data.uwTickFreq
                0x20000064        0x1 CMakeFiles/STM32C542R_Project2.dir/stm32c5xx_drivers/hal/stm32c5xx_hal.c.obj
                0x20000064                uwTickFreq
                0x20000068                        . = ALIGN (0x8)
 *fill*         0x20000065        0x3 
                0x20000068                        _edata = .

.igot.plt       0x20000068        0x0 load address 0x080028c0
 .igot.plt      0x20000068        0x0 C:/ST/STM32CubeIDE_2.1.1/STM32CubeIDE/plugins/com.st.stm32cube.ide.mcu.externaltools.gnu-tools-for-stm32.14.3.rel1.win32_1.0.100.202602081740/tools/bin/../lib/gcc/arm-none-eabi/14.3.1/thumb/v8-m.main+fp/hard/crtbegin.o

.bss            0x20000068      0x178 load address 0x080028c0
                0x20000068                        . = ALIGN (0x8)
                0x20000068                        _sbss = .
                0x20000068                        __bss_start__ = _sbss
 *(.bss)
 .bss           0x20000068       0x1c C:/ST/STM32CubeIDE_2.1.1/STM32CubeIDE/plugins/com.st.stm32cube.ide.mcu.externaltools.gnu-tools-for-stm32.14.3.rel1.win32_1.0.100.202602081740/tools/bin/../lib/gcc/arm-none-eabi/14.3.1/thumb/v8-m.main+fp/hard/crtbegin.o
 *(.bss*)
 .bss.__sf      0x20000084      0x138 C:/ST/STM32CubeIDE_2.1.1/STM32CubeIDE/plugins/com.st.stm32cube.ide.mcu.externaltools.gnu-tools-for-stm32.14.3.rel1.win32_1.0.100.202602081740/tools/bin/../lib/gcc/arm-none-eabi/14.3.1/../../../../arm-none-eabi/lib/thumb/v8-m.main+fp/hard\libc_nano.a(libc_a-findfp.o)
                0x20000084                __sf
 .bss.__stdio_exit_handler
                0x200001bc        0x4 C:/ST/STM32CubeIDE_2.1.1/STM32CubeIDE/plugins/com.st.stm32cube.ide.mcu.externaltools.gnu-tools-for-stm32.14.3.rel1.win32_1.0.100.202602081740/tools/bin/../lib/gcc/arm-none-eabi/14.3.1/../../../../arm-none-eabi/lib/thumb/v8-m.main+fp/hard\libc_nano.a(libc_a-findfp.o)
                0x200001bc                __stdio_exit_handler
 .bss.errno     0x200001c0        0x4 C:/ST/STM32CubeIDE_2.1.1/STM32CubeIDE/plugins/com.st.stm32cube.ide.mcu.externaltools.gnu-tools-for-stm32.14.3.rel1.win32_1.0.100.202602081740/tools/bin/../lib/gcc/arm-none-eabi/14.3.1/../../../../arm-none-eabi/lib/thumb/v8-m.main+fp/hard\libc_nano.a(libc_a-reent.o)
                0x200001c0                errno
 .bss.__lock___malloc_recursive_mutex
                0x200001c4        0x1 C:/ST/STM32CubeIDE_2.1.1/STM32CubeIDE/plugins/com.st.stm32cube.ide.mcu.externaltools.gnu-tools-for-stm32.14.3.rel1.win32_1.0.100.202602081740/tools/bin/../lib/gcc/arm-none-eabi/14.3.1/../../../../arm-none-eabi/lib/thumb/v8-m.main+fp/hard\libc_nano.a(libc_a-lock.o)
                0x200001c4                __lock___malloc_recursive_mutex
 .bss.__lock___sfp_recursive_mutex
                0x200001c5        0x1 C:/ST/STM32CubeIDE_2.1.1/STM32CubeIDE/plugins/com.st.stm32cube.ide.mcu.externaltools.gnu-tools-for-stm32.14.3.rel1.win32_1.0.100.202602081740/tools/bin/../lib/gcc/arm-none-eabi/14.3.1/../../../../arm-none-eabi/lib/thumb/v8-m.main+fp/hard\libc_nano.a(libc_a-lock.o)
                0x200001c5                __lock___sfp_recursive_mutex
 *fill*         0x200001c6        0x2 
 .bss.__malloc_sbrk_start
                0x200001c8        0x4 C:/ST/STM32CubeIDE_2.1.1/STM32CubeIDE/plugins/com.st.stm32cube.ide.mcu.externaltools.gnu-tools-for-stm32.14.3.rel1.win32_1.0.100.202602081740/tools/bin/../lib/gcc/arm-none-eabi/14.3.1/../../../../arm-none-eabi/lib/thumb/v8-m.main+fp/hard\libc_nano.a(libc_a-mallocr.o)
                0x200001c8                __malloc_sbrk_start
 .bss.__malloc_free_list
                0x200001cc        0x4 C:/ST/STM32CubeIDE_2.1.1/STM32CubeIDE/plugins/com.st.stm32cube.ide.mcu.externaltools.gnu-tools-for-stm32.14.3.rel1.win32_1.0.100.202602081740/tools/bin/../lib/gcc/arm-none-eabi/14.3.1/../../../../arm-none-eabi/lib/thumb/v8-m.main+fp/hard\libc_nano.a(libc_a-mallocr.o)
                0x200001cc                __malloc_free_list
 .bss.hICACHE   0x200001d0        0x8 CMakeFiles/STM32C542R_Project2.dir/generated/hal/mx_icache.c.obj
 .bss.uwTick    0x200001d8        0x4 CMakeFiles/STM32C542R_Project2.dir/stm32c5xx_drivers/hal/stm32c5xx_hal.c.obj
                0x200001d8                uwTick
 .bss.__sbrk_heap_end
                0x200001dc        0x4 CMakeFiles/STM32C542R_Project2.dir/utilities/syscalls/sysmem.c.obj
 *(COMMON)
                0x200001e0                        . = ALIGN (0x8)
                0x200001e0                        _ebss = .
                0x200001e0                        __bss_end__ = _ebss

.heap           0x200001e0      0x200 load address 0x080028c0
                0x200001e0                        . = ALIGN (0x8)
                0x200001e0                        __end__ = .
                [!provide]                        PROVIDE (end = .)
                0x200001e0                        _heap_start = .
                0x200003e0                        . = (. + HEAP_SIZE)
 *fill*         0x200001e0      0x200 
                0x200003e0                        . = ALIGN (0x8)
                0x200003e0                        _heap_end = .
                0x200003e0                        __HeapLimit = .

.stack          0x200003e0      0x400 load address 0x080028c0
                0x200003e0                        . = ALIGN (0x8)
                0x200003e0                        __StackLimit = .
                0x200007e0                        . = (. + STACK_SIZE)
 *fill*         0x200003e0      0x400 
                0x200007e0                        . = ALIGN (0x8)
                0x200007e0                        __StackTop = .
                0x200007e0                        _estack = .
                0x200007e0                        __stack = .

/DISCARD/
 libc.a(*)
 libm.a(*)
 libgcc.a(*)

.ARM.attributes
                0x00000000       0x36
 *(.ARM.attributes)
 .ARM.attributes
                0x00000000       0x26 C:/ST/STM32CubeIDE_2.1.1/STM32CubeIDE/plugins/com.st.stm32cube.ide.mcu.externaltools.gnu-tools-for-stm32.14.3.rel1.win32_1.0.100.202602081740/tools/bin/../lib/gcc/arm-none-eabi/14.3.1/thumb/v8-m.main+fp/hard/crti.o
 .ARM.attributes
                0x00000026       0x38 C:/ST/STM32CubeIDE_2.1.1/STM32CubeIDE/plugins/com.st.stm32cube.ide.mcu.externaltools.gnu-tools-for-stm32.14.3.rel1.win32_1.0.100.202602081740/tools/bin/../lib/gcc/arm-none-eabi/14.3.1/thumb/v8-m.main+fp/hard/crtbegin.o
 .ARM.attributes
                0x0000005e       0x24 C:/ST/STM32CubeIDE_2.1.1/STM32CubeIDE/plugins/com.st.stm32cube.ide.mcu.externaltools.gnu-tools-for-stm32.14.3.rel1.win32_1.0.100.202602081740/tools/bin/../lib/gcc/arm-none-eabi/14.3.1/../../../../arm-none-eabi/lib/thumb/v8-m.main+fp/hard/crt0.o
 .ARM.attributes
                0x00000082       0x38 C:/ST/STM32CubeIDE_2.1.1/STM32CubeIDE/plugins/com.st.stm32cube.ide.mcu.externaltools.gnu-tools-for-stm32.14.3.rel1.win32_1.0.100.202602081740/tools/bin/../lib/gcc/arm-none-eabi/14.3.1/../../../../arm-none-eabi/lib/thumb/v8-m.main+fp/hard\libc_nano.a(libc_a-exit.o)
 .ARM.attributes
                0x000000ba       0x38 C:/ST/STM32CubeIDE_2.1.1/STM32CubeIDE/plugins/com.st.stm32cube.ide.mcu.externaltools.gnu-tools-for-stm32.14.3.rel1.win32_1.0.100.202602081740/tools/bin/../lib/gcc/arm-none-eabi/14.3.1/../../../../arm-none-eabi/lib/thumb/v8-m.main+fp/hard\libc_nano.a(libc_a-findfp.o)
 .ARM.attributes
                0x000000f2       0x38 C:/ST/STM32CubeIDE_2.1.1/STM32CubeIDE/plugins/com.st.stm32cube.ide.mcu.externaltools.gnu-tools-for-stm32.14.3.rel1.win32_1.0.100.202602081740/tools/bin/../lib/gcc/arm-none-eabi/14.3.1/../../../../arm-none-eabi/lib/thumb/v8-m.main+fp/hard\libc_nano.a(libc_a-fwalk.o)
 .ARM.attributes
                0x0000012a       0x38 C:/ST/STM32CubeIDE_2.1.1/STM32CubeIDE/plugins/com.st.stm32cube.ide.mcu.externaltools.gnu-tools-for-stm32.14.3.rel1.win32_1.0.100.202602081740/tools/bin/../lib/gcc/arm-none-eabi/14.3.1/../../../../arm-none-eabi/lib/thumb/v8-m.main+fp/hard\libc_nano.a(libc_a-stdio.o)
 .ARM.attributes
                0x00000162       0x38 C:/ST/STM32CubeIDE_2.1.1/STM32CubeIDE/plugins/com.st.stm32cube.ide.mcu.externaltools.gnu-tools-for-stm32.14.3.rel1.win32_1.0.100.202602081740/tools/bin/../lib/gcc/arm-none-eabi/14.3.1/../../../../arm-none-eabi/lib/thumb/v8-m.main+fp/hard\libc_nano.a(libc_a-memset.o)
 .ARM.attributes
                0x0000019a       0x38 C:/ST/STM32CubeIDE_2.1.1/STM32CubeIDE/plugins/com.st.stm32cube.ide.mcu.externaltools.gnu-tools-for-stm32.14.3.rel1.win32_1.0.100.202602081740/tools/bin/../lib/gcc/arm-none-eabi/14.3.1/../../../../arm-none-eabi/lib/thumb/v8-m.main+fp/hard\libc_nano.a(libc_a-closer.o)
 .ARM.attributes
                0x000001d2       0x38 C:/ST/STM32CubeIDE_2.1.1/STM32CubeIDE/plugins/com.st.stm32cube.ide.mcu.externaltools.gnu-tools-for-stm32.14.3.rel1.win32_1.0.100.202602081740/tools/bin/../lib/gcc/arm-none-eabi/14.3.1/../../../../arm-none-eabi/lib/thumb/v8-m.main+fp/hard\libc_nano.a(libc_a-reent.o)
 .ARM.attributes
                0x0000020a       0x38 C:/ST/STM32CubeIDE_2.1.1/STM32CubeIDE/plugins/com.st.stm32cube.ide.mcu.externaltools.gnu-tools-for-stm32.14.3.rel1.win32_1.0.100.202602081740/tools/bin/../lib/gcc/arm-none-eabi/14.3.1/../../../../arm-none-eabi/lib/thumb/v8-m.main+fp/hard\libc_nano.a(libc_a-impure.o)
 .ARM.attributes
                0x00000242       0x38 C:/ST/STM32CubeIDE_2.1.1/STM32CubeIDE/plugins/com.st.stm32cube.ide.mcu.externaltools.gnu-tools-for-stm32.14.3.rel1.win32_1.0.100.202602081740/tools/bin/../lib/gcc/arm-none-eabi/14.3.1/../../../../arm-none-eabi/lib/thumb/v8-m.main+fp/hard\libc_nano.a(libc_a-lseekr.o)
 .ARM.attributes
                0x0000027a       0x38 C:/ST/STM32CubeIDE_2.1.1/STM32CubeIDE/plugins/com.st.stm32cube.ide.mcu.externaltools.gnu-tools-for-stm32.14.3.rel1.win32_1.0.100.202602081740/tools/bin/../lib/gcc/arm-none-eabi/14.3.1/../../../../arm-none-eabi/lib/thumb/v8-m.main+fp/hard\libc_nano.a(libc_a-readr.o)
 .ARM.attributes
                0x000002b2       0x38 C:/ST/STM32CubeIDE_2.1.1/STM32CubeIDE/plugins/com.st.stm32cube.ide.mcu.externaltools.gnu-tools-for-stm32.14.3.rel1.win32_1.0.100.202602081740/tools/bin/../lib/gcc/arm-none-eabi/14.3.1/../../../../arm-none-eabi/lib/thumb/v8-m.main+fp/hard\libc_nano.a(libc_a-writer.o)
 .ARM.attributes
                0x000002ea       0x38 C:/ST/STM32CubeIDE_2.1.1/STM32CubeIDE/plugins/com.st.stm32cube.ide.mcu.externaltools.gnu-tools-for-stm32.14.3.rel1.win32_1.0.100.202602081740/tools/bin/../lib/gcc/arm-none-eabi/14.3.1/../../../../arm-none-eabi/lib/thumb/v8-m.main+fp/hard\libc_nano.a(libc_a-init.o)
 .ARM.attributes
                0x00000322       0x38 C:/ST/STM32CubeIDE_2.1.1/STM32CubeIDE/plugins/com.st.stm32cube.ide.mcu.externaltools.gnu-tools-for-stm32.14.3.rel1.win32_1.0.100.202602081740/tools/bin/../lib/gcc/arm-none-eabi/14.3.1/../../../../arm-none-eabi/lib/thumb/v8-m.main+fp/hard\libc_nano.a(libc_a-lock.o)
 .ARM.attributes
                0x0000035a       0x38 C:/ST/STM32CubeIDE_2.1.1/STM32CubeIDE/plugins/com.st.stm32cube.ide.mcu.externaltools.gnu-tools-for-stm32.14.3.rel1.win32_1.0.100.202602081740/tools/bin/../lib/gcc/arm-none-eabi/14.3.1/../../../../arm-none-eabi/lib/thumb/v8-m.main+fp/hard\libc_nano.a(libc_a-freer.o)
 .ARM.attributes
                0x00000392       0x38 C:/ST/STM32CubeIDE_2.1.1/STM32CubeIDE/plugins/com.st.stm32cube.ide.mcu.externaltools.gnu-tools-for-stm32.14.3.rel1.win32_1.0.100.202602081740/tools/bin/../lib/gcc/arm-none-eabi/14.3.1/../../../../arm-none-eabi/lib/thumb/v8-m.main+fp/hard\libc_nano.a(libc_a-mallocr.o)
 .ARM.attributes
                0x000003ca       0x38 C:/ST/STM32CubeIDE_2.1.1/STM32CubeIDE/plugins/com.st.stm32cube.ide.mcu.externaltools.gnu-tools-for-stm32.14.3.rel1.win32_1.0.100.202602081740/tools/bin/../lib/gcc/arm-none-eabi/14.3.1/../../../../arm-none-eabi/lib/thumb/v8-m.main+fp/hard\libc_nano.a(libc_a-mlock.o)
 .ARM.attributes
                0x00000402       0x38 C:/ST/STM32CubeIDE_2.1.1/STM32CubeIDE/plugins/com.st.stm32cube.ide.mcu.externaltools.gnu-tools-for-stm32.14.3.rel1.win32_1.0.100.202602081740/tools/bin/../lib/gcc/arm-none-eabi/14.3.1/../../../../arm-none-eabi/lib/thumb/v8-m.main+fp/hard\libc_nano.a(libc_a-fflush.o)
 .ARM.attributes
                0x0000043a       0x38 C:/ST/STM32CubeIDE_2.1.1/STM32CubeIDE/plugins/com.st.stm32cube.ide.mcu.externaltools.gnu-tools-for-stm32.14.3.rel1.win32_1.0.100.202602081740/tools/bin/../lib/gcc/arm-none-eabi/14.3.1/../../../../arm-none-eabi/lib/thumb/v8-m.main+fp/hard\libc_nano.a(libc_a-sbrkr.o)
 .ARM.attributes
                0x00000472       0x3a CMakeFiles/STM32C542R_Project2.dir/main.c.obj
 .ARM.attributes
                0x000004ac       0x3a CMakeFiles/STM32C542R_Project2.dir/generated/hal/mx_cortex_mpu.c.obj
 .ARM.attributes
                0x000004e6       0x3a CMakeFiles/STM32C542R_Project2.dir/generated/hal/mx_cortex_nvic.c.obj
 .ARM.attributes
                0x00000520       0x3a CMakeFiles/STM32C542R_Project2.dir/generated/hal/mx_gpio_default.c.obj
 .ARM.attributes
                0x0000055a       0x3a CMakeFiles/STM32C542R_Project2.dir/generated/hal/mx_icache.c.obj
 .ARM.attributes
                0x00000594       0x3a CMakeFiles/STM32C542R_Project2.dir/generated/hal/mx_rcc.c.obj
 .ARM.attributes
                0x000005ce       0x3a CMakeFiles/STM32C542R_Project2.dir/generated/hal/mx_system.c.obj
 .ARM.attributes
                0x00000608       0x3a CMakeFiles/STM32C542R_Project2.dir/user_modifiable/Device/STM32C542RCT6/system_stm32c5xx.c.obj
 .ARM.attributes
                0x00000642       0x3a CMakeFiles/STM32C542R_Project2.dir/user_modifiable/Device/STM32C542RCT6/startup_stm32c542xx.c.obj
 .ARM.attributes
                0x0000067c       0x3a CMakeFiles/STM32C542R_Project2.dir/stm32c5xx_drivers/hal/stm32c5xx_hal.c.obj
 .ARM.attributes
                0x000006b6       0x3a CMakeFiles/STM32C542R_Project2.dir/stm32c5xx_drivers/hal/stm32c5xx_hal_cortex.c.obj
 .ARM.attributes
                0x000006f0       0x3a CMakeFiles/STM32C542R_Project2.dir/stm32c5xx_drivers/hal/stm32c5xx_hal_flash_itf.c.obj
 .ARM.attributes
                0x0000072a       0x3a CMakeFiles/STM32C542R_Project2.dir/stm32c5xx_drivers/hal/stm32c5xx_hal_gpio.c.obj
 .ARM.attributes
                0x00000764       0x3a CMakeFiles/STM32C542R_Project2.dir/stm32c5xx_drivers/hal/stm32c5xx_hal_icache.c.obj
 .ARM.attributes
                0x0000079e       0x3a CMakeFiles/STM32C542R_Project2.dir/stm32c5xx_drivers/hal/stm32c5xx_hal_rcc.c.obj
 .ARM.attributes
                0x000007d8       0x3a CMakeFiles/STM32C542R_Project2.dir/utilities/syscalls/syscalls.c.obj
 .ARM.attributes
                0x00000812       0x3a CMakeFiles/STM32C542R_Project2.dir/utilities/syscalls/sysmem.c.obj
 .ARM.attributes
                0x0000084c       0x38 C:/ST/STM32CubeIDE_2.1.1/STM32CubeIDE/plugins/com.st.stm32cube.ide.mcu.externaltools.gnu-tools-for-stm32.14.3.rel1.win32_1.0.100.202602081740/tools/bin/../lib/gcc/arm-none-eabi/14.3.1/../../../../arm-none-eabi/lib/thumb/v8-m.main+fp/hard\libc_nano.a(libc_a-puts.o)
 .ARM.attributes
                0x00000884       0x38 C:/ST/STM32CubeIDE_2.1.1/STM32CubeIDE/plugins/com.st.stm32cube.ide.mcu.externaltools.gnu-tools-for-stm32.14.3.rel1.win32_1.0.100.202602081740/tools/bin/../lib/gcc/arm-none-eabi/14.3.1/../../../../arm-none-eabi/lib/thumb/v8-m.main+fp/hard\libc_nano.a(libc_a-wbuf.o)
 .ARM.attributes
                0x000008bc       0x38 C:/ST/STM32CubeIDE_2.1.1/STM32CubeIDE/plugins/com.st.stm32cube.ide.mcu.externaltools.gnu-tools-for-stm32.14.3.rel1.win32_1.0.100.202602081740/tools/bin/../lib/gcc/arm-none-eabi/14.3.1/../../../../arm-none-eabi/lib/thumb/v8-m.main+fp/hard\libc_nano.a(libc_a-wsetup.o)
 .ARM.attributes
                0x000008f4       0x38 C:/ST/STM32CubeIDE_2.1.1/STM32CubeIDE/plugins/com.st.stm32cube.ide.mcu.externaltools.gnu-tools-for-stm32.14.3.rel1.win32_1.0.100.202602081740/tools/bin/../lib/gcc/arm-none-eabi/14.3.1/../../../../arm-none-eabi/lib/thumb/v8-m.main+fp/hard\libc_nano.a(libc_a-errno.o)
 .ARM.attributes
                0x0000092c       0x38 C:/ST/STM32CubeIDE_2.1.1/STM32CubeIDE/plugins/com.st.stm32cube.ide.mcu.externaltools.gnu-tools-for-stm32.14.3.rel1.win32_1.0.100.202602081740/tools/bin/../lib/gcc/arm-none-eabi/14.3.1/../../../../arm-none-eabi/lib/thumb/v8-m.main+fp/hard\libc_nano.a(libc_a-makebuf.o)
 .ARM.attributes
                0x00000964       0x38 C:/ST/STM32CubeIDE_2.1.1/STM32CubeIDE/plugins/com.st.stm32cube.ide.mcu.externaltools.gnu-tools-for-stm32.14.3.rel1.win32_1.0.100.202602081740/tools/bin/../lib/gcc/arm-none-eabi/14.3.1/../../../../arm-none-eabi/lib/thumb/v8-m.main+fp/hard\libc_nano.a(libc_a-fstatr.o)
 .ARM.attributes
                0x0000099c       0x38 C:/ST/STM32CubeIDE_2.1.1/STM32CubeIDE/plugins/com.st.stm32cube.ide.mcu.externaltools.gnu-tools-for-stm32.14.3.rel1.win32_1.0.100.202602081740/tools/bin/../lib/gcc/arm-none-eabi/14.3.1/../../../../arm-none-eabi/lib/thumb/v8-m.main+fp/hard\libc_nano.a(libc_a-isattyr.o)
 .ARM.attributes
                0x000009d4       0x26 C:/ST/STM32CubeIDE_2.1.1/STM32CubeIDE/plugins/com.st.stm32cube.ide.mcu.externaltools.gnu-tools-for-stm32.14.3.rel1.win32_1.0.100.202602081740/tools/bin/../lib/gcc/arm-none-eabi/14.3.1/thumb/v8-m.main+fp/hard/crtn.o
OUTPUT(STM32C542R_Project2.elf elf32-littlearm)
LOAD linker stubs
LOAD C:/ST/STM32CubeIDE_2.1.1/STM32CubeIDE/plugins/com.st.stm32cube.ide.mcu.externaltools.gnu-tools-for-stm32.14.3.rel1.win32_1.0.100.202602081740/tools/bin/../lib/gcc/arm-none-eabi/14.3.1/../../../../arm-none-eabi/lib/thumb/v8-m.main+fp/hard\libc.a
LOAD C:/ST/STM32CubeIDE_2.1.1/STM32CubeIDE/plugins/com.st.stm32cube.ide.mcu.externaltools.gnu-tools-for-stm32.14.3.rel1.win32_1.0.100.202602081740/tools/bin/../lib/gcc/arm-none-eabi/14.3.1/../../../../arm-none-eabi/lib/thumb/v8-m.main+fp/hard\libm.a
LOAD C:/ST/STM32CubeIDE_2.1.1/STM32CubeIDE/plugins/com.st.stm32cube.ide.mcu.externaltools.gnu-tools-for-stm32.14.3.rel1.win32_1.0.100.202602081740/tools/bin/../lib/gcc/arm-none-eabi/14.3.1/thumb/v8-m.main+fp/hard\libgcc.a

.debug_frame    0x00000000     0x57e4
 .debug_frame   0x00000000       0x28 C:/ST/STM32CubeIDE_2.1.1/STM32CubeIDE/plugins/com.st.stm32cube.ide.mcu.externaltools.gnu-tools-for-stm32.14.3.rel1.win32_1.0.100.202602081740/tools/bin/../lib/gcc/arm-none-eabi/14.3.1/../../../../arm-none-eabi/lib/thumb/v8-m.main+fp/hard\libc_nano.a(libc_a-exit.o)
 .debug_frame   0x00000028      0x144 C:/ST/STM32CubeIDE_2.1.1/STM32CubeIDE/plugins/com.st.stm32cube.ide.mcu.externaltools.gnu-tools-for-stm32.14.3.rel1.win32_1.0.100.202602081740/tools/bin/../lib/gcc/arm-none-eabi/14.3.1/../../../../arm-none-eabi/lib/thumb/v8-m.main+fp/hard\libc_nano.a(libc_a-findfp.o)
 .debug_frame   0x0000016c       0x34 C:/ST/STM32CubeIDE_2.1.1/STM32CubeIDE/plugins/com.st.stm32cube.ide.mcu.externaltools.gnu-tools-for-stm32.14.3.rel1.win32_1.0.100.202602081740/tools/bin/../lib/gcc/arm-none-eabi/14.3.1/../../../../arm-none-eabi/lib/thumb/v8-m.main+fp/hard\libc_nano.a(libc_a-fwalk.o)
 .debug_frame   0x000001a0       0x88 C:/ST/STM32CubeIDE_2.1.1/STM32CubeIDE/plugins/com.st.stm32cube.ide.mcu.externaltools.gnu-tools-for-stm32.14.3.rel1.win32_1.0.100.202602081740/tools/bin/../lib/gcc/arm-none-eabi/14.3.1/../../../../arm-none-eabi/lib/thumb/v8-m.main+fp/hard\libc_nano.a(libc_a-stdio.o)
 .debug_frame   0x00000228       0x20 C:/ST/STM32CubeIDE_2.1.1/STM32CubeIDE/plugins/com.st.stm32cube.ide.mcu.externaltools.gnu-tools-for-stm32.14.3.rel1.win32_1.0.100.202602081740/tools/bin/../lib/gcc/arm-none-eabi/14.3.1/../../../../arm-none-eabi/lib/thumb/v8-m.main+fp/hard\libc_nano.a(libc_a-memset.o)
 .debug_frame   0x00000248       0x2c C:/ST/STM32CubeIDE_2.1.1/STM32CubeIDE/plugins/com.st.stm32cube.ide.mcu.externaltools.gnu-tools-for-stm32.14.3.rel1.win32_1.0.100.202602081740/tools/bin/../lib/gcc/arm-none-eabi/14.3.1/../../../../arm-none-eabi/lib/thumb/v8-m.main+fp/hard\libc_nano.a(libc_a-closer.o)
 .debug_frame   0x00000274       0x38 C:/ST/STM32CubeIDE_2.1.1/STM32CubeIDE/plugins/com.st.stm32cube.ide.mcu.externaltools.gnu-tools-for-stm32.14.3.rel1.win32_1.0.100.202602081740/tools/bin/../lib/gcc/arm-none-eabi/14.3.1/../../../../arm-none-eabi/lib/thumb/v8-m.main+fp/hard\libc_nano.a(libc_a-reent.o)
 .debug_frame   0x000002ac       0x2c C:/ST/STM32CubeIDE_2.1.1/STM32CubeIDE/plugins/com.st.stm32cube.ide.mcu.externaltools.gnu-tools-for-stm32.14.3.rel1.win32_1.0.100.202602081740/tools/bin/../lib/gcc/arm-none-eabi/14.3.1/../../../../arm-none-eabi/lib/thumb/v8-m.main+fp/hard\libc_nano.a(libc_a-lseekr.o)
 .debug_frame   0x000002d8       0x2c C:/ST/STM32CubeIDE_2.1.1/STM32CubeIDE/plugins/com.st.stm32cube.ide.mcu.externaltools.gnu-tools-for-stm32.14.3.rel1.win32_1.0.100.202602081740/tools/bin/../lib/gcc/arm-none-eabi/14.3.1/../../../../arm-none-eabi/lib/thumb/v8-m.main+fp/hard\libc_nano.a(libc_a-readr.o)
 .debug_frame   0x00000304       0x2c C:/ST/STM32CubeIDE_2.1.1/STM32CubeIDE/plugins/com.st.stm32cube.ide.mcu.externaltools.gnu-tools-for-stm32.14.3.rel1.win32_1.0.100.202602081740/tools/bin/../lib/gcc/arm-none-eabi/14.3.1/../../../../arm-none-eabi/lib/thumb/v8-m.main+fp/hard\libc_nano.a(libc_a-writer.o)
 .debug_frame   0x00000330       0x2c C:/ST/STM32CubeIDE_2.1.1/STM32CubeIDE/plugins/com.st.stm32cube.ide.mcu.externaltools.gnu-tools-for-stm32.14.3.rel1.win32_1.0.100.202602081740/tools/bin/../lib/gcc/arm-none-eabi/14.3.1/../../../../arm-none-eabi/lib/thumb/v8-m.main+fp/hard\libc_nano.a(libc_a-init.o)
 .debug_frame   0x0000035c       0xb0 C:/ST/STM32CubeIDE_2.1.1/STM32CubeIDE/plugins/com.st.stm32cube.ide.mcu.externaltools.gnu-tools-for-stm32.14.3.rel1.win32_1.0.100.202602081740/tools/bin/../lib/gcc/arm-none-eabi/14.3.1/../../../../arm-none-eabi/lib/thumb/v8-m.main+fp/hard\libc_nano.a(libc_a-lock.o)
 .debug_frame   0x0000040c       0x38 C:/ST/STM32CubeIDE_2.1.1/STM32CubeIDE/plugins/com.st.stm32cube.ide.mcu.externaltools.gnu-tools-for-stm32.14.3.rel1.win32_1.0.100.202602081740/tools/bin/../lib/gcc/arm-none-eabi/14.3.1/../../../../arm-none-eabi/lib/thumb/v8-m.main+fp/hard\libc_nano.a(libc_a-freer.o)
 .debug_frame   0x00000444       0x50 C:/ST/STM32CubeIDE_2.1.1/STM32CubeIDE/plugins/com.st.stm32cube.ide.mcu.externaltools.gnu-tools-for-stm32.14.3.rel1.win32_1.0.100.202602081740/tools/bin/../lib/gcc/arm-none-eabi/14.3.1/../../../../arm-none-eabi/lib/thumb/v8-m.main+fp/hard\libc_nano.a(libc_a-mallocr.o)
 .debug_frame   0x00000494       0x30 C:/ST/STM32CubeIDE_2.1.1/STM32CubeIDE/plugins/com.st.stm32cube.ide.mcu.externaltools.gnu-tools-for-stm32.14.3.rel1.win32_1.0.100.202602081740/tools/bin/../lib/gcc/arm-none-eabi/14.3.1/../../../../arm-none-eabi/lib/thumb/v8-m.main+fp/hard\libc_nano.a(libc_a-mlock.o)
 .debug_frame   0x000004c4       0x5c C:/ST/STM32CubeIDE_2.1.1/STM32CubeIDE/plugins/com.st.stm32cube.ide.mcu.externaltools.gnu-tools-for-stm32.14.3.rel1.win32_1.0.100.202602081740/tools/bin/../lib/gcc/arm-none-eabi/14.3.1/../../../../arm-none-eabi/lib/thumb/v8-m.main+fp/hard\libc_nano.a(libc_a-fflush.o)
 .debug_frame   0x00000520       0x2c C:/ST/STM32CubeIDE_2.1.1/STM32CubeIDE/plugins/com.st.stm32cube.ide.mcu.externaltools.gnu-tools-for-stm32.14.3.rel1.win32_1.0.100.202602081740/tools/bin/../lib/gcc/arm-none-eabi/14.3.1/../../../../arm-none-eabi/lib/thumb/v8-m.main+fp/hard\libc_nano.a(libc_a-sbrkr.o)
 .debug_frame   0x0000054c      0x188 CMakeFiles/STM32C542R_Project2.dir/main.c.obj
 .debug_frame   0x000006d4       0x58 CMakeFiles/STM32C542R_Project2.dir/generated/hal/mx_cortex_mpu.c.obj
 .debug_frame   0x0000072c       0x2c CMakeFiles/STM32C542R_Project2.dir/generated/hal/mx_cortex_nvic.c.obj
 .debug_frame   0x00000758       0xac CMakeFiles/STM32C542R_Project2.dir/generated/hal/mx_gpio_default.c.obj
 .debug_frame   0x00000804       0x64 CMakeFiles/STM32C542R_Project2.dir/generated/hal/mx_icache.c.obj
 .debug_frame   0x00000868       0x6c CMakeFiles/STM32C542R_Project2.dir/generated/hal/mx_rcc.c.obj
 .debug_frame   0x000008d4       0x80 CMakeFiles/STM32C542R_Project2.dir/generated/hal/mx_system.c.obj
 .debug_frame   0x00000954       0x90 CMakeFiles/STM32C542R_Project2.dir/user_modifiable/Device/STM32C542RCT6/system_stm32c5xx.c.obj
 .debug_frame   0x000009e4       0x7c CMakeFiles/STM32C542R_Project2.dir/user_modifiable/Device/STM32C542RCT6/startup_stm32c542xx.c.obj
 .debug_frame   0x00000a60      0x424 CMakeFiles/STM32C542R_Project2.dir/stm32c5xx_drivers/hal/stm32c5xx_hal.c.obj
 .debug_frame   0x00000e84      0x850 CMakeFiles/STM32C542R_Project2.dir/stm32c5xx_drivers/hal/stm32c5xx_hal_cortex.c.obj
 .debug_frame   0x000016d4     0x15b8 CMakeFiles/STM32C542R_Project2.dir/stm32c5xx_drivers/hal/stm32c5xx_hal_flash_itf.c.obj
 .debug_frame   0x00002c8c      0x2e0 CMakeFiles/STM32C542R_Project2.dir/stm32c5xx_drivers/hal/stm32c5xx_hal_gpio.c.obj
 .debug_frame   0x00002f6c      0x6d4 CMakeFiles/STM32C542R_Project2.dir/stm32c5xx_drivers/hal/stm32c5xx_hal_icache.c.obj
 .debug_frame   0x00003640     0x1d70 CMakeFiles/STM32C542R_Project2.dir/stm32c5xx_drivers/hal/stm32c5xx_hal_rcc.c.obj
 .debug_frame   0x000053b0      0x288 CMakeFiles/STM32C542R_Project2.dir/utilities/syscalls/syscalls.c.obj
 .debug_frame   0x00005638       0x34 CMakeFiles/STM32C542R_Project2.dir/utilities/syscalls/sysmem.c.obj
 .debug_frame   0x0000566c       0x3c C:/ST/STM32CubeIDE_2.1.1/STM32CubeIDE/plugins/com.st.stm32cube.ide.mcu.externaltools.gnu-tools-for-stm32.14.3.rel1.win32_1.0.100.202602081740/tools/bin/../lib/gcc/arm-none-eabi/14.3.1/../../../../arm-none-eabi/lib/thumb/v8-m.main+fp/hard\libc_nano.a(libc_a-puts.o)
 .debug_frame   0x000056a8       0x40 C:/ST/STM32CubeIDE_2.1.1/STM32CubeIDE/plugins/com.st.stm32cube.ide.mcu.externaltools.gnu-tools-for-stm32.14.3.rel1.win32_1.0.100.202602081740/tools/bin/../lib/gcc/arm-none-eabi/14.3.1/../../../../arm-none-eabi/lib/thumb/v8-m.main+fp/hard\libc_nano.a(libc_a-wbuf.o)
 .debug_frame   0x000056e8       0x2c C:/ST/STM32CubeIDE_2.1.1/STM32CubeIDE/plugins/com.st.stm32cube.ide.mcu.externaltools.gnu-tools-for-stm32.14.3.rel1.win32_1.0.100.202602081740/tools/bin/../lib/gcc/arm-none-eabi/14.3.1/../../../../arm-none-eabi/lib/thumb/v8-m.main+fp/hard\libc_nano.a(libc_a-wsetup.o)
 .debug_frame   0x00005714       0x20 C:/ST/STM32CubeIDE_2.1.1/STM32CubeIDE/plugins/com.st.stm32cube.ide.mcu.externaltools.gnu-tools-for-stm32.14.3.rel1.win32_1.0.100.202602081740/tools/bin/../lib/gcc/arm-none-eabi/14.3.1/../../../../arm-none-eabi/lib/thumb/v8-m.main+fp/hard\libc_nano.a(libc_a-errno.o)
 .debug_frame   0x00005734       0x58 C:/ST/STM32CubeIDE_2.1.1/STM32CubeIDE/plugins/com.st.stm32cube.ide.mcu.externaltools.gnu-tools-for-stm32.14.3.rel1.win32_1.0.100.202602081740/tools/bin/../lib/gcc/arm-none-eabi/14.3.1/../../../../arm-none-eabi/lib/thumb/v8-m.main+fp/hard\libc_nano.a(libc_a-makebuf.o)
 .debug_frame   0x0000578c       0x2c C:/ST/STM32CubeIDE_2.1.1/STM32CubeIDE/plugins/com.st.stm32cube.ide.mcu.externaltools.gnu-tools-for-stm32.14.3.rel1.win32_1.0.100.202602081740/tools/bin/../lib/gcc/arm-none-eabi/14.3.1/../../../../arm-none-eabi/lib/thumb/v8-m.main+fp/hard\libc_nano.a(libc_a-fstatr.o)
 .debug_frame   0x000057b8       0x2c C:/ST/STM32CubeIDE_2.1.1/STM32CubeIDE/plugins/com.st.stm32cube.ide.mcu.externaltools.gnu-tools-for-stm32.14.3.rel1.win32_1.0.100.202602081740/tools/bin/../lib/gcc/arm-none-eabi/14.3.1/../../../../arm-none-eabi/lib/thumb/v8-m.main+fp/hard\libc_nano.a(libc_a-isattyr.o)

.debug_info     0x00000000     0xdf66
 .debug_info    0x00000000      0xa48 CMakeFiles/STM32C542R_Project2.dir/main.c.obj
 .debug_info    0x00000a48      0x441 CMakeFiles/STM32C542R_Project2.dir/generated/hal/mx_cortex_mpu.c.obj
 .debug_info    0x00000e89      0x155 CMakeFiles/STM32C542R_Project2.dir/generated/hal/mx_cortex_nvic.c.obj
 .debug_info    0x00000fde      0x756 CMakeFiles/STM32C542R_Project2.dir/generated/hal/mx_gpio_default.c.obj
 .debug_info    0x00001734      0x200 CMakeFiles/STM32C542R_Project2.dir/generated/hal/mx_icache.c.obj
 .debug_info    0x00001934      0x50f CMakeFiles/STM32C542R_Project2.dir/generated/hal/mx_rcc.c.obj
 .debug_info    0x00001e43      0x2c7 CMakeFiles/STM32C542R_Project2.dir/generated/hal/mx_system.c.obj
 .debug_info    0x0000210a      0x79e CMakeFiles/STM32C542R_Project2.dir/user_modifiable/Device/STM32C542RCT6/system_stm32c5xx.c.obj
 .debug_info    0x000028a8      0x374 CMakeFiles/STM32C542R_Project2.dir/user_modifiable/Device/STM32C542RCT6/startup_stm32c542xx.c.obj
 .debug_info    0x00002c1c      0xff9 CMakeFiles/STM32C542R_Project2.dir/stm32c5xx_drivers/hal/stm32c5xx_hal.c.obj
 .debug_info    0x00003c15     0x192e CMakeFiles/STM32C542R_Project2.dir/stm32c5xx_drivers/hal/stm32c5xx_hal_cortex.c.obj
 .debug_info    0x00005543     0x2912 CMakeFiles/STM32C542R_Project2.dir/stm32c5xx_drivers/hal/stm32c5xx_hal_flash_itf.c.obj
 .debug_info    0x00007e55     0x1063 CMakeFiles/STM32C542R_Project2.dir/stm32c5xx_drivers/hal/stm32c5xx_hal_gpio.c.obj
 .debug_info    0x00008eb8      0xe71 CMakeFiles/STM32C542R_Project2.dir/stm32c5xx_drivers/hal/stm32c5xx_hal_icache.c.obj
 .debug_info    0x00009d29     0x3a27 CMakeFiles/STM32C542R_Project2.dir/stm32c5xx_drivers/hal/stm32c5xx_hal_rcc.c.obj
 .debug_info    0x0000d750      0x6ae CMakeFiles/STM32C542R_Project2.dir/utilities/syscalls/syscalls.c.obj
 .debug_info    0x0000ddfe      0x168 CMakeFiles/STM32C542R_Project2.dir/utilities/syscalls/sysmem.c.obj

.debug_abbrev   0x00000000     0x220e
 .debug_abbrev  0x00000000      0x21e CMakeFiles/STM32C542R_Project2.dir/main.c.obj
 .debug_abbrev  0x0000021e      0x124 CMakeFiles/STM32C542R_Project2.dir/generated/hal/mx_cortex_mpu.c.obj
 .debug_abbrev  0x00000342       0x9a CMakeFiles/STM32C542R_Project2.dir/generated/hal/mx_cortex_nvic.c.obj
 .debug_abbrev  0x000003dc      0x26c CMakeFiles/STM32C542R_Project2.dir/generated/hal/mx_gpio_default.c.obj
 .debug_abbrev  0x00000648      0x129 CMakeFiles/STM32C542R_Project2.dir/generated/hal/mx_icache.c.obj
 .debug_abbrev  0x00000771      0x166 CMakeFiles/STM32C542R_Project2.dir/generated/hal/mx_rcc.c.obj
 .debug_abbrev  0x000008d7      0x140 CMakeFiles/STM32C542R_Project2.dir/generated/hal/mx_system.c.obj
 .debug_abbrev  0x00000a17      0x187 CMakeFiles/STM32C542R_Project2.dir/user_modifiable/Device/STM32C542RCT6/system_stm32c5xx.c.obj
 .debug_abbrev  0x00000b9e      0x21e CMakeFiles/STM32C542R_Project2.dir/user_modifiable/Device/STM32C542RCT6/startup_stm32c542xx.c.obj
 .debug_abbrev  0x00000dbc      0x320 CMakeFiles/STM32C542R_Project2.dir/stm32c5xx_drivers/hal/stm32c5xx_hal.c.obj
 .debug_abbrev  0x000010dc      0x3f2 CMakeFiles/STM32C542R_Project2.dir/stm32c5xx_drivers/hal/stm32c5xx_hal_cortex.c.obj
 .debug_abbrev  0x000014ce      0x227 CMakeFiles/STM32C542R_Project2.dir/stm32c5xx_drivers/hal/stm32c5xx_hal_flash_itf.c.obj
 .debug_abbrev  0x000016f5      0x2c5 CMakeFiles/STM32C542R_Project2.dir/stm32c5xx_drivers/hal/stm32c5xx_hal_gpio.c.obj
 .debug_abbrev  0x000019ba      0x22a CMakeFiles/STM32C542R_Project2.dir/stm32c5xx_drivers/hal/stm32c5xx_hal_icache.c.obj
 .debug_abbrev  0x00001be4      0x356 CMakeFiles/STM32C542R_Project2.dir/stm32c5xx_drivers/hal/stm32c5xx_hal_rcc.c.obj
 .debug_abbrev  0x00001f3a      0x218 CMakeFiles/STM32C542R_Project2.dir/utilities/syscalls/syscalls.c.obj
 .debug_abbrev  0x00002152       0xbc CMakeFiles/STM32C542R_Project2.dir/utilities/syscalls/sysmem.c.obj

.debug_aranges  0x00000000     0x1478
 .debug_aranges
                0x00000000       0x70 CMakeFiles/STM32C542R_Project2.dir/main.c.obj
 .debug_aranges
                0x00000070       0x28 CMakeFiles/STM32C542R_Project2.dir/generated/hal/mx_cortex_mpu.c.obj
 .debug_aranges
                0x00000098       0x20 CMakeFiles/STM32C542R_Project2.dir/generated/hal/mx_cortex_nvic.c.obj
 .debug_aranges
                0x000000b8       0x40 CMakeFiles/STM32C542R_Project2.dir/generated/hal/mx_gpio_default.c.obj
 .debug_aranges
                0x000000f8       0x30 CMakeFiles/STM32C542R_Project2.dir/generated/hal/mx_icache.c.obj
 .debug_aranges
                0x00000128       0x30 CMakeFiles/STM32C542R_Project2.dir/generated/hal/mx_rcc.c.obj
 .debug_aranges
                0x00000158       0x38 CMakeFiles/STM32C542R_Project2.dir/generated/hal/mx_system.c.obj
 .debug_aranges
                0x00000190       0x38 CMakeFiles/STM32C542R_Project2.dir/user_modifiable/Device/STM32C542RCT6/system_stm32c5xx.c.obj
 .debug_aranges
                0x000001c8       0x38 CMakeFiles/STM32C542R_Project2.dir/user_modifiable/Device/STM32C542RCT6/startup_stm32c542xx.c.obj
 .debug_aranges
                0x00000200      0x118 CMakeFiles/STM32C542R_Project2.dir/stm32c5xx_drivers/hal/stm32c5xx_hal.c.obj
 .debug_aranges
                0x00000318      0x208 CMakeFiles/STM32C542R_Project2.dir/stm32c5xx_drivers/hal/stm32c5xx_hal_cortex.c.obj
 .debug_aranges
                0x00000520      0x4e8 CMakeFiles/STM32C542R_Project2.dir/stm32c5xx_drivers/hal/stm32c5xx_hal_flash_itf.c.obj
 .debug_aranges
                0x00000a08       0xb8 CMakeFiles/STM32C542R_Project2.dir/stm32c5xx_drivers/hal/stm32c5xx_hal_gpio.c.obj
 .debug_aranges
                0x00000ac0      0x198 CMakeFiles/STM32C542R_Project2.dir/stm32c5xx_drivers/hal/stm32c5xx_hal_icache.c.obj
 .debug_aranges
                0x00000c58      0x758 CMakeFiles/STM32C542R_Project2.dir/stm32c5xx_drivers/hal/stm32c5xx_hal_rcc.c.obj
 .debug_aranges
                0x000013b0       0xa8 CMakeFiles/STM32C542R_Project2.dir/utilities/syscalls/syscalls.c.obj
 .debug_aranges
                0x00001458       0x20 CMakeFiles/STM32C542R_Project2.dir/utilities/syscalls/sysmem.c.obj

.debug_rnglists
                0x00000000      0xf27
 .debug_rnglists
                0x00000000       0x51 CMakeFiles/STM32C542R_Project2.dir/main.c.obj
 .debug_rnglists
                0x00000051       0x1a CMakeFiles/STM32C542R_Project2.dir/generated/hal/mx_cortex_mpu.c.obj
 .debug_rnglists
                0x0000006b       0x13 CMakeFiles/STM32C542R_Project2.dir/generated/hal/mx_cortex_nvic.c.obj
 .debug_rnglists
                0x0000007e       0x2c CMakeFiles/STM32C542R_Project2.dir/generated/hal/mx_gpio_default.c.obj
 .debug_rnglists
                0x000000aa       0x1f CMakeFiles/STM32C542R_Project2.dir/generated/hal/mx_icache.c.obj
 .debug_rnglists
                0x000000c9       0x20 CMakeFiles/STM32C542R_Project2.dir/generated/hal/mx_rcc.c.obj
 .debug_rnglists
                0x000000e9       0x26 CMakeFiles/STM32C542R_Project2.dir/generated/hal/mx_system.c.obj
 .debug_rnglists
                0x0000010f       0x26 CMakeFiles/STM32C542R_Project2.dir/user_modifiable/Device/STM32C542RCT6/system_stm32c5xx.c.obj
 .debug_rnglists
                0x00000135       0x26 CMakeFiles/STM32C542R_Project2.dir/user_modifiable/Device/STM32C542RCT6/startup_stm32c542xx.c.obj
 .debug_rnglists
                0x0000015b       0xcd CMakeFiles/STM32C542R_Project2.dir/stm32c5xx_drivers/hal/stm32c5xx_hal.c.obj
 .debug_rnglists
                0x00000228      0x181 CMakeFiles/STM32C542R_Project2.dir/stm32c5xx_drivers/hal/stm32c5xx_hal_cortex.c.obj
 .debug_rnglists
                0x000003a9      0x3aa CMakeFiles/STM32C542R_Project2.dir/stm32c5xx_drivers/hal/stm32c5xx_hal_flash_itf.c.obj
 .debug_rnglists
                0x00000753       0x8c CMakeFiles/STM32C542R_Project2.dir/stm32c5xx_drivers/hal/stm32c5xx_hal_gpio.c.obj
 .debug_rnglists
                0x000007df      0x12d CMakeFiles/STM32C542R_Project2.dir/stm32c5xx_drivers/hal/stm32c5xx_hal_icache.c.obj
 .debug_rnglists
                0x0000090c      0x58f CMakeFiles/STM32C542R_Project2.dir/stm32c5xx_drivers/hal/stm32c5xx_hal_rcc.c.obj
 .debug_rnglists
                0x00000e9b       0x79 CMakeFiles/STM32C542R_Project2.dir/utilities/syscalls/syscalls.c.obj
 .debug_rnglists
                0x00000f14       0x13 CMakeFiles/STM32C542R_Project2.dir/utilities/syscalls/sysmem.c.obj

.debug_macro    0x00000000    0x1b19e
 .debug_macro   0x00000000      0x30f CMakeFiles/STM32C542R_Project2.dir/main.c.obj
 .debug_macro   0x0000030f      0xb8c CMakeFiles/STM32C542R_Project2.dir/main.c.obj
 .debug_macro   0x00000e9b       0x11 CMakeFiles/STM32C542R_Project2.dir/main.c.obj
 .debug_macro   0x00000eac      0x190 CMakeFiles/STM32C542R_Project2.dir/main.c.obj
 .debug_macro   0x0000103c      0x60c CMakeFiles/STM32C542R_Project2.dir/main.c.obj
 .debug_macro   0x00001648       0x2e CMakeFiles/STM32C542R_Project2.dir/main.c.obj
 .debug_macro   0x00001676       0x42 CMakeFiles/STM32C542R_Project2.dir/main.c.obj
 .debug_macro   0x000016b8       0x22 CMakeFiles/STM32C542R_Project2.dir/main.c.obj
 .debug_macro   0x000016da       0x8e CMakeFiles/STM32C542R_Project2.dir/main.c.obj
 .debug_macro   0x00001768       0x51 CMakeFiles/STM32C542R_Project2.dir/main.c.obj
 .debug_macro   0x000017b9      0x103 CMakeFiles/STM32C542R_Project2.dir/main.c.obj
 .debug_macro   0x000018bc       0x6a CMakeFiles/STM32C542R_Project2.dir/main.c.obj
 .debug_macro   0x00001926      0x1df CMakeFiles/STM32C542R_Project2.dir/main.c.obj
 .debug_macro   0x00001b05       0x2e CMakeFiles/STM32C542R_Project2.dir/main.c.obj
 .debug_macro   0x00001b33       0x18 CMakeFiles/STM32C542R_Project2.dir/main.c.obj
 .debug_macro   0x00001b4b       0x58 CMakeFiles/STM32C542R_Project2.dir/main.c.obj
 .debug_macro   0x00001ba3      0x26d CMakeFiles/STM32C542R_Project2.dir/main.c.obj
 .debug_macro   0x00001e10       0x28 CMakeFiles/STM32C542R_Project2.dir/main.c.obj
 .debug_macro   0x00001e38     0x16f5 CMakeFiles/STM32C542R_Project2.dir/main.c.obj
 .debug_macro   0x0000352d      0x130 CMakeFiles/STM32C542R_Project2.dir/main.c.obj
 .debug_macro   0x0000365d    0x120e7 CMakeFiles/STM32C542R_Project2.dir/main.c.obj
 .debug_macro   0x00015744       0x93 CMakeFiles/STM32C542R_Project2.dir/main.c.obj
 .debug_macro   0x000157d7       0x61 CMakeFiles/STM32C542R_Project2.dir/main.c.obj
 .debug_macro   0x00015838       0x2a CMakeFiles/STM32C542R_Project2.dir/main.c.obj
 .debug_macro   0x00015862       0x43 CMakeFiles/STM32C542R_Project2.dir/main.c.obj
 .debug_macro   0x000158a5       0x34 CMakeFiles/STM32C542R_Project2.dir/main.c.obj
 .debug_macro   0x000158d9      0x364 CMakeFiles/STM32C542R_Project2.dir/main.c.obj
 .debug_macro   0x00015c3d       0x16 CMakeFiles/STM32C542R_Project2.dir/main.c.obj
 .debug_macro   0x00015c53       0x4a CMakeFiles/STM32C542R_Project2.dir/main.c.obj
 .debug_macro   0x00015c9d       0x34 CMakeFiles/STM32C542R_Project2.dir/main.c.obj
 .debug_macro   0x00015cd1       0x10 CMakeFiles/STM32C542R_Project2.dir/main.c.obj
 .debug_macro   0x00015ce1       0x58 CMakeFiles/STM32C542R_Project2.dir/main.c.obj
 .debug_macro   0x00015d39       0x8e CMakeFiles/STM32C542R_Project2.dir/main.c.obj
 .debug_macro   0x00015dc7       0x1c CMakeFiles/STM32C542R_Project2.dir/main.c.obj
 .debug_macro   0x00015de3      0x17e CMakeFiles/STM32C542R_Project2.dir/main.c.obj
 .debug_macro   0x00015f61      0x19b CMakeFiles/STM32C542R_Project2.dir/main.c.obj
 .debug_macro   0x000160fc       0x51 CMakeFiles/STM32C542R_Project2.dir/main.c.obj
 .debug_macro   0x0001614d       0x58 CMakeFiles/STM32C542R_Project2.dir/main.c.obj
 .debug_macro   0x000161a5       0x10 CMakeFiles/STM32C542R_Project2.dir/main.c.obj
 .debug_macro   0x000161b5       0x22 CMakeFiles/STM32C542R_Project2.dir/main.c.obj
 .debug_macro   0x000161d7      0x6ca CMakeFiles/STM32C542R_Project2.dir/main.c.obj
 .debug_macro   0x000168a1      0x1f4 CMakeFiles/STM32C542R_Project2.dir/main.c.obj
 .debug_macro   0x00016a95       0xda CMakeFiles/STM32C542R_Project2.dir/main.c.obj
 .debug_macro   0x00016b6f       0x35 CMakeFiles/STM32C542R_Project2.dir/main.c.obj
 .debug_macro   0x00016ba4      0x161 CMakeFiles/STM32C542R_Project2.dir/main.c.obj
 .debug_macro   0x00016d05      0x79e CMakeFiles/STM32C542R_Project2.dir/main.c.obj
 .debug_macro   0x000174a3       0x1f CMakeFiles/STM32C542R_Project2.dir/main.c.obj