Archive member included to satisfy reference by file (symbol)

C:/ST/STM32CubeIDE_2.1.1/STM32CubeIDE/plugins/com.st.stm32cube.ide.mcu.externaltools.gnu-tools-for-stm32.14.3.rel1.win32_1.0.100.202602081740/tools/bin/../lib/gcc/arm-none-eabi/14.3.1/../../../../arm-none-eabi/lib/thumb/v8-m.main+fp/hard\libc_nano.a(libc_a-exit.o)
                              C:/ST/STM32CubeIDE_2.1.1/STM32CubeIDE/plugins/com.st.stm32cube.ide.mcu.externaltools.gnu-tools-for-stm32.14.3.rel1.win32_1.0.100.202602081740/tools/bin/../lib/gcc/arm-none-eabi/14.3.1/../../../../arm-none-eabi/lib/thumb/v8-m.main+fp/hard/crt0.o (exit)
C:/ST/STM32CubeIDE_2.1.1/STM32CubeIDE/plugins/com.st.stm32cube.ide.mcu.externaltools.gnu-tools-for-stm32.14.3.rel1.win32_1.0.100.202602081740/tools/bin/../lib/gcc/arm-none-eabi/14.3.1/../../../../arm-none-eabi/lib/thumb/v8-m.main+fp/hard\libc_nano.a(libc_a-findfp.o)
                              C:/ST/STM32CubeIDE_2.1.1/STM32CubeIDE/plugins/com.st.stm32cube.ide.mcu.externaltools.gnu-tools-for-stm32.14.3.rel1.win32_1.0.100.202602081740/tools/bin/../lib/gcc/arm-none-eabi/14.3.1/../../../../arm-none-eabi/lib/thumb/v8-m.main+fp/hard\libc_nano.a(libc_a-exit.o) (__stdio_exit_handler)
C:/ST/STM32CubeIDE_2.1.1/STM32CubeIDE/plugins/com.st.stm32cube.ide.mcu.externaltools.gnu-tools-for-stm32.14.3.rel1.win32_1.0.100.202602081740/tools/bin/../lib/gcc/arm-none-eabi/14.3.1/../../../../arm-none-eabi/lib/thumb/v8-m.main+fp/hard\libc_nano.a(libc_a-fwalk.o)
                              C:/ST/STM32CubeIDE_2.1.1/STM32CubeIDE/plugins/com.st.stm32cube.ide.mcu.externaltools.gnu-tools-for-stm32.14.3.rel1.win32_1.0.100.202602081740/tools/bin/../lib/gcc/arm-none-eabi/14.3.1/../../../../arm-none-eabi/lib/thumb/v8-m.main+fp/hard\libc_nano.a(libc_a-findfp.o) (_fwalk_sglue)
C:/ST/STM32CubeIDE_2.1.1/STM32CubeIDE/plugins/com.st.stm32cube.ide.mcu.externaltools.gnu-tools-for-stm32.14.3.rel1.win32_1.0.100.202602081740/tools/bin/../lib/gcc/arm-none-eabi/14.3.1/../../../../arm-none-eabi/lib/thumb/v8-m.main+fp/hard\libc_nano.a(libc_a-stdio.o)
                              C:/ST/STM32CubeIDE_2.1.1/STM32CubeIDE/plugins/com.st.stm32cube.ide.mcu.externaltools.gnu-tools-for-stm32.14.3.rel1.win32_1.0.100.202602081740/tools/bin/../lib/gcc/arm-none-eabi/14.3.1/../../../../arm-none-eabi/lib/thumb/v8-m.main+fp/hard\libc_nano.a(libc_a-findfp.o) (__sread)
C:/ST/STM32CubeIDE_2.1.1/STM32CubeIDE/plugins/com.st.stm32cube.ide.mcu.externaltools.gnu-tools-for-stm32.14.3.rel1.win32_1.0.100.202602081740/tools/bin/../lib/gcc/arm-none-eabi/14.3.1/../../../../arm-none-eabi/lib/thumb/v8-m.main+fp/hard\libc_nano.a(libc_a-memset.o)
                              C:/ST/STM32CubeIDE_2.1.1/STM32CubeIDE/plugins/com.st.stm32cube.ide.mcu.externaltools.gnu-tools-for-stm32.14.3.rel1.win32_1.0.100.202602081740/tools/bin/../lib/gcc/arm-none-eabi/14.3.1/../../../../arm-none-eabi/lib/thumb/v8-m.main+fp/hard/crt0.o (memset)
C:/ST/STM32CubeIDE_2.1.1/STM32CubeIDE/plugins/com.st.stm32cube.ide.mcu.externaltools.gnu-tools-for-stm32.14.3.rel1.win32_1.0.100.202602081740/tools/bin/../lib/gcc/arm-none-eabi/14.3.1/../../../../arm-none-eabi/lib/thumb/v8-m.main+fp/hard\libc_nano.a(libc_a-closer.o)
                              C:/ST/STM32CubeIDE_2.1.1/STM32CubeIDE/plugins/com.st.stm32cube.ide.mcu.externaltools.gnu-tools-for-stm32.14.3.rel1.win32_1.0.100.202602081740/tools/bin/../lib/gcc/arm-none-eabi/14.3.1/../../../../arm-none-eabi/lib/thumb/v8-m.main+fp/hard\libc_nano.a(libc_a-stdio.o) (_close_r)
C:/ST/STM32CubeIDE_2.1.1/STM32CubeIDE/plugins/com.st.stm32cube.ide.mcu.externaltools.gnu-tools-for-stm32.14.3.rel1.win32_1.0.100.202602081740/tools/bin/../lib/gcc/arm-none-eabi/14.3.1/../../../../arm-none-eabi/lib/thumb/v8-m.main+fp/hard\libc_nano.a(libc_a-reent.o)
                              C:/ST/STM32CubeIDE_2.1.1/STM32CubeIDE/plugins/com.st.stm32cube.ide.mcu.externaltools.gnu-tools-for-stm32.14.3.rel1.win32_1.0.100.202602081740/tools/bin/../lib/gcc/arm-none-eabi/14.3.1/../../../../arm-none-eabi/lib/thumb/v8-m.main+fp/hard\libc_nano.a(libc_a-closer.o) (errno)
C:/ST/STM32CubeIDE_2.1.1/STM32CubeIDE/plugins/com.st.stm32cube.ide.mcu.externaltools.gnu-tools-for-stm32.14.3.rel1.win32_1.0.100.202602081740/tools/bin/../lib/gcc/arm-none-eabi/14.3.1/../../../../arm-none-eabi/lib/thumb/v8-m.main+fp/hard\libc_nano.a(libc_a-impure.o)
                              C:/ST/STM32CubeIDE_2.1.1/STM32CubeIDE/plugins/com.st.stm32cube.ide.mcu.externaltools.gnu-tools-for-stm32.14.3.rel1.win32_1.0.100.202602081740/tools/bin/../lib/gcc/arm-none-eabi/14.3.1/../../../../arm-none-eabi/lib/thumb/v8-m.main+fp/hard\libc_nano.a(libc_a-reent.o) (_impure_ptr)
C:/ST/STM32CubeIDE_2.1.1/STM32CubeIDE/plugins/com.st.stm32cube.ide.mcu.externaltools.gnu-tools-for-stm32.14.3.rel1.win32_1.0.100.202602081740/tools/bin/../lib/gcc/arm-none-eabi/14.3.1/../../../../arm-none-eabi/lib/thumb/v8-m.main+fp/hard\libc_nano.a(libc_a-lseekr.o)
[...]
Memory Configuration

Name             Origin             Length             Attributes
ROM              0x08000000         0x00040000         xr
RAM              0x20000000         0x00010000         xrw
*default*        0x00000000         0xffffffff

Linker script and memory map

LOAD C:/ST/STM32CubeIDE_2.1.1/STM32CubeIDE/plugins/com.st.stm32cube.ide.mcu.externaltools.gnu-tools-for-stm32.14.3.rel1.win32_1.0.100.202602081740/tools/bin/../lib/gcc/arm-none-eabi/14.3.1/thumb/v8-m.main+fp/hard/crti.o
LOAD C:/ST/STM32CubeIDE_2.1.1/STM32CubeIDE/plugins/com.st.stm32cube.ide.mcu.externaltools.gnu-tools-for-stm32.14.3.rel1.win32_1.0.100.202602081740/tools/bin/../lib/gcc/arm-none-eabi/14.3.1/thumb/v8-m.main+fp/hard/crtbegin.o
LOAD C:/ST/STM32CubeIDE_2.1.1/STM32CubeIDE/plugins/com.st.stm32cube.ide.mcu.externaltools.gnu-tools-for-stm32.14.3.rel1.win32_1.0.100.202602081740/tools/bin/../lib/gcc/arm-none-eabi/14.3.1/../../../../arm-none-eabi/lib/thumb/v8-m.main+fp/hard/crt0.o
START GROUP
LOAD C:/ST/STM32CubeIDE_2.1.1/STM32CubeIDE/plugins/com.st.stm32cube.ide.mcu.externaltools.gnu-tools-for-stm32.14.3.rel1.win32_1.0.100.202602081740/tools/bin/../lib/gcc/arm-none-eabi/14.3.1/../../../../arm-none-eabi/lib/thumb/v8-m.main+fp/hard\libc_nano.a
LOAD C:/ST/STM32CubeIDE_2.1.1/STM32CubeIDE/plugins/com.st.stm32cube.ide.mcu.externaltools.gnu-tools-for-stm32.14.3.rel1.win32_1.0.100.202602081740/tools/bin/../lib/gcc/arm-none-eabi/14.3.1/../../../../arm-none-eabi/lib/thumb/v8-m.main+fp/hard\libm.a
END GROUP
LOAD CMakeFiles/STM32C542R_Project2.dir/main.c.obj
LOAD CMakeFiles/STM32C542R_Project2.dir/generated/hal/mx_cortex_mpu.c.obj
LOAD CMakeFiles/STM32C542R_Project2.dir/generated/hal/mx_cortex_nvic.c.obj
LOAD CMakeFiles/STM32C542R_Project2.dir/generated/hal/mx_gpio_default.c.obj
LOAD CMakeFiles/STM32C542R_Project2.dir/generated/hal/mx_icache.c.obj
LOAD CMakeFiles/STM32C542R_Project2.dir/generated/hal/mx_rcc.c.obj
LOAD CMakeFiles/STM32C542R_Project2.dir/generated/hal/mx_system.c.obj
LOAD CMakeFiles/STM32C542R_Project2.dir/user_modifiable/Device/STM32C542RCT6/system_stm32c5xx.c.obj
LOAD CMakeFiles/STM32C542R_Project2.dir/user_modifiable/Device/STM32C542RCT6/startup_stm32c542xx.c.obj
LOAD CMakeFiles/STM32C542R_Project2.dir/stm32c5xx_drivers/hal/stm32c5xx_hal.c.obj
LOAD CMakeFiles/STM32C542R_Project2.dir/stm32c5xx_drivers/hal/stm32c5xx_hal_cortex.c.obj
LOAD CMakeFiles/STM32C542R_Project2.dir/stm32c5xx_drivers/hal/stm32c5xx_hal_flash_itf.c.obj
LOAD CMakeFiles/STM32C542R_Project2.dir/stm32c5xx_drivers/hal/stm32c5xx_hal_gpio.c.obj
LOAD CMakeFiles/STM32C542R_Project2.dir/stm32c5xx_drivers/hal/stm32c5xx_hal_icache.c.obj
LOAD CMakeFiles/STM32C542R_Project2.dir/stm32c5xx_drivers/hal/stm32c5xx_hal_pwr.c.obj
LOAD CMakeFiles/STM32C542R_Project2.dir/stm32c5xx_drivers/hal/stm32c5xx_hal_rcc.c.obj
LOAD CMakeFiles/STM32C542R_Project2.dir/utilities/syscalls/syscalls.c.obj
LOAD CMakeFiles/STM32C542R_Project2.dir/utilities/syscalls/sysmem.c.obj
START GROUP
LOAD C:/ST/STM32CubeIDE_2.1.1/STM32CubeIDE/plugins/com.st.stm32cube.ide.mcu.externaltools.gnu-tools-for-stm32.14.3.rel1.win32_1.0.100.202602081740/tools/bin/../lib/gcc/arm-none-eabi/14.3.1/thumb/v8-m.main+fp/hard\libgcc.a
LOAD C:/ST/STM32CubeIDE_2.1.1/STM32CubeIDE/plugins/com.st.stm32cube.ide.mcu.externaltools.gnu-tools-for-stm32.14.3.rel1.win32_1.0.100.202602081740/tools/bin/../lib/gcc/arm-none-eabi/14.3.1/../../../../arm-none-eabi/lib/thumb/v8-m.main+fp/hard\libc_nano.a
END GROUP
START GROUP
LOAD C:/ST/STM32CubeIDE_2.1.1/STM32CubeIDE/plugins/com.st.stm32cube.ide.mcu.externaltools.gnu-tools-for-stm32.14.3.rel1.win32_1.0.100.202602081740/tools/bin/../lib/gcc/arm-none-eabi/14.3.1/thumb/v8-m.main+fp/hard\libgcc.a
LOAD C:/ST/STM32CubeIDE_2.1.1/STM32CubeIDE/plugins/com.st.stm32cube.ide.mcu.externaltools.gnu-tools-for-stm32.14.3.rel1.win32_1.0.100.202602081740/tools/bin/../lib/gcc/arm-none-eabi/14.3.1/../../../../arm-none-eabi/lib/thumb/v8-m.main+fp/hard\libc_nano.a
LOAD C:/ST/STM32CubeIDE_2.1.1/STM32CubeIDE/plugins/com.st.stm32cube.ide.mcu.externaltools.gnu-tools-for-stm32.14.3.rel1.win32_1.0.100.202602081740/tools/bin/../lib/gcc/arm-none-eabi/14.3.1/../../../../arm-none-eabi/lib/thumb/v8-m.main+fp/hard\libnosys.a
END GROUP
START GROUP
LOAD C:/ST/STM32CubeIDE_2.1.1/STM32CubeIDE/plugins/com.st.stm32cube.ide.mcu.externaltools.gnu-tools-for-stm32.14.3.rel1.win32_1.0.100.202602081740/tools/bin/../lib/gcc/arm-none-eabi/14.3.1/thumb/v8-m.main+fp/hard\libgcc.a
LOAD C:/ST/STM32CubeIDE_2.1.1/STM32CubeIDE/plugins/com.st.stm32cube.ide.mcu.externaltools.gnu-tools-for-stm32.14.3.rel1.win32_1.0.100.202602081740/tools/bin/../lib/gcc/arm-none-eabi/14.3.1/../../../../arm-none-eabi/lib/thumb/v8-m.main+fp/hard\libc_nano.a
LOAD C:/ST/STM32CubeIDE_2.1.1/STM32CubeIDE/plugins/com.st.stm32cube.ide.mcu.externaltools.gnu-tools-for-stm32.14.3.rel1.win32_1.0.100.202602081740/tools/bin/../lib/gcc/arm-none-eabi/14.3.1/../../../../arm-none-eabi/lib/thumb/v8-m.main+fp/hard\libnosys.a
END GROUP
LOAD C:/ST/STM32CubeIDE_2.1.1/STM32CubeIDE/plugins/com.st.stm32cube.ide.mcu.externaltools.gnu-tools-for-stm32.14.3.rel1.win32_1.0.100.202602081740/tools/bin/../lib/gcc/arm-none-eabi/14.3.1/thumb/v8-m.main+fp/hard/crtend.o
LOAD C:/ST/STM32CubeIDE_2.1.1/STM32CubeIDE/plugins/com.st.stm32cube.ide.mcu.externaltools.gnu-tools-for-stm32.14.3.rel1.win32_1.0.100.202602081740/tools/bin/../lib/gcc/arm-none-eabi/14.3.1/thumb/v8-m.main+fp/hard/crtn.o
                0x00000200                        HEAP_SIZE = 0x200
                0x00000400                        STACK_SIZE = 0x400

.vectors        0x08000000      0x1a8
                0x08000000                        . = ALIGN (0x8)
 *(.vectors)
 .vectors       0x08000000      0x1a4 CMakeFiles/STM32C542R_Project2.dir/user_modifiable/Device/STM32C542RCT6/startup_stm32c542xx.c.obj
                0x08000000                __Vectors
                0x080001a8                        . = ALIGN (0x8)
 *fill*         0x080001a4        0x4 

.text           0x080001a8     0x1918
                0x080001a8                        . = ALIGN (0x8)
 *(.text)
 .text          0x080001a8       0x40 C:/ST/STM32CubeIDE_2.1.1/STM32CubeIDE/plugins/com.st.stm32cube.ide.mcu.externaltools.gnu-tools-for-stm32.14.3.rel1.win32_1.0.100.202602081740/tools/bin/../lib/gcc/arm-none-eabi/14.3.1/thumb/v8-m.main+fp/hard/crtbegin.o
 .text          0x080001e8       0x7c C:/ST/STM32CubeIDE_2.1.1/STM32CubeIDE/plugins/com.st.stm32cube.ide.mcu.externaltools.gnu-tools-for-stm32.14.3.rel1.win32_1.0.100.202602081740/tools/bin/../lib/gcc/arm-none-eabi/14.3.1/../../../../arm-none-eabi/lib/thumb/v8-m.main+fp/hard/crt0.o
                0x080001e8                _stack_init
                0x080001f0                _start
                0x080001f0                _mainCRTStartup
 *(.text*)
 .text.exit     0x08000264       0x24 C:/ST/STM32CubeIDE_2.1.1/STM32CubeIDE/plugins/com.st.stm32cube.ide.mcu.externaltools.gnu-tools-for-stm32.14.3.rel1.win32_1.0.100.202602081740/tools/bin/../lib/gcc/arm-none-eabi/14.3.1/../../../../arm-none-eabi/lib/thumb/v8-m.main+fp/hard\libc_nano.a(libc_a-exit.o)
                0x08000264                exit
 .text.memset   0x08000288       0x10 C:/ST/STM32CubeIDE_2.1.1/STM32CubeIDE/plugins/com.st.stm32cube.ide.mcu.externaltools.gnu-tools-for-stm32.14.3.rel1.win32_1.0.100.202602081740/tools/bin/../lib/gcc/arm-none-eabi/14.3.1/../../../../arm-none-eabi/lib/thumb/v8-m.main+fp/hard\libc_nano.a(libc_a-memset.o)
                0x08000288                memset
 .text.__libc_init_array
                0x08000298       0x48 C:/ST/STM32CubeIDE_2.1.1/STM32CubeIDE/plugins/com.st.stm32cube.ide.mcu.externaltools.gnu-tools-for-stm32.14.3.rel1.win32_1.0.100.202602081740/tools/bin/../lib/gcc/arm-none-eabi/14.3.1/../../../../arm-none-eabi/lib/thumb/v8-m.main+fp/hard\libc_nano.a(libc_a-init.o)
                0x08000298                __libc_init_array
 .text.main     0x080002e0       0xc8 CMakeFiles/STM32C542R_Project2.dir/main.c.obj
                0x080002e0                main
 .text.mx_cortex_mpu_init
                0x080003a8       0x5c CMakeFiles/STM32C542R_Project2.dir/generated/hal/mx_cortex_mpu.c.obj
                0x080003a8                mx_cortex_mpu_init
 .text.mx_cortex_nvic_init
                0x08000404       0x12 CMakeFiles/STM32C542R_Project2.dir/generated/hal/mx_cortex_nvic.c.obj
                0x08000404                mx_cortex_nvic_init
 *fill*         0x08000416        0x2 
 .text.LL_AHB2_GRP1_EnableClock
                0x08000418       0x60 CMakeFiles/STM32C542R_Project2.dir/generated/hal/mx_gpio_default.c.obj
 .text.HAL_RCC_GPIOA_EnableClock
                0x08000478        0xe CMakeFiles/STM32C542R_Project2.dir/generated/hal/mx_gpio_default.c.obj
 .text.HAL_RCC_GPIOB_EnableClock
                0x08000486        0xe CMakeFiles/STM32C542R_Project2.dir/generated/hal/mx_gpio_default.c.obj
 .text.mx_gpio_default_init
                0x08000494       0x84 CMakeFiles/STM32C542R_Project2.dir/generated/hal/mx_gpio_default.c.obj
                0x08000494                mx_gpio_default_init
 .text.mx_icache_init
                0x08000518       0x28 CMakeFiles/STM32C542R_Project2.dir/generated/hal/mx_icache.c.obj
                0x08000518                mx_icache_init
 .text.mx_icache_gethandle
                0x08000540       0x14 CMakeFiles/STM32C542R_Project2.dir/generated/hal/mx_icache.c.obj
                0x08000540                mx_icache_gethandle
 .text.mx_rcc_init
                0x08000554       0xc0 CMakeFiles/STM32C542R_Project2.dir/generated/hal/mx_rcc.c.obj
                0x08000554                mx_rcc_init
 .text.mx_rcc_peripherals_clock_config
                0x08000614       0x12 CMakeFiles/STM32C542R_Project2.dir/generated/hal/mx_rcc.c.obj
                0x08000614                mx_rcc_peripherals_clock_config
 .text.mx_system_init
                0x08000626       0xc8 CMakeFiles/STM32C542R_Project2.dir/generated/hal/mx_system.c.obj
                0x08000626                mx_system_init
 .text.SysTick_Handler
                0x080006ee       0x10 CMakeFiles/STM32C542R_Project2.dir/generated/hal/mx_system.c.obj
                0x080006ee                SysTick_Handler
 .text.pre_system_init_hook
                0x080006fe       0x12 CMakeFiles/STM32C542R_Project2.dir/generated/hal/mx_system.c.obj
                0x080006fe                pre_system_init_hook
 .text.post_system_init_hook
                0x08000710       0x12 CMakeFiles/STM32C542R_Project2.dir/generated/hal/mx_system.c.obj
                0x08000710                post_system_init_hook
 *fill*         0x08000722        0x2 
 .text.SCB_SetVTOR
                0x08000724       0x20 CMakeFiles/STM32C542R_Project2.dir/user_modifiable/Device/STM32C542RCT6/system_stm32c5xx.c.obj
 .text.SCB_EnableFPU
                0x08000744       0x24 CMakeFiles/STM32C542R_Project2.dir/user_modifiable/Device/STM32C542RCT6/system_stm32c5xx.c.obj
 .text.SystemInit
                0x08000768       0x18 CMakeFiles/STM32C542R_Project2.dir/user_modifiable/Device/STM32C542RCT6/system_stm32c5xx.c.obj
                0x08000768                SystemInit
 .text.Reset_Handler
                0x08000780       0xc4 CMakeFiles/STM32C542R_Project2.dir/user_modifiable/Device/STM32C542RCT6/startup_stm32c542xx.c.obj
                0x08000780                Reset_Handler
 .text.HardFault_Handler
                0x08000844        0x8 CMakeFiles/STM32C542R_Project2.dir/user_modifiable/Device/STM32C542RCT6/startup_stm32c542xx.c.obj
                0x08000844                HardFault_Handler
 .text.Default_IRQHandler
                0x0800084c        0x8 CMakeFiles/STM32C542R_Project2.dir/user_modifiable/Device/STM32C542RCT6/startup_stm32c542xx.c.obj
                0x0800084c                EXTI2_IRQHandler
                0x0800084c                TIM8_CC_IRQHandler
                0x0800084c                EXTI5_IRQHandler
                0x0800084c                DebugMon_Handler
                0x0800084c                TIM8_TRGI_COM_DIR_IDX_IRQHandler
                0x0800084c                EXTI13_IRQHandler
                0x0800084c                LPDMA2_CH1_IRQHandler
                0x0800084c                I2C1_ERR_IRQHandler
                0x0800084c                TIM1_CC_IRQHandler
                0x0800084c                TAMP_IRQHandler
                0x0800084c                TIM6_IRQHandler
                0x0800084c                EXTI12_IRQHandler
                0x0800084c                CORDIC_IRQHandler
                0x0800084c                PendSV_Handler
                0x0800084c                USB_DRD_FS_IRQHandler
                0x0800084c                NMI_Handler
                0x0800084c                EXTI3_IRQHandler
                0x0800084c                EXTI8_IRQHandler
                0x0800084c                PWR_PVD_IRQHandler
                0x0800084c                EXTI0_IRQHandler
                0x0800084c                FPU_IRQHandler
                0x0800084c                FDCAN1_IT1_IRQHandler
                0x0800084c                RAMCFG_IRQHandler
                0x0800084c                UsageFault_Handler
                0x0800084c                TIM1_UPD_IRQHandler
                0x0800084c                SPI1_IRQHandler
                0x0800084c                ADC1_IRQHandler
                0x0800084c                EXTI15_IRQHandler
                0x0800084c                RTC_IRQHandler
                0x0800084c                EXTI9_IRQHandler
                0x0800084c                UART5_IRQHandler
                0x0800084c                LPDMA2_CH3_IRQHandler
                0x0800084c                LPDMA1_CH1_IRQHandler
                0x0800084c                I2C1_EV_IRQHandler
                0x0800084c                UART4_IRQHandler
                0x0800084c                RCC_IRQHandler
                0x0800084c                COMP2_IRQHandler
                0x0800084c                LPDMA2_CH2_IRQHandler
                0x0800084c                TIM12_IRQHandler
                0x0800084c                TIM7_IRQHandler
                0x0800084c                I3C1_EV_IRQHandler
                0x0800084c                TIM15_IRQHandler
                0x0800084c                TIM8_BRK_TERR_IERR_IRQHandler
                0x0800084c                TIM8_UPD_IRQHandler
                0x0800084c                SPI2_IRQHandler
                0x0800084c                MemManage_Handler
                0x0800084c                LPDMA1_CH3_IRQHandler
                0x0800084c                EXTI14_IRQHandler
                0x0800084c                EXTI11_IRQHandler
                0x0800084c                SVC_Handler
                0x0800084c                CRS_IRQHandler
                0x0800084c                EXTI4_IRQHandler
                0x0800084c                TIM1_BRK_TERR_IERR_IRQHandler
                0x0800084c                RNG_IRQHandler
                0x0800084c                FDCAN2_IT1_IRQHandler
                0x0800084c                TIM1_TRGI_COM_DIR_IDX_IRQHandler
                0x0800084c                LPDMA2_CH0_IRQHandler
                0x0800084c                I3C1_ERR_IRQHandler
                0x0800084c                WWDG_IRQHandler
                0x0800084c                Default_IRQHandler
                0x0800084c                FDCAN2_IT0_IRQHandler
                0x0800084c                IWDG_IRQHandler
                0x0800084c                LPUART1_IRQHandler
                0x0800084c                FDCAN1_IT0_IRQHandler
                0x0800084c                TIM2_IRQHandler
                0x0800084c                LPDMA1_CH2_IRQHandler
                0x0800084c                EXTI7_IRQHandler
                0x0800084c                EXTI1_IRQHandler
                0x0800084c                AES_IRQHandler
                0x0800084c                DAC1_IRQHandler
                0x0800084c                USART2_IRQHandler
                0x0800084c                FLASH_IRQHandler
                0x0800084c                BusFault_Handler
                0x0800084c                USART1_IRQHandler
                0x0800084c                EXTI10_IRQHandler
                0x0800084c                LPDMA1_CH0_IRQHandler
                0x0800084c                EXTI6_IRQHandler
                0x0800084c                COMP1_IRQHandler
                0x0800084c                LPTIM1_IRQHandler
                0x0800084c                ICACHE_IRQHandler
                0x0800084c                HASH_IRQHandler
 .text.Default_IRQHandler_Hook
                0x08000854        0x8 CMakeFiles/STM32C542R_Project2.dir/user_modifiable/Device/STM32C542RCT6/startup_stm32c542xx.c.obj
                0x08000854                Default_IRQHandler_Hook
 .text.LL_RCC_GetAHBPrescaler
                0x0800085c       0x1c CMakeFiles/STM32C542R_Project2.dir/stm32c5xx_drivers/hal/stm32c5xx_hal.c.obj
 .text.LL_FLASH_EnablePrefetch
                0x08000878       0x20 CMakeFiles/STM32C542R_Project2.dir/stm32c5xx_drivers/hal/stm32c5xx_hal.c.obj
 .text.HAL_Init
                0x08000898       0x44 CMakeFiles/STM32C542R_Project2.dir/stm32c5xx_drivers/hal/stm32c5xx_hal.c.obj
                0x08000898                HAL_Init
 .text.HAL_InitTick
                0x080008dc       0x68 CMakeFiles/STM32C542R_Project2.dir/stm32c5xx_drivers/hal/stm32c5xx_hal.c.obj
                0x080008dc                HAL_InitTick
 .text.HAL_UpdateCoreClock
                0x08000944       0x30 CMakeFiles/STM32C542R_Project2.dir/stm32c5xx_drivers/hal/stm32c5xx_hal.c.obj
                0x08000944                HAL_UpdateCoreClock
 .text.HAL_IncTick
                0x08000974       0x28 CMakeFiles/STM32C542R_Project2.dir/stm32c5xx_drivers/hal/stm32c5xx_hal.c.obj
                0x08000974                HAL_IncTick
 .text.HAL_GetTick
                0x0800099c       0x18 CMakeFiles/STM32C542R_Project2.dir/stm32c5xx_drivers/hal/stm32c5xx_hal.c.obj
                0x0800099c                HAL_GetTick
 .text.HAL_Delay
                0x080009b4       0x4c CMakeFiles/STM32C542R_Project2.dir/stm32c5xx_drivers/hal/stm32c5xx_hal.c.obj
                0x080009b4                HAL_Delay
 .text.__NVIC_SetPriorityGrouping
                0x08000a00       0x48 CMakeFiles/STM32C542R_Project2.dir/stm32c5xx_drivers/hal/stm32c5xx_hal_cortex.c.obj
 .text.__NVIC_GetPriorityGrouping
                0x08000a48       0x1c CMakeFiles/STM32C542R_Project2.dir/stm32c5xx_drivers/hal/stm32c5xx_hal_cortex.c.obj
 .text.__NVIC_SetPriority
                0x08000a64       0x54 CMakeFiles/STM32C542R_Project2.dir/stm32c5xx_drivers/hal/stm32c5xx_hal_cortex.c.obj
 .text.NVIC_EncodePriority
                0x08000ab8       0x66 CMakeFiles/STM32C542R_Project2.dir/stm32c5xx_drivers/hal/stm32c5xx_hal_cortex.c.obj
 *fill*         0x08000b1e        0x2 
 .text.ARM_MPU_Enable
                0x08000b20       0x44 CMakeFiles/STM32C542R_Project2.dir/stm32c5xx_drivers/hal/stm32c5xx_hal_cortex.c.obj
 .text.ARM_MPU_Disable
                0x08000b64       0x40 CMakeFiles/STM32C542R_Project2.dir/stm32c5xx_drivers/hal/stm32c5xx_hal_cortex.c.obj
 .text.ARM_MPU_SetMemAttrEx
                0x08000ba4       0x6a CMakeFiles/STM32C542R_Project2.dir/stm32c5xx_drivers/hal/stm32c5xx_hal_cortex.c.obj
 *fill*         0x08000c0e        0x2 
 .text.ARM_MPU_SetMemAttr
                0x08000c10       0x28 CMakeFiles/STM32C542R_Project2.dir/stm32c5xx_drivers/hal/stm32c5xx_hal_cortex.c.obj
 .text.ARM_MPU_SetRegionEx
                0x08000c38       0x2c CMakeFiles/STM32C542R_Project2.dir/stm32c5xx_drivers/hal/stm32c5xx_hal_cortex.c.obj
 .text.ARM_MPU_SetRegion
                0x08000c64       0x24 CMakeFiles/STM32C542R_Project2.dir/stm32c5xx_drivers/hal/stm32c5xx_hal_cortex.c.obj
 .text.SysTick_SetClkSource
                0x08000c88       0x38 CMakeFiles/STM32C542R_Project2.dir/stm32c5xx_drivers/hal/stm32c5xx_hal_cortex.c.obj
 .text.SysTick_GetClkSource
                0x08000cc0       0x1c CMakeFiles/STM32C542R_Project2.dir/stm32c5xx_drivers/hal/stm32c5xx_hal_cortex.c.obj
 .text.SysTick_EnableIT
                0x08000cdc       0x20 CMakeFiles/STM32C542R_Project2.dir/stm32c5xx_drivers/hal/stm32c5xx_hal_cortex.c.obj
 .text.SysTick_Enable
                0x08000cfc       0x20 CMakeFiles/STM32C542R_Project2.dir/stm32c5xx_drivers/hal/stm32c5xx_hal_cortex.c.obj
 .text.SysTick_SetReload
                0x08000d1c       0x30 CMakeFiles/STM32C542R_Project2.dir/stm32c5xx_drivers/hal/stm32c5xx_hal_cortex.c.obj
 .text.SysTick_SetCounter
                0x08000d4c       0x20 CMakeFiles/STM32C542R_Project2.dir/stm32c5xx_drivers/hal/stm32c5xx_hal_cortex.c.obj
 .text.HAL_CORTEX_NVIC_SetPriorityGrouping
                0x08000d6c       0x1a CMakeFiles/STM32C542R_Project2.dir/stm32c5xx_drivers/hal/stm32c5xx_hal_cortex.c.obj
                0x08000d6c                HAL_CORTEX_NVIC_SetPriorityGrouping
 .text.HAL_CORTEX_NVIC_SetPriority
                0x08000d86       0x36 CMakeFiles/STM32C542R_Project2.dir/stm32c5xx_drivers/hal/stm32c5xx_hal_cortex.c.obj
                0x08000d86                HAL_CORTEX_NVIC_SetPriority
 .text.HAL_CORTEX_SYSTICK_SetFreq
                0x08000dbc       0x5a CMakeFiles/STM32C542R_Project2.dir/stm32c5xx_drivers/hal/stm32c5xx_hal_cortex.c.obj
                0x08000dbc                HAL_CORTEX_SYSTICK_SetFreq
 .text.HAL_CORTEX_SYSTICK_SetClkSource
                0x08000e16       0x1a CMakeFiles/STM32C542R_Project2.dir/stm32c5xx_drivers/hal/stm32c5xx_hal_cortex.c.obj
                0x08000e16                HAL_CORTEX_SYSTICK_SetClkSource
 .text.HAL_CORTEX_SYSTICK_IRQHandler
                0x08000e30        0xc CMakeFiles/STM32C542R_Project2.dir/stm32c5xx_drivers/hal/stm32c5xx_hal_cortex.c.obj
                0x08000e30                HAL_CORTEX_SYSTICK_IRQHandler
 .text.HAL_CORTEX_SYSTICK_Callback
                0x08000e3c        0xe CMakeFiles/STM32C542R_Project2.dir/stm32c5xx_drivers/hal/stm32c5xx_hal_cortex.c.obj
                0x08000e3c                HAL_CORTEX_SYSTICK_Callback
 .text.HAL_CORTEX_MPU_Enable
                0x08000e4a       0x26 CMakeFiles/STM32C542R_Project2.dir/stm32c5xx_drivers/hal/stm32c5xx_hal_cortex.c.obj
                0x08000e4a                HAL_CORTEX_MPU_Enable
 .text.HAL_CORTEX_MPU_Disable
                0x08000e70        0xc CMakeFiles/STM32C542R_Project2.dir/stm32c5xx_drivers/hal/stm32c5xx_hal_cortex.c.obj
                0x08000e70                HAL_CORTEX_MPU_Disable
 .text.HAL_CORTEX_MPU_SetCacheMemAttr
                0x08000e7c       0x2a CMakeFiles/STM32C542R_Project2.dir/stm32c5xx_drivers/hal/stm32c5xx_hal_cortex.c.obj
                0x08000e7c                HAL_CORTEX_MPU_SetCacheMemAttr
 .text.HAL_CORTEX_MPU_SetConfigRegion
                0x08000ea6       0x48 CMakeFiles/STM32C542R_Project2.dir/stm32c5xx_drivers/hal/stm32c5xx_hal_cortex.c.obj
                0x08000ea6                HAL_CORTEX_MPU_SetConfigRegion
 *fill*         0x08000eee        0x2 
 .text.HAL_CORTEX_MPU_EnableRegion
                0x08000ef0       0x2c CMakeFiles/STM32C542R_Project2.dir/stm32c5xx_drivers/hal/stm32c5xx_hal_cortex.c.obj
                0x08000ef0                HAL_CORTEX_MPU_EnableRegion
 .text.LL_FLASH_SetLatency
                0x08000f1c       0x26 CMakeFiles/STM32C542R_Project2.dir/stm32c5xx_drivers/hal/stm32c5xx_hal_flash_itf.c.obj
 .text.LL_FLASH_SetProgrammingDelay
                0x08000f42       0x26 CMakeFiles/STM32C542R_Project2.dir/stm32c5xx_drivers/hal/stm32c5xx_hal_flash_itf.c.obj
 .text.HAL_FLASH_ITF_SetLatency
                0x08000f68       0x24 CMakeFiles/STM32C542R_Project2.dir/stm32c5xx_drivers/hal/stm32c5xx_hal_flash_itf.c.obj
                0x08000f68                HAL_FLASH_ITF_SetLatency
 .text.HAL_FLASH_ITF_SetProgrammingDelay
                0x08000f8c       0x24 CMakeFiles/STM32C542R_Project2.dir/stm32c5xx_drivers/hal/stm32c5xx_hal_flash_itf.c.obj
                0x08000f8c                HAL_FLASH_ITF_SetProgrammingDelay
 .text.LL_GPIO_SetPinMode
                0x08000fb0       0x9c CMakeFiles/STM32C542R_Project2.dir/stm32c5xx_drivers/hal/stm32c5xx_hal_gpio.c.obj
 .text.LL_GPIO_SetPinOutputType
                0x0800104c       0x56 CMakeFiles/STM32C542R_Project2.dir/stm32c5xx_drivers/hal/stm32c5xx_hal_gpio.c.obj
 .text.LL_GPIO_SetPinSpeed
                0x080010a2       0xa0 CMakeFiles/STM32C542R_Project2.dir/stm32c5xx_drivers/hal/stm32c5xx_hal_gpio.c.obj
 .text.LL_GPIO_SetPinPull
                0x08001142       0xa0 CMakeFiles/STM32C542R_Project2.dir/stm32c5xx_drivers/hal/stm32c5xx_hal_gpio.c.obj
 .text.LL_GPIO_SetAFPin_0_7
                0x080011e2       0xa0 CMakeFiles/STM32C542R_Project2.dir/stm32c5xx_drivers/hal/stm32c5xx_hal_gpio.c.obj
 .text.LL_GPIO_SetAFPin_8_15
                0x08001282       0xa4 CMakeFiles/STM32C542R_Project2.dir/stm32c5xx_drivers/hal/stm32c5xx_hal_gpio.c.obj
 .text.LL_GPIO_WriteOutputPin
                0x08001326       0x2a CMakeFiles/STM32C542R_Project2.dir/stm32c5xx_drivers/hal/stm32c5xx_hal_gpio.c.obj
 .text.LL_GPIO_TogglePin
                0x08001350       0x32 CMakeFiles/STM32C542R_Project2.dir/stm32c5xx_drivers/hal/stm32c5xx_hal_gpio.c.obj
 .text.HAL_GPIO_Init
                0x08001382      0x128 CMakeFiles/STM32C542R_Project2.dir/stm32c5xx_drivers/hal/stm32c5xx_hal_gpio.c.obj
                0x08001382                HAL_GPIO_Init
 .text.HAL_GPIO_WritePin
                0x080014aa       0x22 CMakeFiles/STM32C542R_Project2.dir/stm32c5xx_drivers/hal/stm32c5xx_hal_gpio.c.obj
                0x080014aa                HAL_GPIO_WritePin
 .text.HAL_GPIO_TogglePin
                0x080014cc       0x1c CMakeFiles/STM32C542R_Project2.dir/stm32c5xx_drivers/hal/stm32c5xx_hal_gpio.c.obj
                0x080014cc                HAL_GPIO_TogglePin
 .text.LL_ICACHE_Enable
                0x080014e8       0x20 CMakeFiles/STM32C542R_Project2.dir/stm32c5xx_drivers/hal/stm32c5xx_hal_icache.c.obj
 .text.LL_ICACHE_EnableIT
                0x08001508       0x22 CMakeFiles/STM32C542R_Project2.dir/stm32c5xx_drivers/hal/stm32c5xx_hal_icache.c.obj
 .text.HAL_ICACHE_Init
                0x0800152a       0x28 CMakeFiles/STM32C542R_Project2.dir/stm32c5xx_drivers/hal/stm32c5xx_hal_icache.c.obj
                0x0800152a                HAL_ICACHE_Init
 .text.HAL_ICACHE_Start
                0x08001552       0x32 CMakeFiles/STM32C542R_Project2.dir/stm32c5xx_drivers/hal/stm32c5xx_hal_icache.c.obj
                0x08001552                HAL_ICACHE_Start
 .text.LL_RCC_HSIS_Enable
                0x08001584       0x20 CMakeFiles/STM32C542R_Project2.dir/stm32c5xx_drivers/hal/stm32c5xx_hal_rcc.c.obj
 .text.LL_RCC_HSIS_IsReady
                0x080015a4       0x24 CMakeFiles/STM32C542R_Project2.dir/stm32c5xx_drivers/hal/stm32c5xx_hal_rcc.c.obj
 .text.LL_RCC_PSIS_Enable
                0x080015c8       0x20 CMakeFiles/STM32C542R_Project2.dir/stm32c5xx_drivers/hal/stm32c5xx_hal_rcc.c.obj
 .text.LL_RCC_PSIS_IsReady
                0x080015e8       0x28 CMakeFiles/STM32C542R_Project2.dir/stm32c5xx_drivers/hal/stm32c5xx_hal_rcc.c.obj
 .text.LL_RCC_PSIDIV3_IsReady
                0x08001610       0x28 CMakeFiles/STM32C542R_Project2.dir/stm32c5xx_drivers/hal/stm32c5xx_hal_rcc.c.obj
 .text.LL_RCC_PSIK_IsReady
                0x08001638       0x28 CMakeFiles/STM32C542R_Project2.dir/stm32c5xx_drivers/hal/stm32c5xx_hal_rcc.c.obj
 .text.LL_RCC_ConfigPSI
                0x08001660       0x38 CMakeFiles/STM32C542R_Project2.dir/stm32c5xx_drivers/hal/stm32c5xx_hal_rcc.c.obj
 .text.LL_RCC_GetConfigPSI
                0x08001698       0x40 CMakeFiles/STM32C542R_Project2.dir/stm32c5xx_drivers/hal/stm32c5xx_hal_rcc.c.obj
 .text.LL_RCC_SetSysClkSource
                0x080016d8       0x28 CMakeFiles/STM32C542R_Project2.dir/stm32c5xx_drivers/hal/stm32c5xx_hal_rcc.c.obj
 .text.LL_RCC_GetSysClkSource
                0x08001700       0x1c CMakeFiles/STM32C542R_Project2.dir/stm32c5xx_drivers/hal/stm32c5xx_hal_rcc.c.obj
 .text.LL_RCC_GetAHBPrescaler
                0x0800171c       0x1c CMakeFiles/STM32C542R_Project2.dir/stm32c5xx_drivers/hal/stm32c5xx_hal_rcc.c.obj
 .text.LL_RCC_GetSystickClockSource
                0x08001738       0x1c CMakeFiles/STM32C542R_Project2.dir/stm32c5xx_drivers/hal/stm32c5xx_hal_rcc.c.obj
 .text.LL_RCC_ConfigBusClock
                0x08001754       0x2c CMakeFiles/STM32C542R_Project2.dir/stm32c5xx_drivers/hal/stm32c5xx_hal_rcc.c.obj
 .text.HAL_RCC_HSIS_Enable
                0x08001780       0x1c CMakeFiles/STM32C542R_Project2.dir/stm32c5xx_drivers/hal/stm32c5xx_hal_rcc.c.obj
                0x08001780                HAL_RCC_HSIS_Enable
 .text.HAL_RCC_PSIS_Enable
                0x0800179c       0x1c CMakeFiles/STM32C542R_Project2.dir/stm32c5xx_drivers/hal/stm32c5xx_hal_rcc.c.obj
                0x0800179c                HAL_RCC_PSIS_Enable
 .text.HAL_RCC_PSI_SetConfig
                0x080017b8       0x50 CMakeFiles/STM32C542R_Project2.dir/stm32c5xx_drivers/hal/stm32c5xx_hal_rcc.c.obj
                0x080017b8                HAL_RCC_PSI_SetConfig
 .text.HAL_RCC_PSI_GetConfig
                0x08001808       0x34 CMakeFiles/STM32C542R_Project2.dir/stm32c5xx_drivers/hal/stm32c5xx_hal_rcc.c.obj
                0x08001808                HAL_RCC_PSI_GetConfig
 .text.HAL_RCC_SetSYSCLKSource
                0x0800183c       0x52 CMakeFiles/STM32C542R_Project2.dir/stm32c5xx_drivers/hal/stm32c5xx_hal_rcc.c.obj
                0x0800183c                HAL_RCC_SetSYSCLKSource
 .text.HAL_RCC_GetSYSCLKSource
                0x0800188e       0x12 CMakeFiles/STM32C542R_Project2.dir/stm32c5xx_drivers/hal/stm32c5xx_hal_rcc.c.obj
                0x0800188e                HAL_RCC_GetSYSCLKSource
 .text.HAL_RCC_SetBusClockConfig
                0x080018a0       0x38 CMakeFiles/STM32C542R_Project2.dir/stm32c5xx_drivers/hal/stm32c5xx_hal_rcc.c.obj
                0x080018a0                HAL_RCC_SetBusClockConfig
 .text.HAL_RCC_GetPSIClockFreq
                0x080018d8       0x9c CMakeFiles/STM32C542R_Project2.dir/stm32c5xx_drivers/hal/stm32c5xx_hal_rcc.c.obj
                0x080018d8                HAL_RCC_GetPSIClockFreq
 .text.HAL_RCC_GetSYSCLKFreq
                0x08001974       0x3c CMakeFiles/STM32C542R_Project2.dir/stm32c5xx_drivers/hal/stm32c5xx_hal_rcc.c.obj
                0x08001974                HAL_RCC_GetSYSCLKFreq
 .text.HAL_RCC_GetHCLKFreq
                0x080019b0       0x20 CMakeFiles/STM32C542R_Project2.dir/stm32c5xx_drivers/hal/stm32c5xx_hal_rcc.c.obj
                0x080019b0                HAL_RCC_GetHCLKFreq
 .text.HAL_RCC_GetSysTickExternalClkFreq
                0x080019d0       0x3e CMakeFiles/STM32C542R_Project2.dir/stm32c5xx_drivers/hal/stm32c5xx_hal_rcc.c.obj
                0x080019d0                HAL_RCC_GetSysTickExternalClkFreq
 .text.RCC_WaitForTimeout
                0x08001a0e       0x54 CMakeFiles/STM32C542R_Project2.dir/stm32c5xx_drivers/hal/stm32c5xx_hal_rcc.c.obj
 .text._kill    0x08001a62       0x20 CMakeFiles/STM32C542R_Project2.dir/utilities/syscalls/syscalls.c.obj
                0x08001a62                _kill
 .text._exit    0x08001a82       0x16 CMakeFiles/STM32C542R_Project2.dir/utilities/syscalls/syscalls.c.obj
                0x08001a82                _exit
 .text.__errno  0x08001a98        0xc C:/ST/STM32CubeIDE_2.1.1/STM32CubeIDE/plugins/com.st.stm32cube.ide.mcu.externaltools.gnu-tools-for-stm32.14.3.rel1.win32_1.0.100.202602081740/tools/bin/../lib/gcc/arm-none-eabi/14.3.1/../../../../arm-none-eabi/lib/thumb/v8-m.main+fp/hard\libc_nano.a(libc_a-errno.o)
                0x08001a98                __errno
 *(.glue_7)
 .glue_7        0x08001aa4        0x0 linker stubs
 *(.glue_7t)
 .glue_7t       0x08001aa4        0x0 linker stubs
 *(.eh_frame)
 .eh_frame      0x08001aa4        0x0 C:/ST/STM32CubeIDE_2.1.1/STM32CubeIDE/plugins/com.st.stm32cube.ide.mcu.externaltools.gnu-tools-for-stm32.14.3.rel1.win32_1.0.100.202602081740/tools/bin/../lib/gcc/arm-none-eabi/14.3.1/thumb/v8-m.main+fp/hard/crtbegin.o
 *(.init)
 .init          0x08001aa4        0x4 C:/ST/STM32CubeIDE_2.1.1/STM32CubeIDE/plugins/com.st.stm32cube.ide.mcu.externaltools.gnu-tools-for-stm32.14.3.rel1.win32_1.0.100.202602081740/tools/bin/../lib/gcc/arm-none-eabi/14.3.1/thumb/v8-m.main+fp/hard/crti.o
                0x08001aa4                _init
 .init          0x08001aa8        0x8 C:/ST/STM32CubeIDE_2.1.1/STM32CubeIDE/plugins/com.st.stm32cube.ide.mcu.externaltools.gnu-tools-for-stm32.14.3.rel1.win32_1.0.100.202602081740/tools/bin/../lib/gcc/arm-none-eabi/14.3.1/thumb/v8-m.main+fp/hard/crtn.o
 *(.fini)
 .fini          0x08001ab0        0x4 C:/ST/STM32CubeIDE_2.1.1/STM32CubeIDE/plugins/com.st.stm32cube.ide.mcu.externaltools.gnu-tools-for-stm32.14.3.rel1.win32_1.0.100.202602081740/tools/bin/../lib/gcc/arm-none-eabi/14.3.1/thumb/v8-m.main+fp/hard/crti.o
                0x08001ab0                _fini
 .fini          0x08001ab4        0x8 C:/ST/STM32CubeIDE_2.1.1/STM32CubeIDE/plugins/com.st.stm32cube.ide.mcu.externaltools.gnu-tools-for-stm32.14.3.rel1.win32_1.0.100.202602081740/tools/bin/../lib/gcc/arm-none-eabi/14.3.1/thumb/v8-m.main+fp/hard/crtn.o
                0x08001ac0                        . = ALIGN (0x8)
 *fill*         0x08001abc        0x4 
                0x08001ac0                        _etext = .

.vfp11_veneer   0x08001ac0        0x0
 .vfp11_veneer  0x08001ac0        0x0 linker stubs

.v4_bx          0x08001ac0        0x0
 .v4_bx         0x08001ac0        0x0 linker stubs

.iplt           0x08001ac0        0x0
 .iplt          0x08001ac0        0x0 C:/ST/STM32CubeIDE_2.1.1/STM32CubeIDE/plugins/com.st.stm32cube.ide.mcu.externaltools.gnu-tools-for-stm32.14.3.rel1.win32_1.0.100.202602081740/tools/bin/../lib/gcc/arm-none-eabi/14.3.1/thumb/v8-m.main+fp/hard/crtbegin.o

.rodata         0x08001ac0       0x10
                0x08001ac0                        . = ALIGN (0x8)
 *(.rodata)
 *(.rodata*)
 .rodata.AHBPrescTable
                0x08001ac0       0x10 CMakeFiles/STM32C542R_Project2.dir/user_modifiable/Device/STM32C542RCT6/system_stm32c5xx.c.obj
                0x08001ac0                AHBPrescTable
                0x08001ad0                        . = ALIGN (0x8)

.ARM.extab      0x08001ad0        0x0
                0x08001ad0                        . = ALIGN (0x8)
 *(.ARM.extab* .gnu.linkonce.armextab.*)
                0x08001ad0                        . = ALIGN (0x8)

.ARM            0x08001ad0        0x8
                0x08001ad0                        . = ALIGN (0x8)
                0x08001ad0                        __exidx_start = .
 *(.ARM.exidx*)
 .ARM.exidx     0x08001ad0        0x8 C:/ST/STM32CubeIDE_2.1.1/STM32CubeIDE/plugins/com.st.stm32cube.ide.mcu.externaltools.gnu-tools-for-stm32.14.3.rel1.win32_1.0.100.202602081740/tools/bin/../lib/gcc/arm-none-eabi/14.3.1/../../../../arm-none-eabi/lib/thumb/v8-m.main+fp/hard/crt0.o
                                 0x10 (size before relaxing)
                0x08001ad8                        __exidx_end = .
                0x08001ad8                        . = ALIGN (0x8)

.preinit_array  0x08001ad8        0x0
                0x08001ad8                        . = ALIGN (0x8)
                0x08001ad8                        PROVIDE (__preinit_array_start = .)
 *(.preinit_array*)
                0x08001ad8                        PROVIDE (__preinit_array_end = .)
                0x08001ad8                        . = ALIGN (0x8)

.init_array     0x08001ad8        0x8
                0x08001ad8                        . = ALIGN (0x8)
                0x08001ad8                        PROVIDE (__init_array_start = .)
 *(SORT_BY_NAME(.init_array.*))
 *(.init_array*)
 .init_array    0x08001ad8        0x4 C:/ST/STM32CubeIDE_2.1.1/STM32CubeIDE/plugins/com.st.stm32cube.ide.mcu.externaltools.gnu-tools-for-stm32.14.3.rel1.win32_1.0.100.202602081740/tools/bin/../lib/gcc/arm-none-eabi/14.3.1/thumb/v8-m.main+fp/hard/crtbegin.o
                0x08001adc                        PROVIDE (__init_array_end = .)
                0x08001ae0                        . = ALIGN (0x8)
 *fill*         0x08001adc        0x4 

.fini_array     0x08001ae0        0x8
                0x08001ae0                        . = ALIGN (0x8)
                [!provide]                        PROVIDE (__fini_array_start = .)
 *(SORT_BY_NAME(.fini_array.*))
 *(.fini_array*)
 .fini_array    0x08001ae0        0x4 C:/ST/STM32CubeIDE_2.1.1/STM32CubeIDE/plugins/com.st.stm32cube.ide.mcu.externaltools.gnu-tools-for-stm32.14.3.rel1.win32_1.0.100.202602081740/tools/bin/../lib/gcc/arm-none-eabi/14.3.1/thumb/v8-m.main+fp/hard/crtbegin.o
                [!provide]                        PROVIDE (__fini_array_end = .)
                0x08001ae8                        . = ALIGN (0x8)
 *fill*         0x08001ae4        0x4 

.copy.table     0x08001ae8        0xc
                0x08001ae8                        . = ALIGN (0x8)
                0x08001ae8                        __copy_table_start__ = .
                0x08001ae8        0x4 LONG 0x8001b00 LOADADDR (.data)
                0x08001aec        0x4 LONG 0x20000000 ADDR (.data)
                0x08001af0        0x4 LONG 0x18 (SIZEOF (.data) / 0x4)
                0x08001af4                        __copy_table_end__ = .

.zero.table     0x08001af4        0xc
                0x08001af8                        . = ALIGN (0x8)
 *fill*         0x08001af4        0x4 
                0x08001af8                        __zero_table_start__ = .
                0x08001af8        0x4 LONG 0x20000060 ADDR (.bss)
                0x08001afc        0x4 LONG 0x5a (SIZEOF (.bss) / 0x4)
                0x08001b00                        __zero_table_end__ = .

.rel.dyn        0x08001b00        0x0
 .rel.iplt      0x08001b00        0x0 C:/ST/STM32CubeIDE_2.1.1/STM32CubeIDE/plugins/com.st.stm32cube.ide.mcu.externaltools.gnu-tools-for-stm32.14.3.rel1.win32_1.0.100.202602081740/tools/bin/../lib/gcc/arm-none-eabi/14.3.1/thumb/v8-m.main+fp/hard/crtbegin.o

.data           0x20000000       0x60 load address 0x08001b00
                0x20000000                        . = ALIGN (0x8)
                0x08001b00                        _sidata = LOADADDR (.data)
                0x20000000                        __data_start__ = .
                0x20000000                        _sdata = .
 *(.data)
 *(.data*)
 .data._impure_ptr
                0x20000000        0x4 C:/ST/STM32CubeIDE_2.1.1/STM32CubeIDE/plugins/com.st.stm32cube.ide.mcu.externaltools.gnu-tools-for-stm32.14.3.rel1.win32_1.0.100.202602081740/tools/bin/../lib/gcc/arm-none-eabi/14.3.1/../../../../arm-none-eabi/lib/thumb/v8-m.main+fp/hard\libc_nano.a(libc_a-impure.o)
                0x20000000                _impure_ptr
 .data._impure_data
                0x20000004       0x4c C:/ST/STM32CubeIDE_2.1.1/STM32CubeIDE/plugins/com.st.stm32cube.ide.mcu.externaltools.gnu-tools-for-stm32.14.3.rel1.win32_1.0.100.202602081740/tools/bin/../lib/gcc/arm-none-eabi/14.3.1/../../../../arm-none-eabi/lib/thumb/v8-m.main+fp/hard\libc_nano.a(libc_a-impure.o)
                0x20000004                _impure_data
 .data.SystemCoreClock
                0x20000050        0x4 CMakeFiles/STM32C542R_Project2.dir/user_modifiable/Device/STM32C542RCT6/system_stm32c5xx.c.obj
                0x20000050                SystemCoreClock
 .data.uwTickPrio
                0x20000054        0x4 CMakeFiles/STM32C542R_Project2.dir/stm32c5xx_drivers/hal/stm32c5xx_hal.c.obj
                0x20000054                uwTickPrio
 .data.uwTickFreq
                0x20000058        0x1 CMakeFiles/STM32C542R_Project2.dir/stm32c5xx_drivers/hal/stm32c5xx_hal.c.obj
                0x20000058                uwTickFreq
                0x20000060                        . = ALIGN (0x8)
 *fill*         0x20000059        0x7 
                0x20000060                        _edata = .

.igot.plt       0x20000060        0x0 load address 0x08001b60
 .igot.plt      0x20000060        0x0 C:/ST/STM32CubeIDE_2.1.1/STM32CubeIDE/plugins/com.st.stm32cube.ide.mcu.externaltools.gnu-tools-for-stm32.14.3.rel1.win32_1.0.100.202602081740/tools/bin/../lib/gcc/arm-none-eabi/14.3.1/thumb/v8-m.main+fp/hard/crtbegin.o

.bss            0x20000060      0x168 load address 0x08001b60
                0x20000060                        . = ALIGN (0x8)
                0x20000060                        _sbss = .
                0x20000060                        __bss_start__ = _sbss
 *(.bss)
 .bss           0x20000060       0x1c C:/ST/STM32CubeIDE_2.1.1/STM32CubeIDE/plugins/com.st.stm32cube.ide.mcu.externaltools.gnu-tools-for-stm32.14.3.rel1.win32_1.0.100.202602081740/tools/bin/../lib/gcc/arm-none-eabi/14.3.1/thumb/v8-m.main+fp/hard/crtbegin.o
 *(.bss*)
 .bss.__sf      0x2000007c      0x138 C:/ST/STM32CubeIDE_2.1.1/STM32CubeIDE/plugins/com.st.stm32cube.ide.mcu.externaltools.gnu-tools-for-stm32.14.3.rel1.win32_1.0.100.202602081740/tools/bin/../lib/gcc/arm-none-eabi/14.3.1/../../../../arm-none-eabi/lib/thumb/v8-m.main+fp/hard\libc_nano.a(libc_a-findfp.o)
                0x2000007c                __sf
 .bss.__stdio_exit_handler
                0x200001b4        0x4 C:/ST/STM32CubeIDE_2.1.1/STM32CubeIDE/plugins/com.st.stm32cube.ide.mcu.externaltools.gnu-tools-for-stm32.14.3.rel1.win32_1.0.100.202602081740/tools/bin/../lib/gcc/arm-none-eabi/14.3.1/../../../../arm-none-eabi/lib/thumb/v8-m.main+fp/hard\libc_nano.a(libc_a-findfp.o)
                0x200001b4                __stdio_exit_handler
 .bss.hICACHE   0x200001b8        0x8 CMakeFiles/STM32C542R_Project2.dir/generated/hal/mx_icache.c.obj
 .bss.uwTick    0x200001c0        0x4 CMakeFiles/STM32C542R_Project2.dir/stm32c5xx_drivers/hal/stm32c5xx_hal.c.obj
                0x200001c0                uwTick
 *(COMMON)
                0x200001c8                        . = ALIGN (0x8)
 *fill*         0x200001c4        0x4 
                0x200001c8                        _ebss = .
                0x200001c8                        __bss_end__ = _ebss

.heap           0x200001c8      0x200 load address 0x08001b60
                0x200001c8                        . = ALIGN (0x8)
                0x200001c8                        __end__ = .
                [!provide]                        PROVIDE (end = .)
                0x200001c8                        _heap_start = .
                0x200003c8                        . = (. + HEAP_SIZE)
 *fill*         0x200001c8      0x200 
                0x200003c8                        . = ALIGN (0x8)
                0x200003c8                        _heap_end = .
                0x200003c8                        __HeapLimit = .

.stack          0x200003c8      0x400 load address 0x08001b60
                0x200003c8                        . = ALIGN (0x8)
                0x200003c8                        __StackLimit = .
                0x200007c8                        . = (. + STACK_SIZE)
 *fill*         0x200003c8      0x400 
                0x200007c8                        . = ALIGN (0x8)
                0x200007c8                        __StackTop = .
                0x200007c8                        _estack = .
                0x200007c8                        __stack = .

/DISCARD/
 libc.a(*)
 libm.a(*)
 libgcc.a(*)

.ARM.attributes
                0x00000000       0x36
 *(.ARM.attributes)
 .ARM.attributes
                0x00000000       0x26 C:/ST/STM32CubeIDE_2.1.1/STM32CubeIDE/plugins/com.st.stm32cube.ide.mcu.externaltools.gnu-tools-for-stm32.14.3.rel1.win32_1.0.100.202602081740/tools/bin/../lib/gcc/arm-none-eabi/14.3.1/thumb/v8-m.main+fp/hard/crti.o
 .ARM.attributes
                0x00000026       0x38 C:/ST/STM32CubeIDE_2.1.1/STM32CubeIDE/plugins/com.st.stm32cube.ide.mcu.externaltools.gnu-tools-for-stm32.14.3.rel1.win32_1.0.100.202602081740/tools/bin/../lib/gcc/arm-none-eabi/14.3.1/thumb/v8-m.main+fp/hard/crtbegin.o
 .ARM.attributes
                0x0000005e       0x24 C:/ST/STM32CubeIDE_2.1.1/STM32CubeIDE/plugins/com.st.stm32cube.ide.mcu.externaltools.gnu-tools-for-stm32.14.3.rel1.win32_1.0.100.202602081740/tools/bin/../lib/gcc/arm-none-eabi/14.3.1/../../../../arm-none-eabi/lib/thumb/v8-m.main+fp/hard/crt0.o
 .ARM.attributes
                0x00000082       0x38 C:/ST/STM32CubeIDE_2.1.1/STM32CubeIDE/plugins/com.st.stm32cube.ide.mcu.externaltools.gnu-tools-for-stm32.14.3.rel1.win32_1.0.100.202602081740/tools/bin/../lib/gcc/arm-none-eabi/14.3.1/../../../../arm-none-eabi/lib/thumb/v8-m.main+fp/hard\libc_nano.a(libc_a-exit.o)
 .ARM.attributes
                0x000000ba       0x38 C:/ST/STM32CubeIDE_2.1.1/STM32CubeIDE/plugins/com.st.stm32cube.ide.mcu.externaltools.gnu-tools-for-stm32.14.3.rel1.win32_1.0.100.202602081740/tools/bin/../lib/gcc/arm-none-eabi/14.3.1/../../../../arm-none-eabi/lib/thumb/v8-m.main+fp/hard\libc_nano.a(libc_a-findfp.o)
 .ARM.attributes
                0x000000f2       0x38 C:/ST/STM32CubeIDE_2.1.1/STM32CubeIDE/plugins/com.st.stm32cube.ide.mcu.externaltools.gnu-tools-for-stm32.14.3.rel1.win32_1.0.100.202602081740/tools/bin/../lib/gcc/arm-none-eabi/14.3.1/../../../../arm-none-eabi/lib/thumb/v8-m.main+fp/hard\libc_nano.a(libc_a-memset.o)
 .ARM.attributes
                0x0000012a       0x38 C:/ST/STM32CubeIDE_2.1.1/STM32CubeIDE/plugins/com.st.stm32cube.ide.mcu.externaltools.gnu-tools-for-stm32.14.3.rel1.win32_1.0.100.202602081740/tools/bin/../lib/gcc/arm-none-eabi/14.3.1/../../../../arm-none-eabi/lib/thumb/v8-m.main+fp/hard\libc_nano.a(libc_a-impure.o)
 .ARM.attributes
                0x00000162       0x38 C:/ST/STM32CubeIDE_2.1.1/STM32CubeIDE/plugins/com.st.stm32cube.ide.mcu.externaltools.gnu-tools-for-stm32.14.3.rel1.win32_1.0.100.202602081740/tools/bin/../lib/gcc/arm-none-eabi/14.3.1/../../../../arm-none-eabi/lib/thumb/v8-m.main+fp/hard\libc_nano.a(libc_a-init.o)
 .ARM.attributes
                0x0000019a       0x3a CMakeFiles/STM32C542R_Project2.dir/main.c.obj
 .ARM.attributes
                0x000001d4       0x3a CMakeFiles/STM32C542R_Project2.dir/generated/hal/mx_cortex_mpu.c.obj
 .ARM.attributes
                0x0000020e       0x3a CMakeFiles/STM32C542R_Project2.dir/generated/hal/mx_cortex_nvic.c.obj
 .ARM.attributes
                0x00000248       0x3a CMakeFiles/STM32C542R_Project2.dir/generated/hal/mx_gpio_default.c.obj
 .ARM.attributes
                0x00000282       0x3a CMakeFiles/STM32C542R_Project2.dir/generated/hal/mx_icache.c.obj
 .ARM.attributes
                0x000002bc       0x3a CMakeFiles/STM32C542R_Project2.dir/generated/hal/mx_rcc.c.obj
 .ARM.attributes
                0x000002f6       0x3a CMakeFiles/STM32C542R_Project2.dir/generated/hal/mx_system.c.obj
 .ARM.attributes
                0x00000330       0x3a CMakeFiles/STM32C542R_Project2.dir/user_modifiable/Device/STM32C542RCT6/system_stm32c5xx.c.obj
 .ARM.attributes
                0x0000036a       0x3a CMakeFiles/STM32C542R_Project2.dir/user_modifiable/Device/STM32C542RCT6/startup_stm32c542xx.c.obj
 .ARM.attributes
                0x000003a4       0x3a CMakeFiles/STM32C542R_Project2.dir/stm32c5xx_drivers/hal/stm32c5xx_hal.c.obj
 .ARM.attributes
                0x000003de       0x3a CMakeFiles/STM32C542R_Project2.dir/stm32c5xx_drivers/hal/stm32c5xx_hal_cortex.c.obj
 .ARM.attributes
                0x00000418       0x3a CMakeFiles/STM32C542R_Project2.dir/stm32c5xx_drivers/hal/stm32c5xx_hal_flash_itf.c.obj
 .ARM.attributes
                0x00000452       0x3a CMakeFiles/STM32C542R_Project2.dir/stm32c5xx_drivers/hal/stm32c5xx_hal_gpio.c.obj
 .ARM.attributes
                0x0000048c       0x3a CMakeFiles/STM32C542R_Project2.dir/stm32c5xx_drivers/hal/stm32c5xx_hal_icache.c.obj
 .ARM.attributes
                0x000004c6       0x3a CMakeFiles/STM32C542R_Project2.dir/stm32c5xx_drivers/hal/stm32c5xx_hal_rcc.c.obj
 .ARM.attributes
                0x00000500       0x3a CMakeFiles/STM32C542R_Project2.dir/utilities/syscalls/syscalls.c.obj
 .ARM.attributes
                0x0000053a       0x38 C:/ST/STM32CubeIDE_2.1.1/STM32CubeIDE/plugins/com.st.stm32cube.ide.mcu.externaltools.gnu-tools-for-stm32.14.3.rel1.win32_1.0.100.202602081740/tools/bin/../lib/gcc/arm-none-eabi/14.3.1/../../../../arm-none-eabi/lib/thumb/v8-m.main+fp/hard\libc_nano.a(libc_a-errno.o)
 .ARM.attributes
                0x00000572       0x26 C:/ST/STM32CubeIDE_2.1.1/STM32CubeIDE/plugins/com.st.stm32cube.ide.mcu.externaltools.gnu-tools-for-stm32.14.3.rel1.win32_1.0.100.202602081740/tools/bin/../lib/gcc/arm-none-eabi/14.3.1/thumb/v8-m.main+fp/hard/crtn.o
OUTPUT(STM32C542R_Project2.elf elf32-littlearm)
LOAD linker stubs
LOAD C:/ST/STM32CubeIDE_2.1.1/STM32CubeIDE/plugins/com.st.stm32cube.ide.mcu.externaltools.gnu-tools-for-stm32.14.3.rel1.win32_1.0.100.202602081740/tools/bin/../lib/gcc/arm-none-eabi/14.3.1/../../../../arm-none-eabi/lib/thumb/v8-m.main+fp/hard\libc.a
LOAD C:/ST/STM32CubeIDE_2.1.1/STM32CubeIDE/plugins/com.st.stm32cube.ide.mcu.externaltools.gnu-tools-for-stm32.14.3.rel1.win32_1.0.100.202602081740/tools/bin/../lib/gcc/arm-none-eabi/14.3.1/../../../../arm-none-eabi/lib/thumb/v8-m.main+fp/hard\libm.a
LOAD C:/ST/STM32CubeIDE_2.1.1/STM32CubeIDE/plugins/com.st.stm32cube.ide.mcu.externaltools.gnu-tools-for-stm32.14.3.rel1.win32_1.0.100.202602081740/tools/bin/../lib/gcc/arm-none-eabi/14.3.1/thumb/v8-m.main+fp/hard\libgcc.a

.debug_frame    0x00000000     0x52c4
 .debug_frame   0x00000000       0x28 C:/ST/STM32CubeIDE_2.1.1/STM32CubeIDE/plugins/com.st.stm32cube.ide.mcu.externaltools.gnu-tools-for-stm32.14.3.rel1.win32_1.0.100.202602081740/tools/bin/../lib/gcc/arm-none-eabi/14.3.1/../../../../arm-none-eabi/lib/thumb/v8-m.main+fp/hard\libc_nano.a(libc_a-exit.o)
 .debug_frame   0x00000028      0x144 C:/ST/STM32CubeIDE_2.1.1/STM32CubeIDE/plugins/com.st.stm32cube.ide.mcu.externaltools.gnu-tools-for-stm32.14.3.rel1.win32_1.0.100.202602081740/tools/bin/../lib/gcc/arm-none-eabi/14.3.1/../../../../arm-none-eabi/lib/thumb/v8-m.main+fp/hard\libc_nano.a(libc_a-findfp.o)
 .debug_frame   0x0000016c       0x20 C:/ST/STM32CubeIDE_2.1.1/STM32CubeIDE/plugins/com.st.stm32cube.ide.mcu.externaltools.gnu-tools-for-stm32.14.3.rel1.win32_1.0.100.202602081740/tools/bin/../lib/gcc/arm-none-eabi/14.3.1/../../../../arm-none-eabi/lib/thumb/v8-m.main+fp/hard\libc_nano.a(libc_a-memset.o)
 .debug_frame   0x0000018c       0x2c C:/ST/STM32CubeIDE_2.1.1/STM32CubeIDE/plugins/com.st.stm32cube.ide.mcu.externaltools.gnu-tools-for-stm32.14.3.rel1.win32_1.0.100.202602081740/tools/bin/../lib/gcc/arm-none-eabi/14.3.1/../../../../arm-none-eabi/lib/thumb/v8-m.main+fp/hard\libc_nano.a(libc_a-init.o)
 .debug_frame   0x000001b8      0x188 CMakeFiles/STM32C542R_Project2.dir/main.c.obj
 .debug_frame   0x00000340       0x58 CMakeFiles/STM32C542R_Project2.dir/generated/hal/mx_cortex_mpu.c.obj
 .debug_frame   0x00000398       0x2c CMakeFiles/STM32C542R_Project2.dir/generated/hal/mx_cortex_nvic.c.obj
 .debug_frame   0x000003c4       0xac CMakeFiles/STM32C542R_Project2.dir/generated/hal/mx_gpio_default.c.obj
 .debug_frame   0x00000470       0x64 CMakeFiles/STM32C542R_Project2.dir/generated/hal/mx_icache.c.obj
 .debug_frame   0x000004d4       0x6c CMakeFiles/STM32C542R_Project2.dir/generated/hal/mx_rcc.c.obj
 .debug_frame   0x00000540       0x80 CMakeFiles/STM32C542R_Project2.dir/generated/hal/mx_system.c.obj
 .debug_frame   0x000005c0       0x90 CMakeFiles/STM32C542R_Project2.dir/user_modifiable/Device/STM32C542RCT6/system_stm32c5xx.c.obj
 .debug_frame   0x00000650       0x7c CMakeFiles/STM32C542R_Project2.dir/user_modifiable/Device/STM32C542RCT6/startup_stm32c542xx.c.obj
 .debug_frame   0x000006cc      0x424 CMakeFiles/STM32C542R_Project2.dir/stm32c5xx_drivers/hal/stm32c5xx_hal.c.obj
 .debug_frame   0x00000af0      0x850 CMakeFiles/STM32C542R_Project2.dir/stm32c5xx_drivers/hal/stm32c5xx_hal_cortex.c.obj
 .debug_frame   0x00001340     0x15b8 CMakeFiles/STM32C542R_Project2.dir/stm32c5xx_drivers/hal/stm32c5xx_hal_flash_itf.c.obj
 .debug_frame   0x000028f8      0x2e0 CMakeFiles/STM32C542R_Project2.dir/stm32c5xx_drivers/hal/stm32c5xx_hal_gpio.c.obj
 .debug_frame   0x00002bd8      0x6d4 CMakeFiles/STM32C542R_Project2.dir/stm32c5xx_drivers/hal/stm32c5xx_hal_icache.c.obj
 .debug_frame   0x000032ac     0x1d70 CMakeFiles/STM32C542R_Project2.dir/stm32c5xx_drivers/hal/stm32c5xx_hal_rcc.c.obj
 .debug_frame   0x0000501c      0x288 CMakeFiles/STM32C542R_Project2.dir/utilities/syscalls/syscalls.c.obj
 .debug_frame   0x000052a4       0x20 C:/ST/STM32CubeIDE_2.1.1/STM32CubeIDE/plugins/com.st.stm32cube.ide.mcu.externaltools.gnu-tools-for-stm32.14.3.rel1.win32_1.0.100.202602081740/tools/bin/../lib/gcc/arm-none-eabi/14.3.1/../../../../arm-none-eabi/lib/thumb/v8-m.main+fp/hard\libc_nano.a(libc_a-errno.o)

.debug_info     0x00000000     0xddfe
 .debug_info    0x00000000      0xa48 CMakeFiles/STM32C542R_Project2.dir/main.c.obj
 .debug_info    0x00000a48      0x441 CMakeFiles/STM32C542R_Project2.dir/generated/hal/mx_cortex_mpu.c.obj
 .debug_info    0x00000e89      0x155 CMakeFiles/STM32C542R_Project2.dir/generated/hal/mx_cortex_nvic.c.obj
 .debug_info    0x00000fde      0x756 CMakeFiles/STM32C542R_Project2.dir/generated/hal/mx_gpio_default.c.obj
 .debug_info    0x00001734      0x200 CMakeFiles/STM32C542R_Project2.dir/generated/hal/mx_icache.c.obj
 .debug_info    0x00001934      0x50f CMakeFiles/STM32C542R_Project2.dir/generated/hal/mx_rcc.c.obj
 .debug_info    0x00001e43      0x2c7 CMakeFiles/STM32C542R_Project2.dir/generated/hal/mx_system.c.obj
 .debug_info    0x0000210a      0x79e CMakeFiles/STM32C542R_Project2.dir/user_modifiable/Device/STM32C542RCT6/system_stm32c5xx.c.obj
 .debug_info    0x000028a8      0x374 CMakeFiles/STM32C542R_Project2.dir/user_modifiable/Device/STM32C542RCT6/startup_stm32c542xx.c.obj
 .debug_info    0x00002c1c      0xff9 CMakeFiles/STM32C542R_Project2.dir/stm32c5xx_drivers/hal/stm32c5xx_hal.c.obj
 .debug_info    0x00003c15     0x192e CMakeFiles/STM32C542R_Project2.dir/stm32c5xx_drivers/hal/stm32c5xx_hal_cortex.c.obj
 .debug_info    0x00005543     0x2912 CMakeFiles/STM32C542R_Project2.dir/stm32c5xx_drivers/hal/stm32c5xx_hal_flash_itf.c.obj
 .debug_info    0x00007e55     0x1063 CMakeFiles/STM32C542R_Project2.dir/stm32c5xx_drivers/hal/stm32c5xx_hal_gpio.c.obj
 .debug_info    0x00008eb8      0xe71 CMakeFiles/STM32C542R_Project2.dir/stm32c5xx_drivers/hal/stm32c5xx_hal_icache.c.obj
 .debug_info    0x00009d29     0x3a27 CMakeFiles/STM32C542R_Project2.dir/stm32c5xx_drivers/hal/stm32c5xx_hal_rcc.c.obj
 .debug_info    0x0000d750      0x6ae CMakeFiles/STM32C542R_Project2.dir/utilities/syscalls/syscalls.c.obj

.debug_abbrev   0x00000000     0x2152
 .debug_abbrev  0x00000000      0x21e CMakeFiles/STM32C542R_Project2.dir/main.c.obj
 .debug_abbrev  0x0000021e      0x124 CMakeFiles/STM32C542R_Project2.dir/generated/hal/mx_cortex_mpu.c.obj
 .debug_abbrev  0x00000342       0x9a CMakeFiles/STM32C542R_Project2.dir/generated/hal/mx_cortex_nvic.c.obj
 .debug_abbrev  0x000003dc      0x26c CMakeFiles/STM32C542R_Project2.dir/generated/hal/mx_gpio_default.c.obj
 .debug_abbrev  0x00000648      0x129 CMakeFiles/STM32C542R_Project2.dir/generated/hal/mx_icache.c.obj
 .debug_abbrev  0x00000771      0x166 CMakeFiles/STM32C542R_Project2.dir/generated/hal/mx_rcc.c.obj
 .debug_abbrev  0x000008d7      0x140 CMakeFiles/STM32C542R_Project2.dir/generated/hal/mx_system.c.obj
 .debug_abbrev  0x00000a17      0x187 CMakeFiles/STM32C542R_Project2.dir/user_modifiable/Device/STM32C542RCT6/system_stm32c5xx.c.obj
 .debug_abbrev  0x00000b9e      0x21e CMakeFiles/STM32C542R_Project2.dir/user_modifiable/Device/STM32C542RCT6/startup_stm32c542xx.c.obj
 .debug_abbrev  0x00000dbc      0x320 CMakeFiles/STM32C542R_Project2.dir/stm32c5xx_drivers/hal/stm32c5xx_hal.c.obj
 .debug_abbrev  0x000010dc      0x3f2 CMakeFiles/STM32C542R_Project2.dir/stm32c5xx_drivers/hal/stm32c5xx_hal_cortex.c.obj
 .debug_abbrev  0x000014ce      0x227 CMakeFiles/STM32C542R_Project2.dir/stm32c5xx_drivers/hal/stm32c5xx_hal_flash_itf.c.obj
 .debug_abbrev  0x000016f5      0x2c5 CMakeFiles/STM32C542R_Project2.dir/stm32c5xx_drivers/hal/stm32c5xx_hal_gpio.c.obj
 .debug_abbrev  0x000019ba      0x22a CMakeFiles/STM32C542R_Project2.dir/stm32c5xx_drivers/hal/stm32c5xx_hal_icache.c.obj
 .debug_abbrev  0x00001be4      0x356 CMakeFiles/STM32C542R_Project2.dir/stm32c5xx_drivers/hal/stm32c5xx_hal_rcc.c.obj
 .debug_abbrev  0x00001f3a      0x218 CMakeFiles/STM32C542R_Project2.dir/utilities/syscalls/syscalls.c.obj

.debug_aranges  0x00000000     0x1458
 .debug_aranges
                0x00000000       0x70 CMakeFiles/STM32C542R_Project2.dir/main.c.obj
 .debug_aranges
                0x00000070       0x28 CMakeFiles/STM32C542R_Project2.dir/generated/hal/mx_cortex_mpu.c.obj
 .debug_aranges
                0x00000098       0x20 CMakeFiles/STM32C542R_Project2.dir/generated/hal/mx_cortex_nvic.c.obj
 .debug_aranges
                0x000000b8       0x40 CMakeFiles/STM32C542R_Project2.dir/generated/hal/mx_gpio_default.c.obj
 .debug_aranges
                0x000000f8       0x30 CMakeFiles/STM32C542R_Project2.dir/generated/hal/mx_icache.c.obj
 .debug_aranges
                0x00000128       0x30 CMakeFiles/STM32C542R_Project2.dir/generated/hal/mx_rcc.c.obj
 .debug_aranges
                0x00000158       0x38 CMakeFiles/STM32C542R_Project2.dir/generated/hal/mx_system.c.obj
 .debug_aranges
                0x00000190       0x38 CMakeFiles/STM32C542R_Project2.dir/user_modifiable/Device/STM32C542RCT6/system_stm32c5xx.c.obj
 .debug_aranges
                0x000001c8       0x38 CMakeFiles/STM32C542R_Project2.dir/user_modifiable/Device/STM32C542RCT6/startup_stm32c542xx.c.obj
 .debug_aranges
                0x00000200      0x118 CMakeFiles/STM32C542R_Project2.dir/stm32c5xx_drivers/hal/stm32c5xx_hal.c.obj
 .debug_aranges
                0x00000318      0x208 CMakeFiles/STM32C542R_Project2.dir/stm32c5xx_drivers/hal/stm32c5xx_hal_cortex.c.obj
 .debug_aranges
                0x00000520      0x4e8 CMakeFiles/STM32C542R_Project2.dir/stm32c5xx_drivers/hal/stm32c5xx_hal_flash_itf.c.obj
 .debug_aranges
                0x00000a08       0xb8 CMakeFiles/STM32C542R_Project2.dir/stm32c5xx_drivers/hal/stm32c5xx_hal_gpio.c.obj
 .debug_aranges
                0x00000ac0      0x198 CMakeFiles/STM32C542R_Project2.dir/stm32c5xx_drivers/hal/stm32c5xx_hal_icache.c.obj
 .debug_aranges
                0x00000c58      0x758 CMakeFiles/STM32C542R_Project2.dir/stm32c5xx_drivers/hal/stm32c5xx_hal_rcc.c.obj
 .debug_aranges
                0x000013b0       0xa8 CMakeFiles/STM32C542R_Project2.dir/utilities/syscalls/syscalls.c.obj

.debug_rnglists
                0x00000000      0xf14
 .debug_rnglists
                0x00000000       0x51 CMakeFiles/STM32C542R_Project2.dir/main.c.obj
 .debug_rnglists
                0x00000051       0x1a CMakeFiles/STM32C542R_Project2.dir/generated/hal/mx_cortex_mpu.c.obj
 .debug_rnglists
                0x0000006b       0x13 CMakeFiles/STM32C542R_Project2.dir/generated/hal/mx_cortex_nvic.c.obj
 .debug_rnglists
                0x0000007e       0x2c CMakeFiles/STM32C542R_Project2.dir/generated/hal/mx_gpio_default.c.obj
 .debug_rnglists
                0x000000aa       0x1f CMakeFiles/STM32C542R_Project2.dir/generated/hal/mx_icache.c.obj
 .debug_rnglists
                0x000000c9       0x20 CMakeFiles/STM32C542R_Project2.dir/generated/hal/mx_rcc.c.obj
 .debug_rnglists
                0x000000e9       0x26 CMakeFiles/STM32C542R_Project2.dir/generated/hal/mx_system.c.obj
 .debug_rnglists
                0x0000010f       0x26 CMakeFiles/STM32C542R_Project2.dir/user_modifiable/Device/STM32C542RCT6/system_stm32c5xx.c.obj
 .debug_rnglists
                0x00000135       0x26 CMakeFiles/STM32C542R_Project2.dir/user_modifiable/Device/STM32C542RCT6/startup_stm32c542xx.c.obj
 .debug_rnglists
                0x0000015b       0xcd CMakeFiles/STM32C542R_Project2.dir/stm32c5xx_drivers/hal/stm32c5xx_hal.c.obj
 .debug_rnglists
                0x00000228      0x181 CMakeFiles/STM32C542R_Project2.dir/stm32c5xx_drivers/hal/stm32c5xx_hal_cortex.c.obj
 .debug_rnglists
                0x000003a9      0x3aa CMakeFiles/STM32C542R_Project2.dir/stm32c5xx_drivers/hal/stm32c5xx_hal_flash_itf.c.obj
 .debug_rnglists
                0x00000753       0x8c CMakeFiles/STM32C542R_Project2.dir/stm32c5xx_drivers/hal/stm32c5xx_hal_gpio.c.obj
 .debug_rnglists
                0x000007df      0x12d CMakeFiles/STM32C542R_Project2.dir/stm32c5xx_drivers/hal/stm32c5xx_hal_icache.c.obj
 .debug_rnglists
                0x0000090c      0x58f CMakeFiles/STM32C542R_Project2.dir/stm32c5xx_drivers/hal/stm32c5xx_hal_rcc.c.obj
 .debug_rnglists
                0x00000e9b       0x79 CMakeFiles/STM32C542R_Project2.dir/utilities/syscalls/syscalls.c.obj

.debug_macro    0x00000000    0x1ae47
 .debug_macro   0x00000000      0x30f CMakeFiles/STM32C542R_Project2.dir/main.c.obj
 .debug_macro   0x0000030f      0xb8c CMakeFiles/STM32C542R_Project2.dir/main.c.obj
 .debug_macro   0x00000e9b       0x11 CMakeFiles/STM32C542R_Project2.dir/main.c.obj
 .debug_macro   0x00000eac      0x190 CMakeFiles/STM32C542R_Project2.dir/main.c.obj
 .debug_macro   0x0000103c      0x60c CMakeFiles/STM32C542R_Project2.dir/main.c.obj
 .debug_macro   0x00001648       0x2e CMakeFiles/STM32C542R_Project2.dir/main.c.obj
 .debug_macro   0x00001676       0x42 CMakeFiles/STM32C542R_Project2.dir/main.c.obj
 .debug_macro   0x000016b8       0x22 CMakeFiles/STM32C542R_Project2.dir/main.c.obj
 .debug_macro   0x000016da       0x8e CMakeFiles/STM32C542R_Project2.dir/main.c.obj
 .debug_macro   0x00001768       0x51 CMakeFiles/STM32C542R_Project2.dir/main.c.obj
 .debug_macro   0x000017b9      0x103 CMakeFiles/STM32C542R_Project2.dir/main.c.obj
 .debug_macro   0x000018bc       0x6a CMakeFiles/STM32C542R_Project2.dir/main.c.obj
 .debug_macro   0x00001926      0x1df CMakeFiles/STM32C542R_Project2.dir/main.c.obj
 .debug_macro   0x00001b05       0x2e CMakeFiles/STM32C542R_Project2.dir/main.c.obj
 .debug_macro   0x00001b33       0x18 CMakeFiles/STM32C542R_Project2.dir/main.c.obj
 .debug_macro   0x00001b4b       0x58 CMakeFiles/STM32C542R_Project2.dir/main.c.obj
 .debug_macro   0x00001ba3      0x26d CMakeFiles/STM32C542R_Project2.dir/main.c.obj
 .debug_macro   0x00001e10       0x28 CMakeFiles/STM32C542R_Project2.dir/main.c.obj
 .debug_macro   0x00001e38     0x16f5 CMakeFiles/STM32C542R_Project2.dir/main.c.obj
 .debug_macro   0x0000352d      0x130 CMakeFiles/STM32C542R_Project2.dir/main.c.obj
 .debug_macro   0x0000365d    0x120e7 CMakeFiles/STM32C542R_Project2.dir/main.c.obj
 .debug_macro   0x00015744       0x93 CMakeFiles/STM32C542R_Project2.dir/main.c.obj
 .debug_macro   0x000157d7       0x61 CMakeFiles/STM32C542R_Project2.dir/main.c.obj
 .debug_macro   0x00015838       0x2a CMakeFiles/STM32C542R_Project2.dir/main.c.obj
 .debug_macro   0x00015862       0x43 CMakeFiles/STM32C542R_Project2.dir/main.c.obj
 .debug_macro   0x000158a5       0x34 CMakeFiles/STM32C542R_Project2.dir/main.c.obj
 .debug_macro   0x000158d9      0x364 CMakeFiles/STM32C542R_Project2.dir/main.c.obj
 .debug_macro   0x00015c3d       0x16 CMakeFiles/STM32C542R_Project2.dir/main.c.obj
 .debug_macro   0x00015c53       0x4a CMakeFiles/STM32C542R_Project2.dir/main.c.obj
 .debug_macro   0x00015c9d       0x34 CMakeFiles/STM32C542R_Project2.dir/main.c.obj
 .debug_macro   0x00015cd1       0x10 CMakeFiles/STM32C542R_Project2.dir/main.c.obj
 .debug_macro   0x00015ce1       0x58 CMakeFiles/STM32C542R_Project2.dir/main.c.obj
 .debug_macro   0x00015d39       0x8e CMakeFiles/STM32C542R_Project2.dir/main.c.obj
 .debug_macro   0x00015dc7       0x1c CMakeFiles/STM32C542R_Project2.dir/main.c.obj
 .debug_macro   0x00015de3      0x17e CMakeFiles/STM32C542R_Project2.dir/main.c.obj
 .debug_macro   0x00015f61      0x19b CMakeFiles/STM32C542R_Project2.dir/main.c.obj
 .debug_macro   0x000160fc       0x51 CMakeFiles/STM32C542R_Project2.dir/main.c.obj
 .debug_macro   0x0001614d       0x58 CMakeFiles/STM32C542R_Project2.dir/main.c.obj
 .debug_macro   0x000161a5       0x10 CMakeFiles/STM32C542R_Project2.dir/main.c.obj
 .debug_macro   0x000161b5       0x22 CMakeFiles/STM32C542R_Project2.dir/main.c.obj
 .debug_macro   0x000161d7      0x6ca CMakeFiles/STM32C542R_Project2.dir/main.c.obj
 .debug_macro   0x000168a1      0x1f4 CMakeFiles/STM32C542R_Project2.dir/main.c.obj
 .debug_macro   0x00016a95       0xda CMakeFiles/STM32C542R_Project2.dir/main.c.obj
 .debug_macro   0x00016b6f       0x35 CMakeFiles/STM32C542R_Project2.dir/main.c.obj
 .debug_macro   0x00016ba4      0x161 CMakeFiles/STM32C542R_Project2.dir/main.c.obj
 .debug_macro   0x00016d05      0x79e CMakeFiles/STM32C542R_Project2.dir/main.c.obj
 .debug_macro   0x000174a3       0x1f CMakeFiles/STM32C542R_Project2.dir/main.c.obj
 .debug_macro   0x000174c2      0x439 CMakeFiles/STM32C542R_Project2.dir/main.c.obj
 .debug_macro   0x000178fb       0x22 CMakeFiles/STM32C542R_Project2.dir/main.c.obj
 .debug_macro   0x0001791d       0xd7 CMakeFiles/STM32C542R_Project2.dir/main.c.obj
 .debug_macro   0x000179f4       0x27 CMakeFiles/STM32C542R_Project2.dir/main.c.obj
 .debug_macro   0x00017a1b       0x57 CMakeFiles/STM32C542R_Project2.dir/main.c.obj
 .debug_macro   0x00017a72       0x12 CMakeFiles/STM32C542R_Project2.dir/main.c.obj
 .debug_macro   0x00017a84       0x64 CMakeFiles/STM32C542R_Project2.dir/main.c.obj
 .debug_macro   0x00017ae8       0x1c CMakeFiles/STM32C542R_Project2.dir/main.c.obj
 .debug_macro   0x00017b04       0x3c CMakeFiles/STM32C542R_Project2.dir/main.c.obj
 .debug_macro   0x00017b40       0x10 CMakeFiles/STM32C542R_Project2.dir/main.c.obj
 .debug_macro   0x00017b50       0x1c CMakeFiles/STM32C542R_Project2.dir/main.c.obj
 .debug_macro   0x00017b6c       0x16 CMakeFiles/STM32C542R_Project2.dir/main.c.obj
 .debug_macro   0x00017b82      0x146 CMakeFiles/STM32C542R_Project2.dir/main.c.obj
 .debug_macro   0x00017cc8      0x292 CMakeFiles/STM32C542R_Project2.dir/generated/hal/mx_cortex_mpu.c.obj
 .debug_macro   0x00017f5a      0x292 CMakeFiles/STM32C542R_Project2.dir/generated/hal/mx_cortex_nvic.c.obj
 .debug_macro   0x000181ec      0x297 CMakeFiles/STM32C542R_Project2.dir/generated/hal/mx_gpio_default.c.obj
 .debug_macro   0x00018483       0x5e CMakeFiles/STM32C542R_Project2.dir/generated/hal/mx_gpio_default.c.obj
 .debug_macro   0x000184e1      0x284 CMakeFiles/STM32C542R_Project2.dir/generated/hal/mx_icache.c.obj
 .debug_macro   0x00018765      0x292 CMakeFiles/STM32C542R_Project2.dir/generated/hal/mx_rcc.c.obj
 .debug_macro   0x000189f7      0x2cd CMakeFiles/STM32C542R_Project2.dir/generated/hal/mx_system.c.obj
 .debug_macro   0x00018cc4      0x1a5 CMakeFiles/STM32C542R_Project2.dir/user_modifiable/Device/STM32C542RCT6/system_stm32c5xx.c.obj
 .debug_macro   0x00018e69       0xe1 CMakeFiles/STM32C542R_Project2.dir/user_modifiable/Device/STM32C542RCT6/startup_stm32c542xx.c.obj
 .debug_macro   0x00018f4a      0x2b0 CMakeFiles/STM32C542R_Project2.dir/stm32c5xx_drivers/hal/stm32c5xx_hal.c.obj
 .debug_macro   0x000191fa      0x30d CMakeFiles/STM32C542R_Project2.dir/stm32c5xx_drivers/hal/stm32c5xx_hal_cortex.c.obj
 .debug_macro   0x00019507      0x329 CMakeFiles/STM32C542R_Project2.dir/stm32c5xx_drivers/hal/stm32c5xx_hal_flash_itf.c.obj
 .debug_macro   0x00019830      0x2d5 CMakeFiles/STM32C542R_Project2.dir/stm32c5xx_drivers/hal/stm32c5xx_hal_gpio.c.obj
 .debug_macro   0x00019b05      0x2b9 CMakeFiles/STM32C542R_Project2.dir/stm32c5xx_drivers/hal/stm32c5xx_hal_icache.c.obj
 .debug_macro   0x00019dbe      0x3e6 CMakeFiles/STM32C542R_Project2.dir/stm32c5xx_drivers/hal/stm32c5xx_hal_rcc.c.obj
 .debug_macro   0x0001a1a4      0x27d CMakeFiles/STM32C542R_Project2.dir/utilities/syscalls/syscalls.c.obj
 .debug_macro   0x0001a421       0x5b CMakeFiles/STM32C542R_Project2.dir/utilities/syscalls/syscalls.c.obj
 .debug_macro   0x0001a47c       0x94 CMakeFiles/STM32C542R_Project2.dir/utilities/syscalls/syscalls.c.obj
 .debug_macro   0x0001a510       0x57 CMakeFiles/STM32C542R_Project2.dir/utilities/syscalls/syscalls.c.obj
 .debug_macro   0x0001a567       0x10 CMakeFiles/STM32C542R_Project2.dir/utilities/syscalls/syscalls.c.obj
 .debug_macro   0x0001a577       0x10 CMakeFiles/STM32C542R_Project2.dir/utilities/syscalls/syscalls.c.obj
 .debug_macro   0x0001a587       0x10 CMakeFiles/STM32C542R_Project2.dir/utilities/syscalls/syscalls.c.obj
 .debug_macro   0x0001a597       0x10 CMakeFiles/STM32C542R_Project2.dir/utilities/syscalls/syscalls.c.obj
 .debug_macro   0x0001a5a7       0x1c CMakeFiles/STM32C542R_Project2.dir/utilities/syscalls/syscalls.c.obj
 .debug_macro   0x0001a5c3       0x52 CMakeFiles/STM32C542R_Project2.dir/utilities/syscalls/syscalls.c.obj
 .debug_macro   0x0001a615       0x22 CMakeFiles/STM32C542R_Project2.dir/utilities/syscalls/syscalls.c.obj
 .debug_macro   0x0001a637       0x10 CMakeFiles/STM32C542R_Project2.dir/utilities/syscalls/syscalls.c.obj
 .debug_macro   0x0001a647       0x52 CMakeFiles/STM32C542R_Project2.dir/utilities/syscalls/syscalls.c.obj
 .debug_macro   0x0001a699       0xcf CMakeFiles/STM32C542R_Project2.dir/utilities/syscalls/syscalls.c.obj
 .debug_macro   0x0001a768       0x1c CMakeFiles/STM32C542R_Project2.dir/utilities/syscalls/syscalls.c.obj
 .debug_macro   0x0001a784       0x3d CMakeFiles/STM32C542R_Project2.dir/utilities/syscalls/syscalls.c.obj
 .debug_macro   0x0001a7c1       0x35 CMakeFiles/STM32C542R_Project2.dir/utilities/syscalls/syscalls.c.obj
 .debug_macro   0x0001a7f6      0x12c CMakeFiles/STM32C542R_Project2.dir/utilities/syscalls/syscalls.c.obj
 .debug_macro   0x0001a922       0x16 CMakeFiles/STM32C542R_Project2.dir/utilities/syscalls/syscalls.c.obj
 .debug_macro   0x0001a938       0x16 CMakeFiles/STM32C542R_Project2.dir/utilities/syscalls/syscalls.c.obj
 .debug_macro   0x0001a94e       0x29 CMakeFiles/STM32C542R_Project2.dir/utilities/syscalls/syscalls.c.obj
 .debug_macro   0x0001a977       0x10 CMakeFiles/STM32C542R_Project2.dir/utilities/syscalls/syscalls.c.obj
 .debug_macro   0x0001a987      0x242 CMakeFiles/STM32C542R_Project2.dir/utilities/syscalls/syscalls.c.obj
 .debug_macro   0x0001abc9       0x10 CMakeFiles/STM32C542R_Project2.dir/utilities/syscalls/syscalls.c.obj
 .debug_macro   0x0001abd9      0x18a CMakeFiles/STM32C542R_Project2.dir/utilities/syscalls/syscalls.c.obj
 .debug_macro   0x0001ad63       0x16 CMakeFiles/STM32C542R_Project2.dir/utilities/syscalls/syscalls.c.obj
 .debug_macro   0x0001ad79       0xce CMakeFiles/STM32C542R_Project2.dir/utilities/syscalls/syscalls.c.obj

.debug_line     0x00000000     0xf356
 .debug_line    0x00000000      0xd15 CMakeFiles/STM32C542R_Project2.dir/main.c.obj
 .debug_line    0x00000d15      0xa6b CMakeFiles/STM32C542R_Project2.dir/generated/hal/mx_cortex_mpu.c.obj
 .debug_line    0x00001780      0xa12 CMakeFiles/STM32C542R_Project2.dir/generated/hal/mx_cortex_nvic.c.obj
 .debug_line    0x00002192      0xadb CMakeFiles/STM32C542R_Project2.dir/generated/hal/mx_gpio_default.c.obj
 .debug_line    0x00002c6d      0xa34 CMakeFiles/STM32C542R_Project2.dir/generated/hal/mx_icache.c.obj
 .debug_line    0x000036a1      0xa90 CMakeFiles/STM32C542R_Project2.dir/generated/hal/mx_rcc.c.obj
 .debug_line    0x00004131      0xb3e CMakeFiles/STM32C542R_Project2.dir/generated/hal/mx_system.c.obj
 .debug_line    0x00004c6f      0x852 CMakeFiles/STM32C542R_Project2.dir/user_modifiable/Device/STM32C542RCT6/system_stm32c5xx.c.obj
 .debug_line    0x000054c1      0x74c CMakeFiles/STM32C542R_Project2.dir/user_modifiable/Device/STM32C542RCT6/startup_stm32c542xx.c.obj
 .debug_line    0x00005c0d      0xdd8 CMakeFiles/STM32C542R_Project2.dir/stm32c5xx_drivers/hal/stm32c5xx_hal.c.obj
 .debug_line    0x000069e5     0x132f CMakeFiles/STM32C542R_Project2.dir/stm32c5xx_drivers/hal/stm32c5xx_hal_cortex.c.obj
 .debug_line    0x00007d14     0x1f30 CMakeFiles/STM32C542R_Project2.dir/stm32c5xx_drivers/hal/stm32c5xx_hal_flash_itf.c.obj
 .debug_line    0x00009c44      0xfef CMakeFiles/STM32C542R_Project2.dir/stm32c5xx_drivers/hal/stm32c5xx_hal_gpio.c.obj
 .debug_line    0x0000ac33     0x1049 CMakeFiles/STM32C542R_Project2.dir/stm32c5xx_drivers/hal/stm32c5xx_hal_icache.c.obj
 .debug_line    0x0000bc7c     0x2d8e CMakeFiles/STM32C542R_Project2.dir/stm32c5xx_drivers/hal/stm32c5xx_hal_rcc.c.obj
 .debug_line    0x0000ea0a      0x94c CMakeFiles/STM32C542R_Project2.dir/utilities/syscalls/syscalls.c.obj

.debug_str      0x00000000    0x99400
 .debug_str     0x00000000    0x99400 CMakeFiles/STM32C542R_Project2.dir/main.c.obj
                              0x8a3e4 (size before relaxing)
 .debug_str     0x00099400    0x89e16 CMakeFiles/STM32C542R_Project2.dir/generated/hal/mx_cortex_mpu.c.obj
 .debug_str     0x00099400    0x89789 CMakeFiles/STM32C542R_Project2.dir/generated/hal/mx_cortex_nvic.c.obj
 .debug_str     0x00099400    0x89e0c CMakeFiles/STM32C542R_Project2.dir/generated/hal/mx_gpio_default.c.obj
 .debug_str     0x00099400    0x89724 CMakeFiles/STM32C542R_Project2.dir/generated/hal/mx_icache.c.obj
 .debug_str     0x00099400    0x89e1e CMakeFiles/STM32C542R_Project2.dir/generated/hal/mx_rcc.c.obj
 .debug_str     0x00099400    0x89ae6 CMakeFiles/STM32C542R_Project2.dir/generated/hal/mx_system.c.obj
 .debug_str     0x00099400    0x7c213 CMakeFiles/STM32C542R_Project2.dir/user_modifiable/Device/STM32C542RCT6/system_stm32c5xx.c.obj
 .debug_str     0x00099400    0x779e8 CMakeFiles/STM32C542R_Project2.dir/user_modifiable/Device/STM32C542RCT6/startup_stm32c542xx.c.obj
 .debug_str     0x00099400    0x8a9a2 CMakeFiles/STM32C542R_Project2.dir/stm32c5xx_drivers/hal/stm32c5xx_hal.c.obj
 .debug_str     0x00099400    0x8c1a4 CMakeFiles/STM32C542R_Project2.dir/stm32c5xx_drivers/hal/stm32c5xx_hal_cortex.c.obj
 .debug_str     0x00099400    0x8c346 CMakeFiles/STM32C542R_Project2.dir/stm32c5xx_drivers/hal/stm32c5xx_hal_flash_itf.c.obj
 .debug_str     0x00099400    0x8a4c9 CMakeFiles/STM32C542R_Project2.dir/stm32c5xx_drivers/hal/stm32c5xx_hal_gpio.c.obj
 .debug_str     0x00099400    0x8a35f CMakeFiles/STM32C542R_Project2.dir/stm32c5xx_drivers/hal/stm32c5xx_hal_icache.c.obj
 .debug_str     0x00099400    0x8ef40 CMakeFiles/STM32C542R_Project2.dir/stm32c5xx_drivers/hal/stm32c5xx_hal_rcc.c.obj
 .debug_str     0x00099400     0x9f78 CMakeFiles/STM32C542R_Project2.dir/utilities/syscalls/syscalls.c.obj

.comment        0x00000000       0x43
 .comment       0x00000000       0x43 CMakeFiles/STM32C542R_Project2.dir/main.c.obj
                                 0x44 (size before relaxing)
 .comment       0x00000043       0x44 CMakeFiles/STM32C542R_Project2.dir/generated/hal/mx_cortex_mpu.c.obj
 .comment       0x00000043       0x44 CMakeFiles/STM32C542R_Project2.dir/generated/hal/mx_cortex_nvic.c.obj
 .comment       0x00000043       0x44 CMakeFiles/STM32C542R_Project2.dir/generated/hal/mx_gpio_default.c.obj
 .comment       0x00000043       0x44 CMakeFiles/STM32C542R_Project2.dir/generated/hal/mx_icache.c.obj
 .comment       0x00000043       0x44 CMakeFiles/STM32C542R_Project2.dir/generated/hal/mx_rcc.c.obj
 .comment       0x00000043       0x44 CMakeFiles/STM32C542R_Project2.dir/generated/hal/mx_system.c.obj
 .comment       0x00000043       0x44 CMakeFiles/STM32C542R_Project2.dir/user_modifiable/Device/STM32C542RCT6/system_stm32c5xx.c.obj
 .comment       0x00000043       0x44 CMakeFiles/STM32C542R_Project2.dir/user_modifiable/Device/STM32C542RCT6/startup_stm32c542xx.c.obj
 .comment       0x00000043       0x44 CMakeFiles/STM32C542R_Project2.dir/stm32c5xx_drivers/hal/stm32c5xx_hal.c.obj
 .comment       0x00000043       0x44 CMakeFiles/STM32C542R_Project2.dir/stm32c5xx_drivers/hal/stm32c5xx_hal_cortex.c.obj
 .comment       0x00000043       0x44 CMakeFiles/STM32C542R_Project2.dir/stm32c5xx_drivers/hal/stm32c5xx_hal_flash_itf.c.obj
 .comment       0x00000043       0x44 CMakeFiles/STM32C542R_Project2.dir/stm32c5xx_drivers/hal/stm32c5xx_hal_gpio.c.obj
 .comment       0x00000043       0x44 CMakeFiles/STM32C542R_Project2.dir/stm32c5xx_drivers/hal/stm32c5xx_hal_icache.c.obj
 .comment       0x00000043       0x44 CMakeFiles/STM32C542R_Project2.dir/stm32c5xx_drivers/hal/stm32c5xx_hal_rcc.c.obj
 .comment       0x00000043       0x44 CMakeFiles/STM32C542R_Project2.dir/utilities/syscalls/syscalls.c.obj
